../Core/Src/autonav.c:134:14:clampf_local	24	static
../Core/Src/autonav.c:141:12:clampi_local	24	static
../Core/Src/autonav.c:148:14:norm180	16	static
../Core/Src/autonav.c:155:14:deg_to_rad	16	static
../Core/Src/autonav.c:160:14:yaw_error_deg	16	static
../Core/Src/autonav.c:165:16:opposite_dir	16	static
../Core/Src/autonav.c:170:13:cell_valid	16	static
../Core/Src/autonav.c:176:12:manhattan	24	static
../Core/Src/autonav.c:185:15:current_cell_from_pose	24	static
../Core/Src/autonav.c:193:17:quantize_heading	32	static
../Core/Src/autonav.c:207:17:dir_between	24	static
../Core/Src/autonav.c:217:12:turn_cost	24	static
../Core/Src/autonav.c:225:12:sector_index_from_rel_deg	24	static
../Core/Src/autonav.c:234:13:reset_sector_buffers	16	static
../Core/Src/autonav.c:245:13:world_to_grid	32	static
../Core/Src/autonav.c:257:13:ogm_add	32	static
../Core/Src/autonav.c:266:13:ogm_trace_free	64	static
../Core/Src/autonav.c:291:12:ogm_score_at	40	static
../Core/Src/autonav.c:310:13:update_ogm_ray	56	static
../Core/Src/autonav.c:326:13:store_scan_point	32	static
../Core/Src/autonav.c:336:14:scan_match_candidate_score	64	static
../Core/Src/autonav.c:359:13:run_scan_match	48	static
../Core/Src/autonav.c:403:14:sector_clearance	32	static
../Core/Src/autonav.c:416:14:dir_clearance	24	static
../Core/Src/autonav.c:422:14:estimate_wall_angle_error	32	static
../Core/Src/autonav.c:444:16:update_edge	40	static
../Core/Src/autonav.c:462:13:collect_metrics	64	static
../Core/Src/autonav.c:506:13:update_topology_from_metrics	32	static
../Core/Src/autonav.c:524:13:edge_passable	40	static
../Core/Src/autonav.c:543:13:astar_plan	416	static
../Core/Src/autonav.c:626:13:choose_goal_directed_step	56	static
../Core/Src/autonav.c:656:13:choose_frontier_step	48	static
../Core/Src/autonav.c:682:13:is_goal_reached	24	static
../Core/Src/autonav.c:697:13:needs_wall_adjust	16	static
../Core/Src/autonav.c:704:13:is_straight_safe	16	static
../Core/Src/autonav.c:713:22:evaluate_local_window	40	static
../Core/Src/autonav.c:732:14:compute_micro_adjust_deg	24	static
../Core/Src/autonav.c:747:13:publish_status	24	static
../Core/Src/autonav.c:763:13:format_metrics_status	56	static
../Core/Src/autonav.c:773:13:enter_state	16	static
../Core/Src/autonav.c:783:13:issue_turn_to_dir	24	static
../Core/Src/autonav.c:793:13:issue_move_cell	4	static
../Core/Src/autonav.c:800:13:issue_micro_adjust	16	static
../Core/Src/autonav.c:816:13:select_goal_for_mode	16	static
../Core/Src/autonav.c:827:13:start_mode	16	static
../Core/Src/autonav.c:845:13:handle_plan	152	static
../Core/Src/autonav.c:891:13:step_state_machine	144	static
../Core/Src/autonav.c:1043:6:AutoNav_Init	8	static
../Core/Src/autonav.c:1064:6:AutoNav_StartToExit	8	static
../Core/Src/autonav.c:1069:6:AutoNav_ReturnToStart	8	static
../Core/Src/autonav.c:1074:6:AutoNav_Stop	8	static
../Core/Src/autonav.c:1081:6:AutoNav_ObserveLidar	32	static
../Core/Src/autonav.c:1105:6:AutoNav_NotifyScanStart	16	static
../Core/Src/autonav.c:1118:6:AutoNav_Tick	64	static
../Core/Src/autonav.c:1148:6:AutoNavTask	16	static
../Core/Src/autonav.c:1157:6:AutoNav_IsActive	4	static
../Core/Src/autonav.c:1162:15:AutoNav_GetMode	4	static
../Core/Src/autonav.c:1167:16:AutoNav_GetState	4	static
../Core/Src/autonav.c:1172:6:AutoNav_GetMetrics	24	static
../Core/Src/autonav.c:1179:6:AutoNav_GetStatusLine	16	static
../Core/Src/autonav.c:1186:13:AutoNav_StateName	16	static
