../Core/Src/autonav.c:166:14:clampf_local	24	static
../Core/Src/autonav.c:173:12:clampi_local	24	static
../Core/Src/autonav.c:180:14:norm180	16	static
../Core/Src/autonav.c:187:14:deg_to_rad	16	static
../Core/Src/autonav.c:192:14:yaw_error_deg	16	static
../Core/Src/autonav.c:197:13:autonav_lock	8	static
../Core/Src/autonav.c:202:13:autonav_unlock	8	static
../Core/Src/autonav.c:207:16:opposite_dir	16	static
../Core/Src/autonav.c:212:13:cell_valid	16	static
../Core/Src/autonav.c:218:12:manhattan	24	static
../Core/Src/autonav.c:227:15:current_cell_from_pose	24	static
../Core/Src/autonav.c:235:13:capture_nav_origin_at	16	static
../Core/Src/autonav.c:245:13:capture_nav_origin	16	static
../Core/Src/autonav.c:251:13:odom_to_nav_pose	48	static
../Core/Src/autonav.c:268:13:dry_pose	24	static
../Core/Src/autonav.c:275:14:current_nav_yaw	4	static
../Core/Src/autonav.c:290:17:quantize_heading	32	static
../Core/Src/autonav.c:304:17:dir_between	24	static
../Core/Src/autonav.c:314:12:turn_cost	24	static
../Core/Src/autonav.c:322:12:sector_index_from_rel_deg	24	static
../Core/Src/autonav.c:331:13:reset_sector_buffers	16	static
../Core/Src/autonav.c:342:13:world_to_grid	32	static
../Core/Src/autonav.c:354:13:ogm_add	32	static
../Core/Src/autonav.c:363:13:ogm_trace_free	64	static
../Core/Src/autonav.c:388:12:ogm_score_at	40	static
../Core/Src/autonav.c:407:13:update_ogm_body_point	80	static
../Core/Src/autonav.c:426:13:integrate_scan_points	40	static
../Core/Src/autonav.c:435:13:store_scan_point	32	static
../Core/Src/autonav.c:445:13:freeze_match_points_locked	24	static
../Core/Src/autonav.c:460:14:scan_match_candidate_score	72	static
../Core/Src/autonav.c:484:13:run_scan_match	936	static
../Core/Src/autonav.c:556:20:sector_clearance_ex	48	static
../Core/Src/autonav.c:580:20:dir_clearance_ex	32	static
../Core/Src/autonav.c:586:14:estimate_wall_angle_error	48	static
../Core/Src/autonav.c:608:16:update_edge	40	static
../Core/Src/autonav.c:626:13:collect_metrics	96	static
../Core/Src/autonav.c:698:13:update_topology_from_metrics	40	static
../Core/Src/autonav.c:719:13:edge_passable	40	static
../Core/Src/autonav.c:738:13:astar_plan	416	static
../Core/Src/autonav.c:821:13:choose_goal_directed_step	56	static
../Core/Src/autonav.c:851:13:choose_frontier_step	48	static
../Core/Src/autonav.c:877:13:is_goal_reached	24	static
../Core/Src/autonav.c:892:13:needs_wall_adjust	24	static
../Core/Src/autonav.c:902:13:is_straight_safe	16	static
../Core/Src/autonav.c:913:22:evaluate_local_window	40	static
../Core/Src/autonav.c:937:14:compute_micro_adjust_deg	24	static
../Core/Src/autonav.c:952:13:publish_status	24	static
../Core/Src/autonav.c:968:13:format_metrics_status	56	static
../Core/Src/autonav.c:978:13:enter_state	16	static
../Core/Src/autonav.c:988:13:issue_turn_to_dir	24	static
../Core/Src/autonav.c:998:13:issue_move_cell	4	static
../Core/Src/autonav.c:1005:13:issue_micro_adjust	16	static
../Core/Src/autonav.c:1021:13:select_goal_for_mode	16	static
../Core/Src/autonav.c:1032:15:start_cell_for_mode	24	static
../Core/Src/autonav.c:1045:14:start_yaw_for_mode	16	static
../Core/Src/autonav.c:1050:13:start_mode	24	static
../Core/Src/autonav.c:1073:13:switch_to_return_mode	8	static
../Core/Src/autonav.c:1085:13:handle_plan	152	static
../Core/Src/autonav.c:1131:13:step_state_machine	144	static
../Core/Src/autonav.c:1306:6:AutoNav_Init	8	static
../Core/Src/autonav.c:1336:6:AutoNav_StartToExit	8	static
../Core/Src/autonav.c:1341:6:AutoNav_ReturnToStart	8	static
../Core/Src/autonav.c:1346:6:AutoNav_Stop	8	static
../Core/Src/autonav.c:1353:6:AutoNav_ObserveLidar	32	static
../Core/Src/autonav.c:1377:6:AutoNav_NotifyScanStart	16	static
../Core/Src/autonav.c:1402:6:AutoNav_Tick	64	static
../Core/Src/autonav.c:1432:6:AutoNavTask	16	static
../Core/Src/autonav.c:1441:6:AutoNav_IsActive	4	static
../Core/Src/autonav.c:1446:15:AutoNav_GetMode	4	static
../Core/Src/autonav.c:1451:16:AutoNav_GetState	4	static
../Core/Src/autonav.c:1456:6:AutoNav_GetMetrics	24	static
../Core/Src/autonav.c:1463:6:AutoNav_GetStatusLine	16	static
../Core/Src/autonav.c:1470:13:AutoNav_StateName	16	static
