../Core/Src/bt_cmd.c:75:14:yawError	24	static
../Core/Src/bt_cmd.c:84:6:BtCmd_Init	8	static
../Core/Src/bt_cmd.c:115:6:BtCmd_ExecutePreciseMove	16	static
../Core/Src/bt_cmd.c:136:6:BtCmd_ExecutePreciseTurn	16	static
../Core/Src/bt_cmd.c:152:12:simple_atoi	24	static
../Core/Src/bt_cmd.c:162:6:BtCmd_ProcessByte	32	static
../Core/Src/bt_cmd.c:230:13:updateTurnControl	32	static
../Core/Src/bt_cmd.c:272:13:updateMoveControl	64	static
../Core/Src/bt_cmd.c:328:13:updateSimpleControl	56	static
../Core/Src/bt_cmd.c:372:6:BtCmd_UpdateMotorControl	16	static
