../Core/Src/bt_cmd.c:76:14:yawError	24	static
../Core/Src/bt_cmd.c:85:6:BtCmd_Init	8	static
../Core/Src/bt_cmd.c:116:6:BtCmd_ExecutePreciseMove	16	static
../Core/Src/bt_cmd.c:137:6:BtCmd_ExecutePreciseTurn	16	static
../Core/Src/bt_cmd.c:153:12:simple_atoi	24	static
../Core/Src/bt_cmd.c:163:6:BtCmd_ProcessByte	32	static
../Core/Src/bt_cmd.c:248:13:updateTurnControl	32	static
../Core/Src/bt_cmd.c:290:13:updateMoveControl	64	static
../Core/Src/bt_cmd.c:346:13:updateSimpleControl	56	static
../Core/Src/bt_cmd.c:390:6:BtCmd_UpdateMotorControl	16	static
