../Core/Src/main.c:108:5:main	240	static
../Core/Src/main.c:225:6:SystemClock_Config	88	static
../Core/Src/main.c:280:13:MX_ADC1_Init	56	static
../Core/Src/main.c:383:13:MX_I2C1_Init	8	static
../Core/Src/main.c:417:13:MX_TIM1_Init	56	static
../Core/Src/main.c:467:13:MX_TIM2_Init	48	static
../Core/Src/main.c:520:13:MX_TIM3_Init	56	static
../Core/Src/main.c:569:13:MX_UART4_Init	8	static
../Core/Src/main.c:602:13:MX_UART5_Init	8	static
../Core/Src/main.c:635:13:MX_USART1_UART_Init	8	static
../Core/Src/main.c:668:13:MX_USART2_UART_Init	8	static
../Core/Src/main.c:699:13:MX_DMA_Init	16	static
../Core/Src/main.c:730:13:MX_GPIO_Init	48	static
../Core/Src/main.c:781:6:StartDefaultTask	16	static
../Core/Src/main.c:796:6:Error_Handler	4	static,ignoring_inline_asm
