../Core/Src/motor.c:21:19:clamp	24	static
../Core/Src/motor.c:29:24:duty_to_pwm	16	static
../Core/Src/motor.c:35:6:Motor_Init	8	static
../Core/Src/motor.c:42:6:Motor_SetLeft	16	static
../Core/Src/motor.c:52:6:Motor_SetRight	16	static
../Core/Src/motor.c:62:6:Motor_Set	24	static
../Core/Src/motor.c:68:6:Motor_Brake	8	static
../Core/Src/motor.c:75:6:Motor_Forward	16	static
../Core/Src/motor.c:80:6:Motor_Backward	16	static
../Core/Src/motor.c:85:6:Motor_TurnLeft	16	static
../Core/Src/motor.c:90:6:Motor_TurnRight	16	static
../Core/Src/motor.c:95:6:Motor_CheckTimeout	8	static
