Archive member included to satisfy reference by file (symbol)

D:/ST/STM32CubeIDE/STM32CubeIDE/plugins/com.st.stm32cube.ide.mcu.externaltools.gnu-tools-for-stm32.14.3.rel1.win32_1.0.100.202602081740/tools/bin/../lib/gcc/arm-none-eabi/14.3.1/../../../../arm-none-eabi/lib/thumb/v7e-m+fp/hard\libc_nano.a(libc_a-exit.o)
                              D:/ST/STM32CubeIDE/STM32CubeIDE/plugins/com.st.stm32cube.ide.mcu.externaltools.gnu-tools-for-stm32.14.3.rel1.win32_1.0.100.202602081740/tools/bin/../lib/gcc/arm-none-eabi/14.3.1/../../../../arm-none-eabi/lib/thumb/v7e-m+fp/hard/crt0.o (exit)
D:/ST/STM32CubeIDE/STM32CubeIDE/plugins/com.st.stm32cube.ide.mcu.externaltools.gnu-tools-for-stm32.14.3.rel1.win32_1.0.100.202602081740/tools/bin/../lib/gcc/arm-none-eabi/14.3.1/../../../../arm-none-eabi/lib/thumb/v7e-m+fp/hard\libc_nano.a(libc_a-ctype_.o)
                              ./Core/Src/bt_cmd.o (_ctype_)
D:/ST/STM32CubeIDE/STM32CubeIDE/plugins/com.st.stm32cube.ide.mcu.externaltools.gnu-tools-for-stm32.14.3.rel1.win32_1.0.100.202602081740/tools/bin/../lib/gcc/arm-none-eabi/14.3.1/../../../../arm-none-eabi/lib/thumb/v7e-m+fp/hard\libc_nano.a(libc_a-findfp.o)
                              D:/ST/STM32CubeIDE/STM32CubeIDE/plugins/com.st.stm32cube.ide.mcu.externaltools.gnu-tools-for-stm32.14.3.rel1.win32_1.0.100.202602081740/tools/bin/../lib/gcc/arm-none-eabi/14.3.1/../../../../arm-none-eabi/lib/thumb/v7e-m+fp/hard\libc_nano.a(libc_a-exit.o) (__stdio_exit_handler)
D:/ST/STM32CubeIDE/STM32CubeIDE/plugins/com.st.stm32cube.ide.mcu.externaltools.gnu-tools-for-stm32.14.3.rel1.win32_1.0.100.202602081740/tools/bin/../lib/gcc/arm-none-eabi/14.3.1/../../../../arm-none-eabi/lib/thumb/v7e-m+fp/hard\libc_nano.a(libc_a-fwalk.o)
                              D:/ST/STM32CubeIDE/STM32CubeIDE/plugins/com.st.stm32cube.ide.mcu.externaltools.gnu-tools-for-stm32.14.3.rel1.win32_1.0.100.202602081740/tools/bin/../lib/gcc/arm-none-eabi/14.3.1/../../../../arm-none-eabi/lib/thumb/v7e-m+fp/hard\libc_nano.a(libc_a-findfp.o) (_fwalk_sglue)
D:/ST/STM32CubeIDE/STM32CubeIDE/plugins/com.st.stm32cube.ide.mcu.externaltools.gnu-tools-for-stm32.14.3.rel1.win32_1.0.100.202602081740/tools/bin/../lib/gcc/arm-none-eabi/14.3.1/../../../../arm-none-eabi/lib/thumb/v7e-m+fp/hard\libc_nano.a(libc_a-puts.o)
                              ./Core/Src/main.o (puts)
D:/ST/STM32CubeIDE/STM32CubeIDE/plugins/com.st.stm32cube.ide.mcu.externaltools.gnu-tools-for-stm32.14.3.rel1.win32_1.0.100.202602081740/tools/bin/../lib/gcc/arm-none-eabi/14.3.1/../../../../arm-none-eabi/lib/thumb/v7e-m+fp/hard\libc_nano.a(libc_a-snprintf.o)
                              ./Core/Src/ui_task.o (snprintf)
D:/ST/STM32CubeIDE/STM32CubeIDE/plugins/com.st.stm32cube.ide.mcu.externaltools.gnu-tools-for-stm32.14.3.rel1.win32_1.0.100.202602081740/tools/bin/../lib/gcc/arm-none-eabi/14.3.1/../../../../arm-none-eabi/lib/thumb/v7e-m+fp/hard\libc_nano.a(libc_a-stdio.o)
                              D:/ST/STM32CubeIDE/STM32CubeIDE/plugins/com.st.stm32cube.ide.mcu.externaltools.gnu-tools-for-stm32.14.3.rel1.win32_1.0.100.202602081740/tools/bin/../lib/gcc/arm-none-eabi/14.3.1/../../../../arm-none-eabi/lib/thumb/v7e-m+fp/hard\libc_nano.a(libc_a-findfp.o) (__sread)
D:/ST/STM32CubeIDE/STM32CubeIDE/plugins/com.st.stm32cube.ide.mcu.externaltools.gnu-tools-for-stm32.14.3.rel1.win32_1.0.100.202602081740/tools/bin/../lib/gcc/arm-none-eabi/14.3.1/../../../../arm-none-eabi/lib/thumb/v7e-m+fp/hard\libc_nano.a(libc_a-wbuf.o)
                              D:/ST/STM32CubeIDE/STM32CubeIDE/plugins/com.st.stm32cube.ide.mcu.externaltools.gnu-tools-for-stm32.14.3.rel1.win32_1.0.100.202602081740/tools/bin/../lib/gcc/arm-none-eabi/14.3.1/../../../../arm-none-eabi/lib/thumb/v7e-m+fp/hard\libc_nano.a(libc_a-puts.o) (__swbuf_r)
D:/ST/STM32CubeIDE/STM32CubeIDE/plugins/com.st.stm32cube.ide.mcu.externaltools.gnu-tools-for-stm32.14.3.rel1.win32_1.0.100.202602081740/tools/bin/../lib/gcc/arm-none-eabi/14.3.1/../../../../arm-none-eabi/lib/thumb/v7e-m+fp/hard\libc_nano.a(libc_a-wsetup.o)
                              D:/ST/STM32CubeIDE/STM32CubeIDE/plugins/com.st.stm32cube.ide.mcu.externaltools.gnu-tools-for-stm32.14.3.rel1.win32_1.0.100.202602081740/tools/bin/../lib/gcc/arm-none-eabi/14.3.1/../../../../arm-none-eabi/lib/thumb/v7e-m+fp/hard\libc_nano.a(libc_a-puts.o) (__swsetup_r)
D:/ST/STM32CubeIDE/STM32CubeIDE/plugins/com.st.stm32cube.ide.mcu.externaltools.gnu-tools-for-stm32.14.3.rel1.win32_1.0.100.202602081740/tools/bin/../lib/gcc/arm-none-eabi/14.3.1/../../../../arm-none-eabi/lib/thumb/v7e-m+fp/hard\libc_nano.a(libc_a-memset.o)
                              D:/ST/STM32CubeIDE/STM32CubeIDE/plugins/com.st.stm32cube.ide.mcu.externaltools.gnu-tools-for-stm32.14.3.rel1.win32_1.0.100.202602081740/tools/bin/../lib/gcc/arm-none-eabi/14.3.1/../../../../arm-none-eabi/lib/thumb/v7e-m+fp/hard/crt0.o (memset)
[...]
Memory Configuration

Name             Origin             Length             Attributes
RAM              0x20000000         0x00020000         xrw
FLASH            0x08000000         0x00080000         xr
*default*        0x00000000         0xffffffff

Linker script and memory map

LOAD D:/ST/STM32CubeIDE/STM32CubeIDE/plugins/com.st.stm32cube.ide.mcu.externaltools.gnu-tools-for-stm32.14.3.rel1.win32_1.0.100.202602081740/tools/bin/../lib/gcc/arm-none-eabi/14.3.1/thumb/v7e-m+fp/hard/crti.o
LOAD D:/ST/STM32CubeIDE/STM32CubeIDE/plugins/com.st.stm32cube.ide.mcu.externaltools.gnu-tools-for-stm32.14.3.rel1.win32_1.0.100.202602081740/tools/bin/../lib/gcc/arm-none-eabi/14.3.1/thumb/v7e-m+fp/hard/crtbegin.o
LOAD D:/ST/STM32CubeIDE/STM32CubeIDE/plugins/com.st.stm32cube.ide.mcu.externaltools.gnu-tools-for-stm32.14.3.rel1.win32_1.0.100.202602081740/tools/bin/../lib/gcc/arm-none-eabi/14.3.1/../../../../arm-none-eabi/lib/thumb/v7e-m+fp/hard/crt0.o
LOAD ./Core/Src/bt_cmd.o
LOAD ./Core/Src/button.o
LOAD ./Core/Src/encoder.o
LOAD ./Core/Src/freertos.o
LOAD ./Core/Src/im948.o
LOAD ./Core/Src/lidar.o
LOAD ./Core/Src/main.o
LOAD ./Core/Src/motor.o
LOAD ./Core/Src/pid.o
LOAD ./Core/Src/potentiometer.o
LOAD ./Core/Src/robot_state.o
LOAD ./Core/Src/ssd1306.o
LOAD ./Core/Src/stm32f4xx_hal_msp.o
LOAD ./Core/Src/stm32f4xx_it.o
LOAD ./Core/Src/syscalls.o
LOAD ./Core/Src/sysmem.o
LOAD ./Core/Src/system_stm32f4xx.o
LOAD ./Core/Src/uart_device.o
LOAD ./Core/Src/ui_task.o
LOAD ./Core/Startup/startup_stm32f446retx.o
LOAD ./Drivers/STM32F4xx_HAL_Driver/Src/stm32f4xx_hal.o
LOAD ./Drivers/STM32F4xx_HAL_Driver/Src/stm32f4xx_hal_adc.o
LOAD ./Drivers/STM32F4xx_HAL_Driver/Src/stm32f4xx_hal_adc_ex.o
LOAD ./Drivers/STM32F4xx_HAL_Driver/Src/stm32f4xx_hal_cortex.o
LOAD ./Drivers/STM32F4xx_HAL_Driver/Src/stm32f4xx_hal_dma.o
LOAD ./Drivers/STM32F4xx_HAL_Driver/Src/stm32f4xx_hal_dma_ex.o
LOAD ./Drivers/STM32F4xx_HAL_Driver/Src/stm32f4xx_hal_exti.o
LOAD ./Drivers/STM32F4xx_HAL_Driver/Src/stm32f4xx_hal_flash.o
LOAD ./Drivers/STM32F4xx_HAL_Driver/Src/stm32f4xx_hal_flash_ex.o
LOAD ./Drivers/STM32F4xx_HAL_Driver/Src/stm32f4xx_hal_flash_ramfunc.o
LOAD ./Drivers/STM32F4xx_HAL_Driver/Src/stm32f4xx_hal_gpio.o
LOAD ./Drivers/STM32F4xx_HAL_Driver/Src/stm32f4xx_hal_i2c.o
LOAD ./Drivers/STM32F4xx_HAL_Driver/Src/stm32f4xx_hal_i2c_ex.o
LOAD ./Drivers/STM32F4xx_HAL_Driver/Src/stm32f4xx_hal_pwr.o
LOAD ./Drivers/STM32F4xx_HAL_Driver/Src/stm32f4xx_hal_pwr_ex.o
LOAD ./Drivers/STM32F4xx_HAL_Driver/Src/stm32f4xx_hal_rcc.o
LOAD ./Drivers/STM32F4xx_HAL_Driver/Src/stm32f4xx_hal_rcc_ex.o
LOAD ./Drivers/STM32F4xx_HAL_Driver/Src/stm32f4xx_hal_tim.o
LOAD ./Drivers/STM32F4xx_HAL_Driver/Src/stm32f4xx_hal_tim_ex.o
LOAD ./Drivers/STM32F4xx_HAL_Driver/Src/stm32f4xx_hal_uart.o
LOAD ./Middlewares/Third_Party/FreeRTOS/Source/CMSIS_RTOS/cmsis_os.o
LOAD ./Middlewares/Third_Party/FreeRTOS/Source/croutine.o
LOAD ./Middlewares/Third_Party/FreeRTOS/Source/event_groups.o
LOAD ./Middlewares/Third_Party/FreeRTOS/Source/list.o
LOAD ./Middlewares/Third_Party/FreeRTOS/Source/queue.o
LOAD ./Middlewares/Third_Party/FreeRTOS/Source/stream_buffer.o
LOAD ./Middlewares/Third_Party/FreeRTOS/Source/tasks.o
LOAD ./Middlewares/Third_Party/FreeRTOS/Source/timers.o
LOAD ./Middlewares/Third_Party/FreeRTOS/Source/portable/GCC/ARM_CM4F/port.o
LOAD ./Middlewares/Third_Party/FreeRTOS/Source/portable/MemMang/heap_4.o
START GROUP
LOAD D:/ST/STM32CubeIDE/STM32CubeIDE/plugins/com.st.stm32cube.ide.mcu.externaltools.gnu-tools-for-stm32.14.3.rel1.win32_1.0.100.202602081740/tools/bin/../lib/gcc/arm-none-eabi/14.3.1/../../../../arm-none-eabi/lib/thumb/v7e-m+fp/hard\libc_nano.a
LOAD D:/ST/STM32CubeIDE/STM32CubeIDE/plugins/com.st.stm32cube.ide.mcu.externaltools.gnu-tools-for-stm32.14.3.rel1.win32_1.0.100.202602081740/tools/bin/../lib/gcc/arm-none-eabi/14.3.1/../../../../arm-none-eabi/lib/thumb/v7e-m+fp/hard\libm.a
END GROUP
START GROUP
LOAD D:/ST/STM32CubeIDE/STM32CubeIDE/plugins/com.st.stm32cube.ide.mcu.externaltools.gnu-tools-for-stm32.14.3.rel1.win32_1.0.100.202602081740/tools/bin/../lib/gcc/arm-none-eabi/14.3.1/thumb/v7e-m+fp/hard\libgcc.a
LOAD D:/ST/STM32CubeIDE/STM32CubeIDE/plugins/com.st.stm32cube.ide.mcu.externaltools.gnu-tools-for-stm32.14.3.rel1.win32_1.0.100.202602081740/tools/bin/../lib/gcc/arm-none-eabi/14.3.1/../../../../arm-none-eabi/lib/thumb/v7e-m+fp/hard\libc_nano.a
END GROUP
START GROUP
LOAD D:/ST/STM32CubeIDE/STM32CubeIDE/plugins/com.st.stm32cube.ide.mcu.externaltools.gnu-tools-for-stm32.14.3.rel1.win32_1.0.100.202602081740/tools/bin/../lib/gcc/arm-none-eabi/14.3.1/thumb/v7e-m+fp/hard\libgcc.a
LOAD D:/ST/STM32CubeIDE/STM32CubeIDE/plugins/com.st.stm32cube.ide.mcu.externaltools.gnu-tools-for-stm32.14.3.rel1.win32_1.0.100.202602081740/tools/bin/../lib/gcc/arm-none-eabi/14.3.1/../../../../arm-none-eabi/lib/thumb/v7e-m+fp/hard\libc_nano.a
LOAD D:/ST/STM32CubeIDE/STM32CubeIDE/plugins/com.st.stm32cube.ide.mcu.externaltools.gnu-tools-for-stm32.14.3.rel1.win32_1.0.100.202602081740/tools/bin/../lib/gcc/arm-none-eabi/14.3.1/../../../../arm-none-eabi/lib/thumb/v7e-m+fp/hard\libnosys.a
END GROUP
START GROUP
LOAD D:/ST/STM32CubeIDE/STM32CubeIDE/plugins/com.st.stm32cube.ide.mcu.externaltools.gnu-tools-for-stm32.14.3.rel1.win32_1.0.100.202602081740/tools/bin/../lib/gcc/arm-none-eabi/14.3.1/thumb/v7e-m+fp/hard\libgcc.a
LOAD D:/ST/STM32CubeIDE/STM32CubeIDE/plugins/com.st.stm32cube.ide.mcu.externaltools.gnu-tools-for-stm32.14.3.rel1.win32_1.0.100.202602081740/tools/bin/../lib/gcc/arm-none-eabi/14.3.1/../../../../arm-none-eabi/lib/thumb/v7e-m+fp/hard\libc_nano.a
LOAD D:/ST/STM32CubeIDE/STM32CubeIDE/plugins/com.st.stm32cube.ide.mcu.externaltools.gnu-tools-for-stm32.14.3.rel1.win32_1.0.100.202602081740/tools/bin/../lib/gcc/arm-none-eabi/14.3.1/../../../../arm-none-eabi/lib/thumb/v7e-m+fp/hard\libnosys.a
END GROUP
LOAD D:/ST/STM32CubeIDE/STM32CubeIDE/plugins/com.st.stm32cube.ide.mcu.externaltools.gnu-tools-for-stm32.14.3.rel1.win32_1.0.100.202602081740/tools/bin/../lib/gcc/arm-none-eabi/14.3.1/thumb/v7e-m+fp/hard/crtend.o
LOAD D:/ST/STM32CubeIDE/STM32CubeIDE/plugins/com.st.stm32cube.ide.mcu.externaltools.gnu-tools-for-stm32.14.3.rel1.win32_1.0.100.202602081740/tools/bin/../lib/gcc/arm-none-eabi/14.3.1/thumb/v7e-m+fp/hard/crtn.o
                0x20020000                        _estack = (ORIGIN (RAM) + LENGTH (RAM))
                0x00004000                        _Min_Heap_Size = 0x4000
                0x00001000                        _Min_Stack_Size = 0x1000

.isr_vector     0x08000000      0x1c4
                0x08000000                        . = ALIGN (0x4)
 *(.isr_vector)
 .isr_vector    0x08000000      0x1c4 ./Core/Startup/startup_stm32f446retx.o
                0x08000000                g_pfnVectors
                0x080001c4                        . = ALIGN (0x4)

.text           0x080001d0     0xe22c
                0x080001d0                        . = ALIGN (0x4)
 *(.text)
 .text          0x080001d0       0x40 D:/ST/STM32CubeIDE/STM32CubeIDE/plugins/com.st.stm32cube.ide.mcu.externaltools.gnu-tools-for-stm32.14.3.rel1.win32_1.0.100.202602081740/tools/bin/../lib/gcc/arm-none-eabi/14.3.1/thumb/v7e-m+fp/hard/crtbegin.o
 .text          0x08000210       0x10 D:/ST/STM32CubeIDE/STM32CubeIDE/plugins/com.st.stm32cube.ide.mcu.externaltools.gnu-tools-for-stm32.14.3.rel1.win32_1.0.100.202602081740/tools/bin/../lib/gcc/arm-none-eabi/14.3.1/../../../../arm-none-eabi/lib/thumb/v7e-m+fp/hard\libc_nano.a(libc_a-strlen.o)
                0x08000210                strlen
 .text          0x08000220       0xa0 D:/ST/STM32CubeIDE/STM32CubeIDE/plugins/com.st.stm32cube.ide.mcu.externaltools.gnu-tools-for-stm32.14.3.rel1.win32_1.0.100.202602081740/tools/bin/../lib/gcc/arm-none-eabi/14.3.1/../../../../arm-none-eabi/lib/thumb/v7e-m+fp/hard\libc_nano.a(libc_a-memchr.o)
                0x08000220                memchr
 .text          0x080002c0       0x30 D:/ST/STM32CubeIDE/STM32CubeIDE/plugins/com.st.stm32cube.ide.mcu.externaltools.gnu-tools-for-stm32.14.3.rel1.win32_1.0.100.202602081740/tools/bin/../lib/gcc/arm-none-eabi/14.3.1/thumb/v7e-m+fp/hard\libgcc.a(_aeabi_uldivmod.o)
                0x080002c0                __aeabi_uldivmod
 .text          0x080002f0      0x2f8 D:/ST/STM32CubeIDE/STM32CubeIDE/plugins/com.st.stm32cube.ide.mcu.externaltools.gnu-tools-for-stm32.14.3.rel1.win32_1.0.100.202602081740/tools/bin/../lib/gcc/arm-none-eabi/14.3.1/thumb/v7e-m+fp/hard\libgcc.a(_udivmoddi4.o)
                0x080002f0                __udivmoddi4
 .text          0x080005e8        0x4 D:/ST/STM32CubeIDE/STM32CubeIDE/plugins/com.st.stm32cube.ide.mcu.externaltools.gnu-tools-for-stm32.14.3.rel1.win32_1.0.100.202602081740/tools/bin/../lib/gcc/arm-none-eabi/14.3.1/thumb/v7e-m+fp/hard\libgcc.a(_dvmd_tls.o)
                0x080005e8                __aeabi_idiv0
                0x080005e8                __aeabi_ldiv0
 *(.text*)
 .text.yawError
                0x080005ec       0x88 ./Core/Src/bt_cmd.o
 .text.BtCmd_Init
                0x08000674      0x14c ./Core/Src/bt_cmd.o
                0x08000674                BtCmd_Init
 .text.BtCmd_ExecutePreciseMove
                0x080007c0       0xb0 ./Core/Src/bt_cmd.o
                0x080007c0                BtCmd_ExecutePreciseMove
 .text.BtCmd_ExecutePreciseTurn
                0x08000870       0xc4 ./Core/Src/bt_cmd.o
                0x08000870                BtCmd_ExecutePreciseTurn
 .text.simple_atoi
                0x08000934       0x62 ./Core/Src/bt_cmd.o
 *fill*         0x08000996        0x2 
 .text.BtCmd_ProcessByte
                0x08000998      0x244 ./Core/Src/bt_cmd.o
                0x08000998                BtCmd_ProcessByte
 .text.updateTurnControl
                0x08000bdc      0x12c ./Core/Src/bt_cmd.o
 .text.updateMoveControl
                0x08000d08      0x23c ./Core/Src/bt_cmd.o
 .text.updateSimpleControl
                0x08000f44      0x214 ./Core/Src/bt_cmd.o
 .text.BtCmd_UpdateMotorControl
                0x08001158       0x68 ./Core/Src/bt_cmd.o
                0x08001158                BtCmd_UpdateMotorControl
 .text.Button_Init
                0x080011c0       0x9c ./Core/Src/button.o
                0x080011c0                Button_Init
 .text.Button_Poll
                0x0800125c       0xc4 ./Core/Src/button.o
                0x0800125c                Button_Poll
 .text.Button_IsPressed
                0x08001320       0x38 ./Core/Src/button.o
                0x08001320                Button_IsPressed
 .text.ButtonTask
                0x08001358       0xa4 ./Core/Src/button.o
                0x08001358                ButtonTask
 .text.Encoder_Init
                0x080013fc       0x44 ./Core/Src/encoder.o
                0x080013fc                Encoder_Init
 .text.Encoder_Update
                0x08001440       0x90 ./Core/Src/encoder.o
                0x08001440                Encoder_Update
 .text.Encoder_GetLeftSpeed
                0x080014d0       0x4c ./Core/Src/encoder.o
                0x080014d0                Encoder_GetLeftSpeed
 .text.Encoder_GetRightSpeed
                0x0800151c       0x4c ./Core/Src/encoder.o
                0x0800151c                Encoder_GetRightSpeed
 .text.Encoder_UpdateOdometry
                0x08001568       0xd4 ./Core/Src/encoder.o
                0x08001568                Encoder_UpdateOdometry
 .text.vApplicationGetIdleTaskMemory
                0x0800163c       0x34 ./Core/Src/freertos.o
                0x0800163c                vApplicationGetIdleTaskMemory
 .text.vApplicationGetTimerTaskMemory
                0x08001670       0x34 ./Core/Src/freertos.o
                0x08001670                vApplicationGetTimerTaskMemory
 .text.CommandTask
                0x080016a4       0x44 ./Core/Src/freertos.o
                0x080016a4                CommandTask
 .text.MotorControlTask
                0x080016e8       0x28 ./Core/Src/freertos.o
                0x080016e8                MotorControlTask
 .text.IMU900Task
                0x08001710       0x1a ./Core/Src/freertos.o
                0x08001710                IMU900Task
 .text.LidarTask
                0x0800172a       0x1a ./Core/Src/freertos.o
                0x0800172a                LidarTask
 .text.CalcSum1
                0x08001744       0x36 ./Core/Src/im948.o
 .text.Memcpy_local
                0x0800177a       0x4c ./Core/Src/im948.o
 *fill*         0x080017c6        0x2 
 .text.IMU_SendOdomUpdate
                0x080017c8       0xac ./Core/Src/im948.o
                0x080017c8                IMU_SendOdomUpdate
 .text.IMU_Init
                0x08001874       0x90 ./Core/Src/im948.o
                0x08001874                IMU_Init
 .text.IMU_Update
                0x08001904       0xf8 ./Core/Src/im948.o
                0x08001904                IMU_Update
 .text.Cmd_PackAndTx
                0x080019fc       0xdc ./Core/Src/im948.o
 .text.Cmd_GetPkt
                0x08001ad8      0x1c4 ./Core/Src/im948.o
                0x08001ad8                Cmd_GetPkt
 .text.Cmd_Write
                0x08001c9c       0x1e ./Core/Src/im948.o
 .text.Cmd_03   0x08001cba       0x1c ./Core/Src/im948.o
                0x08001cba                Cmd_03
 .text.Cmd_05   0x08001cd6       0x1c ./Core/Src/im948.o
                0x08001cd6                Cmd_05
 .text.Cmd_13   0x08001cf2       0x1c ./Core/Src/im948.o
                0x08001cf2                Cmd_13
 .text.Cmd_19   0x08001d0e       0x1c ./Core/Src/im948.o
                0x08001d0e                Cmd_19
 .text.Cmd_12   0x08001d2a       0x96 ./Core/Src/im948.o
                0x08001d2a                Cmd_12
 .text.Cmd_RxUnpack
                0x08001dc0      0x298 ./Core/Src/im948.o
 .text.Lidar_SendCmd
                0x08002058       0x26 ./Core/Src/lidar.o
 *fill*         0x0800207e        0x2 
 .text.parseLidarNode
                0x08002080      0x194 ./Core/Src/lidar.o
 .text.Lidar_Init
                0x08002214       0xd8 ./Core/Src/lidar.o
                0x08002214                Lidar_Init
 .text.Lidar_Update
                0x080022ec      0x120 ./Core/Src/lidar.o
                0x080022ec                Lidar_Update
 .text.main     0x0800240c      0x168 ./Core/Src/main.o
                0x0800240c                main
 .text.SystemClock_Config
                0x08002574       0xe4 ./Core/Src/main.o
                0x08002574                SystemClock_Config
 .text.MX_ADC1_Init
                0x08002658      0x15c ./Core/Src/main.o
 .text.MX_I2C1_Init
                0x080027b4       0x5c ./Core/Src/main.o
 .text.MX_TIM1_Init
                0x08002810       0xb0 ./Core/Src/main.o
 .text.MX_TIM2_Init
                0x080028c0       0xc8 ./Core/Src/main.o
 .text.MX_TIM3_Init
                0x08002988       0xa8 ./Core/Src/main.o
 .text.MX_UART4_Init
                0x08002a30       0x54 ./Core/Src/main.o
 .text.MX_UART5_Init
                0x08002a84       0x54 ./Core/Src/main.o
 .text.MX_USART1_UART_Init
                0x08002ad8       0x54 ./Core/Src/main.o
 .text.MX_USART2_UART_Init
                0x08002b2c       0x54 ./Core/Src/main.o
 .text.MX_DMA_Init
                0x08002b80       0x9c ./Core/Src/main.o
 .text.MX_GPIO_Init
                0x08002c1c       0xf8 ./Core/Src/main.o
 .text.StartDefaultTask
                0x08002d14       0x10 ./Core/Src/main.o
                0x08002d14                StartDefaultTask
 .text.Error_Handler
                0x08002d24        0xc ./Core/Src/main.o
                0x08002d24                Error_Handler
 .text.clamp    0x08002d30       0x32 ./Core/Src/motor.o
 *fill*         0x08002d62        0x2 
 .text.duty_to_pwm
                0x08002d64       0x34 ./Core/Src/motor.o
 .text.Motor_Init
                0x08002d98       0x20 ./Core/Src/motor.o
                0x08002d98                Motor_Init
 .text.Motor_SetLeft
                0x08002db8       0x60 ./Core/Src/motor.o
                0x08002db8                Motor_SetLeft
 .text.Motor_SetRight
                0x08002e18       0x5c ./Core/Src/motor.o
                0x08002e18                Motor_SetRight
 .text.Motor_Set
                0x08002e74       0x26 ./Core/Src/motor.o
                0x08002e74                Motor_Set
 *fill*         0x08002e9a        0x2 
 .text.Motor_Brake
                0x08002e9c       0x28 ./Core/Src/motor.o
                0x08002e9c                Motor_Brake
 .text.Motor_TurnLeft
                0x08002ec4       0x1e ./Core/Src/motor.o
                0x08002ec4                Motor_TurnLeft
 .text.Motor_TurnRight
                0x08002ee2       0x1e ./Core/Src/motor.o
                0x08002ee2                Motor_TurnRight
 .text.PID_Initialize
                0x08002f00       0x68 ./Core/Src/pid.o
 .text.PID_Init
                0x08002f68       0x8c ./Core/Src/pid.o
                0x08002f68                PID_Init
 .text.PID_InitSimple
                0x08002ff4       0x42 ./Core/Src/pid.o
                0x08002ff4                PID_InitSimple
 .text.PID_Compute
                0x08003036      0x168 ./Core/Src/pid.o
                0x08003036                PID_Compute
 *fill*         0x0800319e        0x2 
 .text.PID_SetTunings
                0x080031a0      0x100 ./Core/Src/pid.o
                0x080031a0                PID_SetTunings
 .text.PID_SetSampleTime
                0x080032a0       0x68 ./Core/Src/pid.o
                0x080032a0                PID_SetSampleTime
 .text.PID_SetOutputLimits
                0x08003308       0xba ./Core/Src/pid.o
                0x08003308                PID_SetOutputLimits
 .text.PID_SetMode
                0x080033c2       0x50 ./Core/Src/pid.o
                0x080033c2                PID_SetMode
 .text.PID_Reset
                0x08003412       0x30 ./Core/Src/pid.o
                0x08003412                PID_Reset
 .text.map_f    0x08003442       0x88 ./Core/Src/potentiometer.o
 *fill*         0x080034ca        0x2 
 .text.Pot_Init
                0x080034cc       0x64 ./Core/Src/potentiometer.o
                0x080034cc                Pot_Init
 .text.Pot_Update
                0x08003530      0x118 ./Core/Src/potentiometer.o
                0x08003530                Pot_Update
 .text.RobotState_Init
                0x08003648       0x24 ./Core/Src/robot_state.o
                0x08003648                RobotState_Init
 .text.RobotState_Set
                0x0800366c       0x34 ./Core/Src/robot_state.o
                0x0800366c                RobotState_Set
 .text.RobotState_Get
                0x080036a0       0x18 ./Core/Src/robot_state.o
                0x080036a0                RobotState_Get
 .text.RobotState_LatchEstop
                0x080036b8       0x34 ./Core/Src/robot_state.o
                0x080036b8                RobotState_LatchEstop
 .text.RobotState_TryResetEstop
                0x080036ec       0x38 ./Core/Src/robot_state.o
                0x080036ec                RobotState_TryResetEstop
 .text.ssd1306_WriteCmd
                0x08003724       0x30 ./Core/Src/ssd1306.o
 .text.SSD1306_Init
                0x08003754       0x5c ./Core/Src/ssd1306.o
                0x08003754                SSD1306_Init
 .text.SSD1306_Clear
                0x080037b0       0x18 ./Core/Src/ssd1306.o
                0x080037b0                SSD1306_Clear
 .text.SSD1306_Update
                0x080037c8       0x54 ./Core/Src/ssd1306.o
                0x080037c8                SSD1306_Update
 .text.SSD1306_WriteChar
                0x0800381c       0x8c ./Core/Src/ssd1306.o
                0x0800381c                SSD1306_WriteChar
 .text.SSD1306_WriteString
                0x080038a8       0x44 ./Core/Src/ssd1306.o
                0x080038a8                SSD1306_WriteString
 .text.HAL_MspInit
                0x080038ec       0x58 ./Core/Src/stm32f4xx_hal_msp.o
                0x080038ec                HAL_MspInit
 .text.HAL_ADC_MspInit
                0x08003944       0xf0 ./Core/Src/stm32f4xx_hal_msp.o
                0x08003944                HAL_ADC_MspInit
 .text.HAL_I2C_MspInit
                0x08003a34       0x90 ./Core/Src/stm32f4xx_hal_msp.o
                0x08003a34                HAL_I2C_MspInit
 .text.HAL_TIM_Encoder_MspInit
                0x08003ac4      0x13c ./Core/Src/stm32f4xx_hal_msp.o
                0x08003ac4                HAL_TIM_Encoder_MspInit
 .text.HAL_TIM_PWM_MspInit
                0x08003c00       0x40 ./Core/Src/stm32f4xx_hal_msp.o
                0x08003c00                HAL_TIM_PWM_MspInit
 .text.HAL_TIM_MspPostInit
                0x08003c40       0x70 ./Core/Src/stm32f4xx_hal_msp.o
                0x08003c40                HAL_TIM_MspPostInit
 .text.HAL_UART_MspInit
                0x08003cb0      0x438 ./Core/Src/stm32f4xx_hal_msp.o
                0x08003cb0                HAL_UART_MspInit
 .text.NMI_Handler
                0x080040e8        0x8 ./Core/Src/stm32f4xx_it.o
                0x080040e8                NMI_Handler
 .text.HardFault_Handler
                0x080040f0        0x8 ./Core/Src/stm32f4xx_it.o
                0x080040f0                HardFault_Handler
 .text.MemManage_Handler
                0x080040f8        0x8 ./Core/Src/stm32f4xx_it.o
                0x080040f8                MemManage_Handler
 .text.BusFault_Handler
                0x08004100        0x8 ./Core/Src/stm32f4xx_it.o
                0x08004100                BusFault_Handler
 .text.UsageFault_Handler
                0x08004108        0x8 ./Core/Src/stm32f4xx_it.o
                0x08004108                UsageFault_Handler
 .text.DebugMon_Handler
                0x08004110        0xe ./Core/Src/stm32f4xx_it.o
                0x08004110                DebugMon_Handler
 .text.SysTick_Handler
                0x0800411e       0x10 ./Core/Src/stm32f4xx_it.o
                0x0800411e                SysTick_Handler
 *fill*         0x0800412e        0x2 
 .text.DMA1_Stream0_IRQHandler
                0x08004130       0x14 ./Core/Src/stm32f4xx_it.o
                0x08004130                DMA1_Stream0_IRQHandler
 .text.DMA1_Stream2_IRQHandler
                0x08004144       0x14 ./Core/Src/stm32f4xx_it.o
                0x08004144                DMA1_Stream2_IRQHandler
 .text.DMA1_Stream5_IRQHandler
                0x08004158       0x14 ./Core/Src/stm32f4xx_it.o
                0x08004158                DMA1_Stream5_IRQHandler
 .text.USART1_IRQHandler
                0x0800416c       0x18 ./Core/Src/stm32f4xx_it.o
                0x0800416c                USART1_IRQHandler
 .text.USART2_IRQHandler
                0x08004184       0x14 ./Core/Src/stm32f4xx_it.o
                0x08004184                USART2_IRQHandler
 .text.UART4_IRQHandler
                0x08004198       0x18 ./Core/Src/stm32f4xx_it.o
                0x08004198                UART4_IRQHandler
 .text.UART5_IRQHandler
                0x080041b0       0x18 ./Core/Src/stm32f4xx_it.o
                0x080041b0                UART5_IRQHandler
 .text.DMA2_Stream0_IRQHandler
                0x080041c8       0x14 ./Core/Src/stm32f4xx_it.o
                0x080041c8                DMA2_Stream0_IRQHandler
 .text.DMA2_Stream2_IRQHandler
                0x080041dc       0x14 ./Core/Src/stm32f4xx_it.o
                0x080041dc                DMA2_Stream2_IRQHandler
 .text.EXTI15_10_IRQHandler
                0x080041f0       0x24 ./Core/Src/stm32f4xx_it.o
                0x080041f0                EXTI15_10_IRQHandler
 .text._read    0x08004214       0x3a ./Core/Src/syscalls.o
                0x08004214                _read
 .text._close   0x0800424e       0x18 ./Core/Src/syscalls.o
                0x0800424e                _close
 .text._fstat   0x08004266       0x20 ./Core/Src/syscalls.o
                0x08004266                _fstat
 .text._isatty  0x08004286       0x16 ./Core/Src/syscalls.o
                0x08004286                _isatty
 .text._lseek   0x0800429c       0x1a ./Core/Src/syscalls.o
                0x0800429c                _lseek
 *fill*         0x080042b6        0x2 
 .text._sbrk    0x080042b8       0x6c ./Core/Src/sysmem.o
                0x080042b8                _sbrk
 .text.SystemInit
                0x08004324       0x24 ./Core/Src/system_stm32f4xx.o
                0x08004324                SystemInit
 .text._write   0x08004348       0x2c ./Core/Src/uart_device.o
                0x08004348                _write
 .text.UART_Device_Init
                0x08004374       0x74 ./Core/Src/uart_device.o
                0x08004374                UART_Device_Init
 .text.IMU_SendBytes
                0x080043e8       0x28 ./Core/Src/uart_device.o
                0x080043e8                IMU_SendBytes
 .text.BT_SendBytes
                0x08004410       0x28 ./Core/Src/uart_device.o
                0x08004410                BT_SendBytes
 .text.BT_SendString
                0x08004438       0x2c ./Core/Src/uart_device.o
                0x08004438                BT_SendString
 .text.Lidar_SendBytes
                0x08004464       0x28 ./Core/Src/uart_device.o
                0x08004464                Lidar_SendBytes
 .text.DMA_ReadRingBuffer
                0x0800448c       0x78 ./Core/Src/uart_device.o
 .text.UART_IDLE_Callback
                0x08004504       0x38 ./Core/Src/uart_device.o
                0x08004504                UART_IDLE_Callback
 .text.IMU_ProcessDMA
                0x0800453c       0x5c ./Core/Src/uart_device.o
                0x0800453c                IMU_ProcessDMA
 .text.BT_ReadDMA
                0x08004598       0x38 ./Core/Src/uart_device.o
                0x08004598                BT_ReadDMA
 .text.Lidar_ReadDMA
                0x080045d0       0x38 ./Core/Src/uart_device.o
                0x080045d0                Lidar_ReadDMA
 .text.clamp_i  0x08004608       0x32 ./Core/Src/ui_task.o
 *fill*         0x0800463a        0x2 
 .text.UITask   0x0800463c      0x300 ./Core/Src/ui_task.o
                0x0800463c                UITask
 .text.Reset_Handler
                0x0800493c       0x50 ./Core/Startup/startup_stm32f446retx.o
                0x0800493c                Reset_Handler
 .text.Default_Handler
                0x0800498c        0x2 ./Core/Startup/startup_stm32f446retx.o
                0x0800498c                RTC_Alarm_IRQHandler
                0x0800498c                EXTI2_IRQHandler
                0x0800498c                TIM8_CC_IRQHandler
                0x0800498c                FMPI2C1_EV_IRQHandler
                0x0800498c                SPI4_IRQHandler
                0x0800498c                TIM1_CC_IRQHandler
                0x0800498c                DMA2_Stream5_IRQHandler
                0x0800498c                PVD_IRQHandler
                0x0800498c                SDIO_IRQHandler
                0x0800498c                TAMP_STAMP_IRQHandler
                0x0800498c                CAN2_RX1_IRQHandler
                0x0800498c                EXTI3_IRQHandler
                0x0800498c                TIM8_TRG_COM_TIM14_IRQHandler
                0x0800498c                TIM1_UP_TIM10_IRQHandler
                0x0800498c                TIM8_UP_TIM13_IRQHandler
                0x0800498c                I2C3_ER_IRQHandler
                0x0800498c                EXTI0_IRQHandler
                0x0800498c                I2C2_EV_IRQHandler
                0x0800498c                CAN1_RX0_IRQHandler
                0x0800498c                FPU_IRQHandler
                0x0800498c                OTG_HS_WKUP_IRQHandler
                0x0800498c                CAN2_SCE_IRQHandler
                0x0800498c                SPI1_IRQHandler
                0x0800498c                TIM6_DAC_IRQHandler
                0x0800498c                TIM1_BRK_TIM9_IRQHandler
                0x0800498c                DCMI_IRQHandler
                0x0800498c                CAN2_RX0_IRQHandler
                0x0800498c                DMA2_Stream3_IRQHandler
                0x0800498c                SAI2_IRQHandler
                0x0800498c                USART6_IRQHandler
                0x0800498c                USART3_IRQHandler
                0x0800498c                CAN1_RX1_IRQHandler
                0x0800498c                TIM4_IRQHandler
                0x0800498c                QUADSPI_IRQHandler
                0x0800498c                I2C1_EV_IRQHandler
                0x0800498c                DMA1_Stream6_IRQHandler
                0x0800498c                DMA1_Stream1_IRQHandler
                0x0800498c                TIM3_IRQHandler
                0x0800498c                RCC_IRQHandler
                0x0800498c                TIM8_BRK_TIM12_IRQHandler
                0x0800498c                Default_Handler
                0x0800498c                CEC_IRQHandler
                0x0800498c                ADC_IRQHandler
                0x0800498c                DMA1_Stream7_IRQHandler
                0x0800498c                TIM7_IRQHandler
                0x0800498c                CAN2_TX_IRQHandler
                0x0800498c                TIM5_IRQHandler
                0x0800498c                DMA2_Stream7_IRQHandler
                0x0800498c                I2C3_EV_IRQHandler
                0x0800498c                EXTI9_5_IRQHandler
                0x0800498c                RTC_WKUP_IRQHandler
                0x0800498c                SPDIF_RX_IRQHandler
                0x0800498c                SPI2_IRQHandler
                0x0800498c                OTG_HS_EP1_IN_IRQHandler
                0x0800498c                CAN1_TX_IRQHandler
                0x0800498c                FMPI2C1_ER_IRQHandler
                0x0800498c                EXTI4_IRQHandler
                0x0800498c                OTG_HS_EP1_OUT_IRQHandler
                0x0800498c                WWDG_IRQHandler
                0x0800498c                TIM2_IRQHandler
                0x0800498c                OTG_FS_WKUP_IRQHandler
                0x0800498c                TIM1_TRG_COM_TIM11_IRQHandler
                0x0800498c                OTG_HS_IRQHandler
                0x0800498c                EXTI1_IRQHandler
                0x0800498c                I2C2_ER_IRQHandler
                0x0800498c                DMA2_Stream1_IRQHandler
                0x0800498c                CAN1_SCE_IRQHandler
                0x0800498c                FLASH_IRQHandler
                0x0800498c                DMA2_Stream4_IRQHandler
                0x0800498c                OTG_FS_IRQHandler
                0x0800498c                SPI3_IRQHandler
                0x0800498c                DMA1_Stream4_IRQHandler
                0x0800498c                I2C1_ER_IRQHandler
                0x0800498c                FMC_IRQHandler
                0x0800498c                DMA2_Stream6_IRQHandler
                0x0800498c                SAI1_IRQHandler
                0x0800498c                DMA1_Stream3_IRQHandler
 *fill*         0x0800498e        0x2 
 .text.HAL_Init
                0x08004990       0x44 ./Drivers/STM32F4xx_HAL_Driver/Src/stm32f4xx_hal.o
                0x08004990                HAL_Init
 .text.HAL_InitTick
                0x080049d4       0x60 ./Drivers/STM32F4xx_HAL_Driver/Src/stm32f4xx_hal.o
                0x080049d4                HAL_InitTick
 .text.HAL_IncTick
                0x08004a34       0x28 ./Drivers/STM32F4xx_HAL_Driver/Src/stm32f4xx_hal.o
                0x08004a34                HAL_IncTick
 .text.HAL_GetTick
                0x08004a5c       0x18 ./Drivers/STM32F4xx_HAL_Driver/Src/stm32f4xx_hal.o
                0x08004a5c                HAL_GetTick
 .text.HAL_Delay
                0x08004a74       0x48 ./Drivers/STM32F4xx_HAL_Driver/Src/stm32f4xx_hal.o
                0x08004a74                HAL_Delay
 .text.HAL_ADC_Init
                0x08004abc       0x86 ./Drivers/STM32F4xx_HAL_Driver/Src/stm32f4xx_hal_adc.o
                0x08004abc                HAL_ADC_Init
 *fill*         0x08004b42        0x2 
 .text.HAL_ADC_Start_DMA
                0x08004b44      0x228 ./Drivers/STM32F4xx_HAL_Driver/Src/stm32f4xx_hal_adc.o
                0x08004b44                HAL_ADC_Start_DMA
 .text.HAL_ADC_ConvCpltCallback
                0x08004d6c       0x14 ./Drivers/STM32F4xx_HAL_Driver/Src/stm32f4xx_hal_adc.o
                0x08004d6c                HAL_ADC_ConvCpltCallback
 .text.HAL_ADC_ConvHalfCpltCallback
                0x08004d80       0x14 ./Drivers/STM32F4xx_HAL_Driver/Src/stm32f4xx_hal_adc.o
                0x08004d80                HAL_ADC_ConvHalfCpltCallback
 .text.HAL_ADC_ErrorCallback
                0x08004d94       0x14 ./Drivers/STM32F4xx_HAL_Driver/Src/stm32f4xx_hal_adc.o
                0x08004d94                HAL_ADC_ErrorCallback
 .text.HAL_ADC_ConfigChannel
                0x08004da8      0x264 ./Drivers/STM32F4xx_HAL_Driver/Src/stm32f4xx_hal_adc.o
                0x08004da8                HAL_ADC_ConfigChannel
 .text.ADC_Init
                0x0800500c      0x1f8 ./Drivers/STM32F4xx_HAL_Driver/Src/stm32f4xx_hal_adc.o
 .text.ADC_DMAConvCplt
                0x08005204       0xba ./Drivers/STM32F4xx_HAL_Driver/Src/stm32f4xx_hal_adc.o
 .text.ADC_DMAHalfConvCplt
                0x080052be       0x1c ./Drivers/STM32F4xx_HAL_Driver/Src/stm32f4xx_hal_adc.o
 .text.ADC_DMAError
                0x080052da       0x2e ./Drivers/STM32F4xx_HAL_Driver/Src/stm32f4xx_hal_adc.o
 .text.HAL_ADCEx_InjectedConfigChannel
                0x08005308      0x334 ./Drivers/STM32F4xx_HAL_Driver/Src/stm32f4xx_hal_adc_ex.o
                0x08005308                HAL_ADCEx_InjectedConfigChannel
 .text.__NVIC_SetPriorityGrouping
                0x0800563c       0x48 ./Drivers/STM32F4xx_HAL_Driver/Src/stm32f4xx_hal_cortex.o
 .text.__NVIC_GetPriorityGrouping
                0x08005684       0x1c ./Drivers/STM32F4xx_HAL_Driver/Src/stm32f4xx_hal_cortex.o
 .text.__NVIC_EnableIRQ
                0x080056a0       0x3c ./Drivers/STM32F4xx_HAL_Driver/Src/stm32f4xx_hal_cortex.o
 .text.__NVIC_SetPriority
                0x080056dc       0x54 ./Drivers/STM32F4xx_HAL_Driver/Src/stm32f4xx_hal_cortex.o
 .text.NVIC_EncodePriority
                0x08005730       0x66 ./Drivers/STM32F4xx_HAL_Driver/Src/stm32f4xx_hal_cortex.o
 *fill*         0x08005796        0x2 
 .text.SysTick_Config
                0x08005798       0x44 ./Drivers/STM32F4xx_HAL_Driver/Src/stm32f4xx_hal_cortex.o
 .text.HAL_NVIC_SetPriorityGrouping
                0x080057dc       0x16 ./Drivers/STM32F4xx_HAL_Driver/Src/stm32f4xx_hal_cortex.o
                0x080057dc                HAL_NVIC_SetPriorityGrouping
 .text.HAL_NVIC_SetPriority
                0x080057f2       0x38 ./Drivers/STM32F4xx_HAL_Driver/Src/stm32f4xx_hal_cortex.o
                0x080057f2                HAL_NVIC_SetPriority
 .text.HAL_NVIC_EnableIRQ
                0x0800582a       0x1c ./Drivers/STM32F4xx_HAL_Driver/Src/stm32f4xx_hal_cortex.o
                0x0800582a                HAL_NVIC_EnableIRQ
 .text.HAL_SYSTICK_Config
                0x08005846       0x18 ./Drivers/STM32F4xx_HAL_Driver/Src/stm32f4xx_hal_cortex.o
                0x08005846                HAL_SYSTICK_Config
 *fill*         0x0800585e        0x2 
 .text.HAL_DMA_Init
                0x08005860      0x15c ./Drivers/STM32F4xx_HAL_Driver/Src/stm32f4xx_hal_dma.o
                0x08005860                HAL_DMA_Init
 .text.HAL_DMA_Start_IT
                0x080059bc       0xb0 ./Drivers/STM32F4xx_HAL_Driver/Src/stm32f4xx_hal_dma.o
                0x080059bc                HAL_DMA_Start_IT
 .text.HAL_DMA_Abort
                0x08005a6c       0xe0 ./Drivers/STM32F4xx_HAL_Driver/Src/stm32f4xx_hal_dma.o
                0x08005a6c                HAL_DMA_Abort
 .text.HAL_DMA_Abort_IT
                0x08005b4c       0x44 ./Drivers/STM32F4xx_HAL_Driver/Src/stm32f4xx_hal_dma.o
                0x08005b4c                HAL_DMA_Abort_IT
 .text.HAL_DMA_IRQHandler
                0x08005b90      0x314 ./Drivers/STM32F4xx_HAL_Driver/Src/stm32f4xx_hal_dma.o
                0x08005b90                HAL_DMA_IRQHandler
 .text.DMA_SetConfig
                0x08005ea4       0x5c ./Drivers/STM32F4xx_HAL_Driver/Src/stm32f4xx_hal_dma.o
 .text.DMA_CalcBaseAndBitshift
                0x08005f00       0x6c ./Drivers/STM32F4xx_HAL_Driver/Src/stm32f4xx_hal_dma.o
 .text.DMA_CheckFifoParam
                0x08005f6c       0xf8 ./Drivers/STM32F4xx_HAL_Driver/Src/stm32f4xx_hal_dma.o
 .text.HAL_GPIO_Init
                0x08006064      0x328 ./Drivers/STM32F4xx_HAL_Driver/Src/stm32f4xx_hal_gpio.o
                0x08006064                HAL_GPIO_Init
 .text.HAL_GPIO_ReadPin
                0x0800638c       0x30 ./Drivers/STM32F4xx_HAL_Driver/Src/stm32f4xx_hal_gpio.o
                0x0800638c                HAL_GPIO_ReadPin
 .text.HAL_GPIO_WritePin
                0x080063bc       0x32 ./Drivers/STM32F4xx_HAL_Driver/Src/stm32f4xx_hal_gpio.o
                0x080063bc                HAL_GPIO_WritePin
 *fill*         0x080063ee        0x2 
 .text.HAL_I2C_Init
                0x080063f0      0x288 ./Drivers/STM32F4xx_HAL_Driver/Src/stm32f4xx_hal_i2c.o
                0x080063f0                HAL_I2C_Init
 .text.HAL_I2C_Mem_Write
                0x08006678      0x1f4 ./Drivers/STM32F4xx_HAL_Driver/Src/stm32f4xx_hal_i2c.o
                0x08006678                HAL_I2C_Mem_Write
 .text.HAL_I2C_IsDeviceReady
                0x0800686c      0x25c ./Drivers/STM32F4xx_HAL_Driver/Src/stm32f4xx_hal_i2c.o
                0x0800686c                HAL_I2C_IsDeviceReady
 .text.I2C_RequestMemoryWrite
                0x08006ac8      0x12c ./Drivers/STM32F4xx_HAL_Driver/Src/stm32f4xx_hal_i2c.o
 .text.I2C_WaitOnFlagUntilTimeout
                0x08006bf4       0xf4 ./Drivers/STM32F4xx_HAL_Driver/Src/stm32f4xx_hal_i2c.o
 .text.I2C_WaitOnMasterAddressFlagUntilTimeout
                0x08006ce8      0x140 ./Drivers/STM32F4xx_HAL_Driver/Src/stm32f4xx_hal_i2c.o
 .text.I2C_WaitOnTXEFlagUntilTimeout
                0x08006e28       0x90 ./Drivers/STM32F4xx_HAL_Driver/Src/stm32f4xx_hal_i2c.o
 .text.I2C_WaitOnBTFFlagUntilTimeout
                0x08006eb8       0x90 ./Drivers/STM32F4xx_HAL_Driver/Src/stm32f4xx_hal_i2c.o
 .text.I2C_IsAcknowledgeFailed
                0x08006f48       0x5e ./Drivers/STM32F4xx_HAL_Driver/Src/stm32f4xx_hal_i2c.o
 *fill*         0x08006fa6        0x2 
 .text.HAL_PWREx_EnableOverDrive
                0x08006fa8       0xa0 ./Drivers/STM32F4xx_HAL_Driver/Src/stm32f4xx_hal_pwr_ex.o
                0x08006fa8                HAL_PWREx_EnableOverDrive
 .text.HAL_RCC_ClockConfig
                0x08007048      0x1cc ./Drivers/STM32F4xx_HAL_Driver/Src/stm32f4xx_hal_rcc.o
                0x08007048                HAL_RCC_ClockConfig
 .text.HAL_RCC_GetHCLKFreq
                0x08007214       0x18 ./Drivers/STM32F4xx_HAL_Driver/Src/stm32f4xx_hal_rcc.o
                0x08007214                HAL_RCC_GetHCLKFreq
 .text.HAL_RCC_GetPCLK1Freq
                0x0800722c       0x28 ./Drivers/STM32F4xx_HAL_Driver/Src/stm32f4xx_hal_rcc.o
                0x0800722c                HAL_RCC_GetPCLK1Freq
 .text.HAL_RCC_GetPCLK2Freq
                0x08007254       0x28 ./Drivers/STM32F4xx_HAL_Driver/Src/stm32f4xx_hal_rcc.o
                0x08007254                HAL_RCC_GetPCLK2Freq
 .text.HAL_RCC_GetSysClockFreq
                0x0800727c      0x460 ./Drivers/STM32F4xx_HAL_Driver/Src/stm32f4xx_hal_rcc_ex.o
                0x0800727c                HAL_RCC_GetSysClockFreq
 .text.HAL_RCC_OscConfig
                0x080076dc      0x53c ./Drivers/STM32F4xx_HAL_Driver/Src/stm32f4xx_hal_rcc_ex.o
                0x080076dc                HAL_RCC_OscConfig
 .text.HAL_TIM_PWM_Init
                0x08007c18       0x9e ./Drivers/STM32F4xx_HAL_Driver/Src/stm32f4xx_hal_tim.o
                0x08007c18                HAL_TIM_PWM_Init
 *fill*         0x08007cb6        0x2 
 .text.HAL_TIM_PWM_Start
                0x08007cb8      0x190 ./Drivers/STM32F4xx_HAL_Driver/Src/stm32f4xx_hal_tim.o
                0x08007cb8                HAL_TIM_PWM_Start
 .text.HAL_TIM_Encoder_Init
                0x08007e48      0x14c ./Drivers/STM32F4xx_HAL_Driver/Src/stm32f4xx_hal_tim.o
                0x08007e48                HAL_TIM_Encoder_Init
 .text.HAL_TIM_Encoder_Start
                0x08007f94      0x11c ./Drivers/STM32F4xx_HAL_Driver/Src/stm32f4xx_hal_tim.o
                0x08007f94                HAL_TIM_Encoder_Start
 .text.HAL_TIM_PWM_ConfigChannel
                0x080080b0      0x184 ./Drivers/STM32F4xx_HAL_Driver/Src/stm32f4xx_hal_tim.o
                0x080080b0                HAL_TIM_PWM_ConfigChannel
 .text.TIM_Base_SetConfig
                0x08008234      0x14c ./Drivers/STM32F4xx_HAL_Driver/Src/stm32f4xx_hal_tim.o
                0x08008234                TIM_Base_SetConfig
 .text.TIM_OC1_SetConfig
                0x08008380       0xe0 ./Drivers/STM32F4xx_HAL_Driver/Src/stm32f4xx_hal_tim.o
 .text.TIM_OC2_SetConfig
                0x08008460       0xec ./Drivers/STM32F4xx_HAL_Driver/Src/stm32f4xx_hal_tim.o
                0x08008460                TIM_OC2_SetConfig
 .text.TIM_OC3_SetConfig
                0x0800854c       0xe8 ./Drivers/STM32F4xx_HAL_Driver/Src/stm32f4xx_hal_tim.o
 .text.TIM_OC4_SetConfig
                0x08008634       0xac ./Drivers/STM32F4xx_HAL_Driver/Src/stm32f4xx_hal_tim.o
 .text.TIM_CCxChannelCmd
                0x080086e0       0x4a ./Drivers/STM32F4xx_HAL_Driver/Src/stm32f4xx_hal_tim.o
                0x080086e0                TIM_CCxChannelCmd
 *fill*         0x0800872a        0x2 
 .text.HAL_TIMEx_MasterConfigSynchronization
                0x0800872c       0xf8 ./Drivers/STM32F4xx_HAL_Driver/Src/stm32f4xx_hal_tim_ex.o
                0x0800872c                HAL_TIMEx_MasterConfigSynchronization
 .text.HAL_UART_Init
                0x08008824       0xa0 ./Drivers/STM32F4xx_HAL_Driver/Src/stm32f4xx_hal_uart.o
                0x08008824                HAL_UART_Init
 .text.HAL_UART_Transmit
                0x080088c4      0x116 ./Drivers/STM32F4xx_HAL_Driver/Src/stm32f4xx_hal_uart.o
                0x080088c4                HAL_UART_Transmit
 .text.HAL_UART_Receive_DMA
                0x080089da       0x4a ./Drivers/STM32F4xx_HAL_Driver/Src/stm32f4xx_hal_uart.o
                0x080089da                HAL_UART_Receive_DMA
 .text.HAL_UART_IRQHandler
                0x08008a24      0x554 ./Drivers/STM32F4xx_HAL_Driver/Src/stm32f4xx_hal_uart.o
                0x08008a24                HAL_UART_IRQHandler
 .text.HAL_UART_TxCpltCallback
                0x08008f78       0x14 ./Drivers/STM32F4xx_HAL_Driver/Src/stm32f4xx_hal_uart.o
                0x08008f78                HAL_UART_TxCpltCallback
 .text.HAL_UART_RxCpltCallback
                0x08008f8c       0x14 ./Drivers/STM32F4xx_HAL_Driver/Src/stm32f4xx_hal_uart.o
                0x08008f8c                HAL_UART_RxCpltCallback
 .text.HAL_UART_RxHalfCpltCallback
                0x08008fa0       0x14 ./Drivers/STM32F4xx_HAL_Driver/Src/stm32f4xx_hal_uart.o
                0x08008fa0                HAL_UART_RxHalfCpltCallback
 .text.HAL_UART_ErrorCallback
                0x08008fb4       0x14 ./Drivers/STM32F4xx_HAL_Driver/Src/stm32f4xx_hal_uart.o
                0x08008fb4                HAL_UART_ErrorCallback
 .text.HAL_UARTEx_RxEventCallback
                0x08008fc8       0x18 ./Drivers/STM32F4xx_HAL_Driver/Src/stm32f4xx_hal_uart.o
                0x08008fc8                HAL_UARTEx_RxEventCallback
 .text.UART_DMAReceiveCplt
                0x08008fe0      0x12c ./Drivers/STM32F4xx_HAL_Driver/Src/stm32f4xx_hal_uart.o
 .text.UART_DMARxHalfCplt
                0x0800910c       0x3c ./Drivers/STM32F4xx_HAL_Driver/Src/stm32f4xx_hal_uart.o
 .text.UART_DMAError
                0x08009148       0x94 ./Drivers/STM32F4xx_HAL_Driver/Src/stm32f4xx_hal_uart.o
 .text.UART_WaitOnFlagUntilTimeout
                0x080091dc       0xb2 ./Drivers/STM32F4xx_HAL_Driver/Src/stm32f4xx_hal_uart.o
 *fill*         0x0800928e        0x2 
 .text.UART_Start_Receive_DMA
                0x08009290      0x14c ./Drivers/STM32F4xx_HAL_Driver/Src/stm32f4xx_hal_uart.o
                0x08009290                UART_Start_Receive_DMA
 .text.UART_EndTxTransfer
                0x080093dc       0x50 ./Drivers/STM32F4xx_HAL_Driver/Src/stm32f4xx_hal_uart.o
 .text.UART_EndRxTransfer
                0x0800942c       0xc6 ./Drivers/STM32F4xx_HAL_Driver/Src/stm32f4xx_hal_uart.o
 .text.UART_DMAAbortOnError
                0x080094f2       0x22 ./Drivers/STM32F4xx_HAL_Driver/Src/stm32f4xx_hal_uart.o
 .text.UART_Transmit_IT
                0x08009514       0xa0 ./Drivers/STM32F4xx_HAL_Driver/Src/stm32f4xx_hal_uart.o
 .text.UART_EndTransmit_IT
                0x080095b4       0x30 ./Drivers/STM32F4xx_HAL_Driver/Src/stm32f4xx_hal_uart.o
 .text.UART_Receive_IT
                0x080095e4      0x17c ./Drivers/STM32F4xx_HAL_Driver/Src/stm32f4xx_hal_uart.o
 .text.UART_SetConfig
                0x08009760      0x4e8 ./Drivers/STM32F4xx_HAL_Driver/Src/stm32f4xx_hal_uart.o
 .text.makeFreeRtosPriority
                0x08009c48       0x30 ./Middlewares/Third_Party/FreeRTOS/Source/CMSIS_RTOS/cmsis_os.o
 .text.osKernelStart
                0x08009c78        0xe ./Middlewares/Third_Party/FreeRTOS/Source/CMSIS_RTOS/cmsis_os.o
                0x08009c78                osKernelStart
 .text.osThreadCreate
                0x08009c86       0x98 ./Middlewares/Third_Party/FreeRTOS/Source/CMSIS_RTOS/cmsis_os.o
                0x08009c86                osThreadCreate
 .text.osDelay  0x08009d1e       0x28 ./Middlewares/Third_Party/FreeRTOS/Source/CMSIS_RTOS/cmsis_os.o
                0x08009d1e                osDelay
 .text.osSystickHandler
                0x08009d46       0x16 ./Middlewares/Third_Party/FreeRTOS/Source/CMSIS_RTOS/cmsis_os.o
                0x08009d46                osSystickHandler
 .text.vListInitialise
                0x08009d5c       0x40 ./Middlewares/Third_Party/FreeRTOS/Source/list.o
                0x08009d5c                vListInitialise
 .text.vListInitialiseItem
                0x08009d9c       0x1a ./Middlewares/Third_Party/FreeRTOS/Source/list.o
                0x08009d9c                vListInitialiseItem
 .text.vListInsertEnd
                0x08009db6       0x48 ./Middlewares/Third_Party/FreeRTOS/Source/list.o
                0x08009db6                vListInsertEnd
 .text.vListInsert
                0x08009dfe       0x72 ./Middlewares/Third_Party/FreeRTOS/Source/list.o
                0x08009dfe                vListInsert
 .text.uxListRemove
                0x08009e70       0x54 ./Middlewares/Third_Party/FreeRTOS/Source/list.o
                0x08009e70                uxListRemove
 .text.xQueueGenericReset
                0x08009ec4       0xd4 ./Middlewares/Third_Party/FreeRTOS/Source/queue.o
                0x08009ec4                xQueueGenericReset
 .text.xQueueGenericCreateStatic
                0x08009f98       0xfa ./Middlewares/Third_Party/FreeRTOS/Source/queue.o
                0x08009f98                xQueueGenericCreateStatic
 .text.prvInitialiseNewQueue
                0x0800a092       0x3e ./Middlewares/Third_Party/FreeRTOS/Source/queue.o
 .text.xQueueGenericSend
                0x0800a0d0      0x204 ./Middlewares/Third_Party/FreeRTOS/Source/queue.o
                0x0800a0d0                xQueueGenericSend
 .text.xQueueGenericSendFromISR
                0x0800a2d4      0x13c ./Middlewares/Third_Party/FreeRTOS/Source/queue.o
                0x0800a2d4                xQueueGenericSendFromISR
 .text.xQueueReceive
                0x0800a410      0x1c4 ./Middlewares/Third_Party/FreeRTOS/Source/queue.o
                0x0800a410                xQueueReceive
 .text.prvCopyDataToQueue
                0x0800a5d4       0xd4 ./Middlewares/Third_Party/FreeRTOS/Source/queue.o
 .text.prvCopyDataFromQueue
                0x0800a6a8       0x4c ./Middlewares/Third_Party/FreeRTOS/Source/queue.o
 .text.prvUnlockQueue
                0x0800a6f4       0xa4 ./Middlewares/Third_Party/FreeRTOS/Source/queue.o
 .text.prvIsQueueEmpty
                0x0800a798       0x2c ./Middlewares/Third_Party/FreeRTOS/Source/queue.o
 .text.prvIsQueueFull
                0x0800a7c4       0x30 ./Middlewares/Third_Party/FreeRTOS/Source/queue.o
 .text.vQueueAddToRegistry
                0x0800a7f4       0x54 ./Middlewares/Third_Party/FreeRTOS/Source/queue.o
                0x0800a7f4                vQueueAddToRegistry
 .text.vQueueWaitForMessageRestricted
                0x0800a848       0x68 ./Middlewares/Third_Party/FreeRTOS/Source/queue.o
                0x0800a848                vQueueWaitForMessageRestricted
 .text.xTaskCreateStatic
                0x0800a8b0       0xc0 ./Middlewares/Third_Party/FreeRTOS/Source/tasks.o
                0x0800a8b0                xTaskCreateStatic
 .text.xTaskCreate
                0x0800a970       0x8a ./Middlewares/Third_Party/FreeRTOS/Source/tasks.o
                0x0800a970                xTaskCreate
 .text.prvInitialiseNewTask
                0x0800a9fa      0x110 ./Middlewares/Third_Party/FreeRTOS/Source/tasks.o
 *fill*         0x0800ab0a        0x2 
 .text.prvAddNewTaskToReadyList
                0x0800ab0c       0xd4 ./Middlewares/Third_Party/FreeRTOS/Source/tasks.o
 .text.vTaskDelay
                0x0800abe0       0x6c ./Middlewares/Third_Party/FreeRTOS/Source/tasks.o
                0x0800abe0                vTaskDelay
 .text.vTaskStartScheduler
                0x0800ac4c       0xd0 ./Middlewares/Third_Party/FreeRTOS/Source/tasks.o
                0x0800ac4c                vTaskStartScheduler
 .text.vTaskSuspendAll
                0x0800ad1c       0x1c ./Middlewares/Third_Party/FreeRTOS/Source/tasks.o
                0x0800ad1c                vTaskSuspendAll
 .text.xTaskResumeAll
                0x0800ad38      0x13c ./Middlewares/Third_Party/FreeRTOS/Source/tasks.o
                0x0800ad38                xTaskResumeAll
 .text.xTaskGetTickCount
                0x0800ae74       0x20 ./Middlewares/Third_Party/FreeRTOS/Source/tasks.o
                0x0800ae74                xTaskGetTickCount
 .text.xTaskIncrementTick
                0x0800ae94      0x174 ./Middlewares/Third_Party/FreeRTOS/Source/tasks.o
                0x0800ae94                xTaskIncrementTick
 .text.vTaskSwitchContext
                0x0800b008       0xb8 ./Middlewares/Third_Party/FreeRTOS/Source/tasks.o
                0x0800b008                vTaskSwitchContext
 .text.vTaskPlaceOnEventList
                0x0800b0c0       0x4c ./Middlewares/Third_Party/FreeRTOS/Source/tasks.o
                0x0800b0c0                vTaskPlaceOnEventList
 .text.vTaskPlaceOnEventListRestricted
                0x0800b10c       0x58 ./Middlewares/Third_Party/FreeRTOS/Source/tasks.o
                0x0800b10c                vTaskPlaceOnEventListRestricted
 .text.xTaskRemoveFromEventList
                0x0800b164       0xc8 ./Middlewares/Third_Party/FreeRTOS/Source/tasks.o
                0x0800b164                xTaskRemoveFromEventList
 .text.vTaskInternalSetTimeOutState
                0x0800b22c       0x2c ./Middlewares/Third_Party/FreeRTOS/Source/tasks.o
                0x0800b22c                vTaskInternalSetTimeOutState
 .text.xTaskCheckForTimeOut
                0x0800b258       0xc8 ./Middlewares/Third_Party/FreeRTOS/Source/tasks.o
                0x0800b258                xTaskCheckForTimeOut
 .text.vTaskMissedYield
                0x0800b320       0x18 ./Middlewares/Third_Party/FreeRTOS/Source/tasks.o
                0x0800b320                vTaskMissedYield
 .text.prvIdleTask
                0x0800b338       0x30 ./Middlewares/Third_Party/FreeRTOS/Source/tasks.o
 .text.prvInitialiseTaskLists
                0x0800b368       0x80 ./Middlewares/Third_Party/FreeRTOS/Source/tasks.o
 .text.prvCheckTasksWaitingTermination
                0x0800b3e8       0x5c ./Middlewares/Third_Party/FreeRTOS/Source/tasks.o
 .text.prvDeleteTCB
                0x0800b444       0x60 ./Middlewares/Third_Party/FreeRTOS/Source/tasks.o
 .text.prvResetNextTaskUnblockTime
                0x0800b4a4       0x40 ./Middlewares/Third_Party/FreeRTOS/Source/tasks.o
 .text.xTaskGetSchedulerState
                0x0800b4e4       0x3c ./Middlewares/Third_Party/FreeRTOS/Source/tasks.o
                0x0800b4e4                xTaskGetSchedulerState
 .text.xTaskPriorityDisinherit
                0x0800b520      0x110 ./Middlewares/Third_Party/FreeRTOS/Source/tasks.o
                0x0800b520                xTaskPriorityDisinherit
 .text.prvAddCurrentTaskToDelayedList
                0x0800b630       0xcc ./Middlewares/Third_Party/FreeRTOS/Source/tasks.o
 .text.xTimerCreateTimerTask
                0x0800b6fc       0x94 ./Middlewares/Third_Party/FreeRTOS/Source/timers.o
                0x0800b6fc                xTimerCreateTimerTask
 .text.xTimerGenericCommand
                0x0800b790       0x9c ./Middlewares/Third_Party/FreeRTOS/Source/timers.o
                0x0800b790                xTimerGenericCommand
 .text.prvProcessExpiredTimer
                0x0800b82c       0x9c ./Middlewares/Third_Party/FreeRTOS/Source/timers.o
 .text.prvTimerTask
                0x0800b8c8       0x26 ./Middlewares/Third_Party/FreeRTOS/Source/timers.o
 *fill*         0x0800b8ee        0x2 
 .text.prvProcessTimerOrBlockTask
                0x0800b8f0       0x9c ./Middlewares/Third_Party/FreeRTOS/Source/timers.o
 .text.prvGetNextExpireTime
                0x0800b98c       0x48 ./Middlewares/Third_Party/FreeRTOS/Source/timers.o
 .text.prvSampleTimeNow
                0x0800b9d4       0x40 ./Middlewares/Third_Party/FreeRTOS/Source/timers.o
 .text.prvInsertTimerInActiveList
                0x0800ba14       0x84 ./Middlewares/Third_Party/FreeRTOS/Source/timers.o
 .text.prvProcessReceivedCommands
                0x0800ba98      0x194 ./Middlewares/Third_Party/FreeRTOS/Source/timers.o
 .text.prvSwitchTimerLists
                0x0800bc2c       0xcc ./Middlewares/Third_Party/FreeRTOS/Source/timers.o
 .text.prvCheckForValidListAndQueue
                0x0800bcf8       0x80 ./Middlewares/Third_Party/FreeRTOS/Source/timers.o
 .text.pxPortInitialiseStack
                0x0800bd78       0x68 ./Middlewares/Third_Party/FreeRTOS/Source/portable/GCC/ARM_CM4F/port.o
                0x0800bd78                pxPortInitialiseStack
 .text.prvTaskExitError
                0x0800bde0       0x5c ./Middlewares/Third_Party/FreeRTOS/Source/portable/GCC/ARM_CM4F/port.o
 *fill*         0x0800be3c        0x4 
 .text.SVC_Handler
                0x0800be40       0x28 ./Middlewares/Third_Party/FreeRTOS/Source/portable/GCC/ARM_CM4F/port.o
                0x0800be40                SVC_Handler
 .text.prvPortStartFirstTask
                0x0800be68       0x28 ./Middlewares/Third_Party/FreeRTOS/Source/portable/GCC/ARM_CM4F/port.o
 .text.xPortStartScheduler
                0x0800be90      0x148 ./Middlewares/Third_Party/FreeRTOS/Source/portable/GCC/ARM_CM4F/port.o
                0x0800be90                xPortStartScheduler
 .text.vPortEnterCritical
                0x0800bfd8       0x64 ./Middlewares/Third_Party/FreeRTOS/Source/portable/GCC/ARM_CM4F/port.o
                0x0800bfd8                vPortEnterCritical
 .text.vPortExitCritical
                0x0800c03c       0x54 ./Middlewares/Third_Party/FreeRTOS/Source/portable/GCC/ARM_CM4F/port.o
                0x0800c03c                vPortExitCritical
 .text.PendSV_Handler
                0x0800c090       0x68 ./Middlewares/Third_Party/FreeRTOS/Source/portable/GCC/ARM_CM4F/port.o
                0x0800c090                PendSV_Handler
 .text.xPortSysTickHandler
                0x0800c0f8       0x44 ./Middlewares/Third_Party/FreeRTOS/Source/portable/GCC/ARM_CM4F/port.o
                0x0800c0f8                xPortSysTickHandler
 .text.vPortSetupTimerInterrupt
                0x0800c13c       0x48 ./Middlewares/Third_Party/FreeRTOS/Source/portable/GCC/ARM_CM4F/port.o
                0x0800c13c                vPortSetupTimerInterrupt
 .text.vPortEnableVFP
                0x0800c184       0x14 ./Middlewares/Third_Party/FreeRTOS/Source/portable/GCC/ARM_CM4F/port.o
 .text.vPortValidateInterruptPriority
                0x0800c198       0x84 ./Middlewares/Third_Party/FreeRTOS/Source/portable/GCC/ARM_CM4F/port.o
                0x0800c198                vPortValidateInterruptPriority
 .text.pvPortMalloc
                0x0800c21c      0x19c ./Middlewares/Third_Party/FreeRTOS/Source/portable/MemMang/heap_4.o
                0x0800c21c                pvPortMalloc
 .text.vPortFree
                0x0800c3b8       0xc8 ./Middlewares/Third_Party/FreeRTOS/Source/portable/MemMang/heap_4.o
                0x0800c3b8                vPortFree
 .text.prvHeapInit
                0x0800c480       0xc4 ./Middlewares/Third_Party/FreeRTOS/Source/portable/MemMang/heap_4.o
 .text.prvInsertBlockIntoFreeList
                0x0800c544       0xb4 ./Middlewares/Third_Party/FreeRTOS/Source/portable/MemMang/heap_4.o
 .text.std      0x0800c5f8       0x6c D:/ST/STM32CubeIDE/STM32CubeIDE/plugins/com.st.stm32cube.ide.mcu.externaltools.gnu-tools-for-stm32.14.3.rel1.win32_1.0.100.202602081740/tools/bin/../lib/gcc/arm-none-eabi/14.3.1/../../../../arm-none-eabi/lib/thumb/v7e-m+fp/hard\libc_nano.a(libc_a-findfp.o)
 .text.stdio_exit_handler
                0x0800c664       0x18 D:/ST/STM32CubeIDE/STM32CubeIDE/plugins/com.st.stm32cube.ide.mcu.externaltools.gnu-tools-for-stm32.14.3.rel1.win32_1.0.100.202602081740/tools/bin/../lib/gcc/arm-none-eabi/14.3.1/../../../../arm-none-eabi/lib/thumb/v7e-m+fp/hard\libc_nano.a(libc_a-findfp.o)
 .text.cleanup_stdio
                0x0800c67c       0x40 D:/ST/STM32CubeIDE/STM32CubeIDE/plugins/com.st.stm32cube.ide.mcu.externaltools.gnu-tools-for-stm32.14.3.rel1.win32_1.0.100.202602081740/tools/bin/../lib/gcc/arm-none-eabi/14.3.1/../../../../arm-none-eabi/lib/thumb/v7e-m+fp/hard\libc_nano.a(libc_a-findfp.o)
 .text.global_stdio_init.part.0
                0x0800c6bc       0x40 D:/ST/STM32CubeIDE/STM32CubeIDE/plugins/com.st.stm32cube.ide.mcu.externaltools.gnu-tools-for-stm32.14.3.rel1.win32_1.0.100.202602081740/tools/bin/../lib/gcc/arm-none-eabi/14.3.1/../../../../arm-none-eabi/lib/thumb/v7e-m+fp/hard\libc_nano.a(libc_a-findfp.o)
 .text.__sfp_lock_acquire
                0x0800c6fc        0xc D:/ST/STM32CubeIDE/STM32CubeIDE/plugins/com.st.stm32cube.ide.mcu.externaltools.gnu-tools-for-stm32.14.3.rel1.win32_1.0.100.202602081740/tools/bin/../lib/gcc/arm-none-eabi/14.3.1/../../../../arm-none-eabi/lib/thumb/v7e-m+fp/hard\libc_nano.a(libc_a-findfp.o)
                0x0800c6fc                __sfp_lock_acquire
 .text.__sfp_lock_release
                0x0800c708        0xc D:/ST/STM32CubeIDE/STM32CubeIDE/plugins/com.st.stm32cube.ide.mcu.externaltools.gnu-tools-for-stm32.14.3.rel1.win32_1.0.100.202602081740/tools/bin/../lib/gcc/arm-none-eabi/14.3.1/../../../../arm-none-eabi/lib/thumb/v7e-m+fp/hard\libc_nano.a(libc_a-findfp.o)
                0x0800c708                __sfp_lock_release
 .text.__sinit  0x0800c714       0x30 D:/ST/STM32CubeIDE/STM32CubeIDE/plugins/com.st.stm32cube.ide.mcu.externaltools.gnu-tools-for-stm32.14.3.rel1.win32_1.0.100.202602081740/tools/bin/../lib/gcc/arm-none-eabi/14.3.1/../../../../arm-none-eabi/lib/thumb/v7e-m+fp/hard\libc_nano.a(libc_a-findfp.o)
                0x0800c714                __sinit
 .text._fwalk_sglue
                0x0800c744       0x3c D:/ST/STM32CubeIDE/STM32CubeIDE/plugins/com.st.stm32cube.ide.mcu.externaltools.gnu-tools-for-stm32.14.3.rel1.win32_1.0.100.202602081740/tools/bin/../lib/gcc/arm-none-eabi/14.3.1/../../../../arm-none-eabi/lib/thumb/v7e-m+fp/hard\libc_nano.a(libc_a-fwalk.o)
                0x0800c744                _fwalk_sglue
 .text._puts_r  0x0800c780       0xaa D:/ST/STM32CubeIDE/STM32CubeIDE/plugins/com.st.stm32cube.ide.mcu.externaltools.gnu-tools-for-stm32.14.3.rel1.win32_1.0.100.202602081740/tools/bin/../lib/gcc/arm-none-eabi/14.3.1/../../../../arm-none-eabi/lib/thumb/v7e-m+fp/hard\libc_nano.a(libc_a-puts.o)
                0x0800c780                _puts_r
 *fill*         0x0800c82a        0x2 
 .text.puts     0x0800c82c       0x10 D:/ST/STM32CubeIDE/STM32CubeIDE/plugins/com.st.stm32cube.ide.mcu.externaltools.gnu-tools-for-stm32.14.3.rel1.win32_1.0.100.202602081740/tools/bin/../lib/gcc/arm-none-eabi/14.3.1/../../../../arm-none-eabi/lib/thumb/v7e-m+fp/hard\libc_nano.a(libc_a-puts.o)
                0x0800c82c                puts
 .text.snprintf
                0x0800c83c       0x6c D:/ST/STM32CubeIDE/STM32CubeIDE/plugins/com.st.stm32cube.ide.mcu.externaltools.gnu-tools-for-stm32.14.3.rel1.win32_1.0.100.202602081740/tools/bin/../lib/gcc/arm-none-eabi/14.3.1/../../../../arm-none-eabi/lib/thumb/v7e-m+fp/hard\libc_nano.a(libc_a-snprintf.o)
                0x0800c83c                sniprintf
                0x0800c83c                snprintf
 .text.__sread  0x0800c8a8       0x22 D:/ST/STM32CubeIDE/STM32CubeIDE/plugins/com.st.stm32cube.ide.mcu.externaltools.gnu-tools-for-stm32.14.3.rel1.win32_1.0.100.202602081740/tools/bin/../lib/gcc/arm-none-eabi/14.3.1/../../../../arm-none-eabi/lib/thumb/v7e-m+fp/hard\libc_nano.a(libc_a-stdio.o)
                0x0800c8a8                __sread
 .text.__swrite
                0x0800c8ca       0x38 D:/ST/STM32CubeIDE/STM32CubeIDE/plugins/com.st.stm32cube.ide.mcu.externaltools.gnu-tools-for-stm32.14.3.rel1.win32_1.0.100.202602081740/tools/bin/../lib/gcc/arm-none-eabi/14.3.1/../../../../arm-none-eabi/lib/thumb/v7e-m+fp/hard\libc_nano.a(libc_a-stdio.o)
                0x0800c8ca                __swrite
 .text.__sseek  0x0800c902       0x26 D:/ST/STM32CubeIDE/STM32CubeIDE/plugins/com.st.stm32cube.ide.mcu.externaltools.gnu-tools-for-stm32.14.3.rel1.win32_1.0.100.202602081740/tools/bin/../lib/gcc/arm-none-eabi/14.3.1/../../../../arm-none-eabi/lib/thumb/v7e-m+fp/hard\libc_nano.a(libc_a-stdio.o)
                0x0800c902                __sseek
 .text.__sclose
                0x0800c928        0x8 D:/ST/STM32CubeIDE/STM32CubeIDE/plugins/com.st.stm32cube.ide.mcu.externaltools.gnu-tools-for-stm32.14.3.rel1.win32_1.0.100.202602081740/tools/bin/../lib/gcc/arm-none-eabi/14.3.1/../../../../arm-none-eabi/lib/thumb/v7e-m+fp/hard\libc_nano.a(libc_a-stdio.o)
                0x0800c928                __sclose
 .text.__swbuf_r
                0x0800c930       0x7c D:/ST/STM32CubeIDE/STM32CubeIDE/plugins/com.st.stm32cube.ide.mcu.externaltools.gnu-tools-for-stm32.14.3.rel1.win32_1.0.100.202602081740/tools/bin/../lib/gcc/arm-none-eabi/14.3.1/../../../../arm-none-eabi/lib/thumb/v7e-m+fp/hard\libc_nano.a(libc_a-wbuf.o)
                0x0800c930                __swbuf_r
 .text.__swsetup_r
                0x0800c9ac       0xa8 D:/ST/STM32CubeIDE/STM32CubeIDE/plugins/com.st.stm32cube.ide.mcu.externaltools.gnu-tools-for-stm32.14.3.rel1.win32_1.0.100.202602081740/tools/bin/../lib/gcc/arm-none-eabi/14.3.1/../../../../arm-none-eabi/lib/thumb/v7e-m+fp/hard\libc_nano.a(libc_a-wsetup.o)
                0x0800c9ac                __swsetup_r
 .text.memset   0x0800ca54       0x10 D:/ST/STM32CubeIDE/STM32CubeIDE/plugins/com.st.stm32cube.ide.mcu.externaltools.gnu-tools-for-stm32.14.3.rel1.win32_1.0.100.202602081740/tools/bin/../lib/gcc/arm-none-eabi/14.3.1/../../../../arm-none-eabi/lib/thumb/v7e-m+fp/hard\libc_nano.a(libc_a-memset.o)
                0x0800ca54                memset
 .text._close_r
                0x0800ca64       0x20 D:/ST/STM32CubeIDE/STM32CubeIDE/plugins/com.st.stm32cube.ide.mcu.externaltools.gnu-tools-for-stm32.14.3.rel1.win32_1.0.100.202602081740/tools/bin/../lib/gcc/arm-none-eabi/14.3.1/../../../../arm-none-eabi/lib/thumb/v7e-m+fp/hard\libc_nano.a(libc_a-closer.o)
                0x0800ca64                _close_r
 .text._lseek_r
                0x0800ca84       0x24 D:/ST/STM32CubeIDE/STM32CubeIDE/plugins/com.st.stm32cube.ide.mcu.externaltools.gnu-tools-for-stm32.14.3.rel1.win32_1.0.100.202602081740/tools/bin/../lib/gcc/arm-none-eabi/14.3.1/../../../../arm-none-eabi/lib/thumb/v7e-m+fp/hard\libc_nano.a(libc_a-lseekr.o)
                0x0800ca84                _lseek_r
 .text._read_r  0x0800caa8       0x24 D:/ST/STM32CubeIDE/STM32CubeIDE/plugins/com.st.stm32cube.ide.mcu.externaltools.gnu-tools-for-stm32.14.3.rel1.win32_1.0.100.202602081740/tools/bin/../lib/gcc/arm-none-eabi/14.3.1/../../../../arm-none-eabi/lib/thumb/v7e-m+fp/hard\libc_nano.a(libc_a-readr.o)
                0x0800caa8                _read_r
 .text._write_r
                0x0800cacc       0x24 D:/ST/STM32CubeIDE/STM32CubeIDE/plugins/com.st.stm32cube.ide.mcu.externaltools.gnu-tools-for-stm32.14.3.rel1.win32_1.0.100.202602081740/tools/bin/../lib/gcc/arm-none-eabi/14.3.1/../../../../arm-none-eabi/lib/thumb/v7e-m+fp/hard\libc_nano.a(libc_a-writer.o)
                0x0800cacc                _write_r
 .text.__errno  0x0800caf0        0xc D:/ST/STM32CubeIDE/STM32CubeIDE/plugins/com.st.stm32cube.ide.mcu.externaltools.gnu-tools-for-stm32.14.3.rel1.win32_1.0.100.202602081740/tools/bin/../lib/gcc/arm-none-eabi/14.3.1/../../../../arm-none-eabi/lib/thumb/v7e-m+fp/hard\libc_nano.a(libc_a-errno.o)
                0x0800caf0                __errno
 .text.__libc_init_array
                0x0800cafc       0x48 D:/ST/STM32CubeIDE/STM32CubeIDE/plugins/com.st.stm32cube.ide.mcu.externaltools.gnu-tools-for-stm32.14.3.rel1.win32_1.0.100.202602081740/tools/bin/../lib/gcc/arm-none-eabi/14.3.1/../../../../arm-none-eabi/lib/thumb/v7e-m+fp/hard\libc_nano.a(libc_a-init.o)
                0x0800cafc                __libc_init_array
 .text.__retarget_lock_init_recursive
                0x0800cb44        0x2 D:/ST/STM32CubeIDE/STM32CubeIDE/plugins/com.st.stm32cube.ide.mcu.externaltools.gnu-tools-for-stm32.14.3.rel1.win32_1.0.100.202602081740/tools/bin/../lib/gcc/arm-none-eabi/14.3.1/../../../../arm-none-eabi/lib/thumb/v7e-m+fp/hard\libc_nano.a(libc_a-lock.o)
                0x0800cb44                __retarget_lock_init_recursive
 .text.__retarget_lock_acquire_recursive
                0x0800cb46        0x2 D:/ST/STM32CubeIDE/STM32CubeIDE/plugins/com.st.stm32cube.ide.mcu.externaltools.gnu-tools-for-stm32.14.3.rel1.win32_1.0.100.202602081740/tools/bin/../lib/gcc/arm-none-eabi/14.3.1/../../../../arm-none-eabi/lib/thumb/v7e-m+fp/hard\libc_nano.a(libc_a-lock.o)
                0x0800cb46                __retarget_lock_acquire_recursive
 .text.__retarget_lock_release_recursive
                0x0800cb48        0x2 D:/ST/STM32CubeIDE/STM32CubeIDE/plugins/com.st.stm32cube.ide.mcu.externaltools.gnu-tools-for-stm32.14.3.rel1.win32_1.0.100.202602081740/tools/bin/../lib/gcc/arm-none-eabi/14.3.1/../../../../arm-none-eabi/lib/thumb/v7e-m+fp/hard\libc_nano.a(libc_a-lock.o)
                0x0800cb48                __retarget_lock_release_recursive
 .text.memcpy   0x0800cb4a       0x1c D:/ST/STM32CubeIDE/STM32CubeIDE/plugins/com.st.stm32cube.ide.mcu.externaltools.gnu-tools-for-stm32.14.3.rel1.win32_1.0.100.202602081740/tools/bin/../lib/gcc/arm-none-eabi/14.3.1/../../../../arm-none-eabi/lib/thumb/v7e-m+fp/hard\libc_nano.a(libc_a-memcpy-stub.o)
                0x0800cb4a                memcpy
 *fill*         0x0800cb66        0x2 
 .text._free_r  0x0800cb68       0x94 D:/ST/STM32CubeIDE/STM32CubeIDE/plugins/com.st.stm32cube.ide.mcu.externaltools.gnu-tools-for-stm32.14.3.rel1.win32_1.0.100.202602081740/tools/bin/../lib/gcc/arm-none-eabi/14.3.1/../../../../arm-none-eabi/lib/thumb/v7e-m+fp/hard\libc_nano.a(libc_a-freer.o)
                0x0800cb68                _free_r
 .text.sbrk_aligned
                0x0800cbfc       0x44 D:/ST/STM32CubeIDE/STM32CubeIDE/plugins/com.st.stm32cube.ide.mcu.externaltools.gnu-tools-for-stm32.14.3.rel1.win32_1.0.100.202602081740/tools/bin/../lib/gcc/arm-none-eabi/14.3.1/../../../../arm-none-eabi/lib/thumb/v7e-m+fp/hard\libc_nano.a(libc_a-mallocr.o)
 .text._malloc_r
                0x0800cc40      0x100 D:/ST/STM32CubeIDE/STM32CubeIDE/plugins/com.st.stm32cube.ide.mcu.externaltools.gnu-tools-for-stm32.14.3.rel1.win32_1.0.100.202602081740/tools/bin/../lib/gcc/arm-none-eabi/14.3.1/../../../../arm-none-eabi/lib/thumb/v7e-m+fp/hard\libc_nano.a(libc_a-mallocr.o)
                0x0800cc40                _malloc_r
 .text.__malloc_lock
                0x0800cd40        0xc D:/ST/STM32CubeIDE/STM32CubeIDE/plugins/com.st.stm32cube.ide.mcu.externaltools.gnu-tools-for-stm32.14.3.rel1.win32_1.0.100.202602081740/tools/bin/../lib/gcc/arm-none-eabi/14.3.1/../../../../arm-none-eabi/lib/thumb/v7e-m+fp/hard\libc_nano.a(libc_a-mlock.o)
                0x0800cd40                __malloc_lock
 .text.__malloc_unlock
                0x0800cd4c        0xc D:/ST/STM32CubeIDE/STM32CubeIDE/plugins/com.st.stm32cube.ide.mcu.externaltools.gnu-tools-for-stm32.14.3.rel1.win32_1.0.100.202602081740/tools/bin/../lib/gcc/arm-none-eabi/14.3.1/../../../../arm-none-eabi/lib/thumb/v7e-m+fp/hard\libc_nano.a(libc_a-mlock.o)
                0x0800cd4c                __malloc_unlock
 .text.__ssputs_r
                0x0800cd58       0xc0 D:/ST/STM32CubeIDE/STM32CubeIDE/plugins/com.st.stm32cube.ide.mcu.externaltools.gnu-tools-for-stm32.14.3.rel1.win32_1.0.100.202602081740/tools/bin/../lib/gcc/arm-none-eabi/14.3.1/../../../../arm-none-eabi/lib/thumb/v7e-m+fp/hard\libc_nano.a(libc_a-nano-svfprintf.o)
                0x0800cd58                __ssputs_r
 .text._svfprintf_r
                0x0800ce18      0x1f0 D:/ST/STM32CubeIDE/STM32CubeIDE/plugins/com.st.stm32cube.ide.mcu.externaltools.gnu-tools-for-stm32.14.3.rel1.win32_1.0.100.202602081740/tools/bin/../lib/gcc/arm-none-eabi/14.3.1/../../../../arm-none-eabi/lib/thumb/v7e-m+fp/hard\libc_nano.a(libc_a-nano-svfprintf.o)
                0x0800ce18                _svfiprintf_r
                0x0800ce18                _svfprintf_r
 .text._printf_common
                0x0800d008       0xda D:/ST/STM32CubeIDE/STM32CubeIDE/plugins/com.st.stm32cube.ide.mcu.externaltools.gnu-tools-for-stm32.14.3.rel1.win32_1.0.100.202602081740/tools/bin/../lib/gcc/arm-none-eabi/14.3.1/../../../../arm-none-eabi/lib/thumb/v7e-m+fp/hard\libc_nano.a(libc_a-nano-vfprintf_i.o)
                0x0800d008                _printf_common
 *fill*         0x0800d0e2        0x2 
 .text._printf_i
                0x0800d0e4      0x24c D:/ST/STM32CubeIDE/STM32CubeIDE/plugins/com.st.stm32cube.ide.mcu.externaltools.gnu-tools-for-stm32.14.3.rel1.win32_1.0.100.202602081740/tools/bin/../lib/gcc/arm-none-eabi/14.3.1/../../../../arm-none-eabi/lib/thumb/v7e-m+fp/hard\libc_nano.a(libc_a-nano-vfprintf_i.o)
                0x0800d0e4                _printf_i
 .text.__sflush_r
                0x0800d330      0x104 D:/ST/STM32CubeIDE/STM32CubeIDE/plugins/com.st.stm32cube.ide.mcu.externaltools.gnu-tools-for-stm32.14.3.rel1.win32_1.0.100.202602081740/tools/bin/../lib/gcc/arm-none-eabi/14.3.1/../../../../arm-none-eabi/lib/thumb/v7e-m+fp/hard\libc_nano.a(libc_a-fflush.o)
                0x0800d330                __sflush_r
 .text._fflush_r
                0x0800d434       0x50 D:/ST/STM32CubeIDE/STM32CubeIDE/plugins/com.st.stm32cube.ide.mcu.externaltools.gnu-tools-for-stm32.14.3.rel1.win32_1.0.100.202602081740/tools/bin/../lib/gcc/arm-none-eabi/14.3.1/../../../../arm-none-eabi/lib/thumb/v7e-m+fp/hard\libc_nano.a(libc_a-fflush.o)
                0x0800d434                _fflush_r
 .text.__swhatbuf_r
                0x0800d484       0x48 D:/ST/STM32CubeIDE/STM32CubeIDE/plugins/com.st.stm32cube.ide.mcu.externaltools.gnu-tools-for-stm32.14.3.rel1.win32_1.0.100.202602081740/tools/bin/../lib/gcc/arm-none-eabi/14.3.1/../../../../arm-none-eabi/lib/thumb/v7e-m+fp/hard\libc_nano.a(libc_a-makebuf.o)
                0x0800d484                __swhatbuf_r
 .text.__smakebuf_r
                0x0800d4cc       0x72 D:/ST/STM32CubeIDE/STM32CubeIDE/plugins/com.st.stm32cube.ide.mcu.externaltools.gnu-tools-for-stm32.14.3.rel1.win32_1.0.100.202602081740/tools/bin/../lib/gcc/arm-none-eabi/14.3.1/../../../../arm-none-eabi/lib/thumb/v7e-m+fp/hard\libc_nano.a(libc_a-makebuf.o)
                0x0800d4cc                __smakebuf_r
 .text.memmove  0x0800d53e       0x32 D:/ST/STM32CubeIDE/STM32CubeIDE/plugins/com.st.stm32cube.ide.mcu.externaltools.gnu-tools-for-stm32.14.3.rel1.win32_1.0.100.202602081740/tools/bin/../lib/gcc/arm-none-eabi/14.3.1/../../../../arm-none-eabi/lib/thumb/v7e-m+fp/hard\libc_nano.a(libc_a-memmove.o)
                0x0800d53e                memmove
 .text._fstat_r
                0x0800d570       0x24 D:/ST/STM32CubeIDE/STM32CubeIDE/plugins/com.st.stm32cube.ide.mcu.externaltools.gnu-tools-for-stm32.14.3.rel1.win32_1.0.100.202602081740/tools/bin/../lib/gcc/arm-none-eabi/14.3.1/../../../../arm-none-eabi/lib/thumb/v7e-m+fp/hard\libc_nano.a(libc_a-fstatr.o)
                0x0800d570                _fstat_r
 .text._isatty_r
                0x0800d594       0x20 D:/ST/STM32CubeIDE/STM32CubeIDE/plugins/com.st.stm32cube.ide.mcu.externaltools.gnu-tools-for-stm32.14.3.rel1.win32_1.0.100.202602081740/tools/bin/../lib/gcc/arm-none-eabi/14.3.1/../../../../arm-none-eabi/lib/thumb/v7e-m+fp/hard\libc_nano.a(libc_a-isattyr.o)
                0x0800d594                _isatty_r
 .text._sbrk_r  0x0800d5b4       0x20 D:/ST/STM32CubeIDE/STM32CubeIDE/plugins/com.st.stm32cube.ide.mcu.externaltools.gnu-tools-for-stm32.14.3.rel1.win32_1.0.100.202602081740/tools/bin/../lib/gcc/arm-none-eabi/14.3.1/../../../../arm-none-eabi/lib/thumb/v7e-m+fp/hard\libc_nano.a(libc_a-sbrkr.o)
                0x0800d5b4                _sbrk_r
 .text._realloc_r
                0x0800d5d4       0x5c D:/ST/STM32CubeIDE/STM32CubeIDE/plugins/com.st.stm32cube.ide.mcu.externaltools.gnu-tools-for-stm32.14.3.rel1.win32_1.0.100.202602081740/tools/bin/../lib/gcc/arm-none-eabi/14.3.1/../../../../arm-none-eabi/lib/thumb/v7e-m+fp/hard\libc_nano.a(libc_a-reallocr.o)
                0x0800d5d4                _realloc_r
 .text._malloc_usable_size_r
                0x0800d630       0x10 D:/ST/STM32CubeIDE/STM32CubeIDE/plugins/com.st.stm32cube.ide.mcu.externaltools.gnu-tools-for-stm32.14.3.rel1.win32_1.0.100.202602081740/tools/bin/../lib/gcc/arm-none-eabi/14.3.1/../../../../arm-none-eabi/lib/thumb/v7e-m+fp/hard\libc_nano.a(libc_a-msizer.o)
                0x0800d630                _malloc_usable_size_r
 .text.sqrtf    0x0800d640       0x44 D:/ST/STM32CubeIDE/STM32CubeIDE/plugins/com.st.stm32cube.ide.mcu.externaltools.gnu-tools-for-stm32.14.3.rel1.win32_1.0.100.202602081740/tools/bin/../lib/gcc/arm-none-eabi/14.3.1/../../../../arm-none-eabi/lib/thumb/v7e-m+fp/hard\libm.a(libm_a-wf_sqrt.o)
                0x0800d640                sqrtf
 .text.cosf     0x0800d684       0x70 D:/ST/STM32CubeIDE/STM32CubeIDE/plugins/com.st.stm32cube.ide.mcu.externaltools.gnu-tools-for-stm32.14.3.rel1.win32_1.0.100.202602081740/tools/bin/../lib/gcc/arm-none-eabi/14.3.1/../../../../arm-none-eabi/lib/thumb/v7e-m+fp/hard\libm.a(libm_a-sf_cos.o)
                0x0800d684                cosf
 .text.sinf     0x0800d6f4       0x74 D:/ST/STM32CubeIDE/STM32CubeIDE/plugins/com.st.stm32cube.ide.mcu.externaltools.gnu-tools-for-stm32.14.3.rel1.win32_1.0.100.202602081740/tools/bin/../lib/gcc/arm-none-eabi/14.3.1/../../../../arm-none-eabi/lib/thumb/v7e-m+fp/hard\libm.a(libm_a-sf_sin.o)
                0x0800d6f4                sinf
 .text.lroundf  0x0800d768       0x68 D:/ST/STM32CubeIDE/STM32CubeIDE/plugins/com.st.stm32cube.ide.mcu.externaltools.gnu-tools-for-stm32.14.3.rel1.win32_1.0.100.202602081740/tools/bin/../lib/gcc/arm-none-eabi/14.3.1/../../../../arm-none-eabi/lib/thumb/v7e-m+fp/hard\libm.a(libm_a-sf_lround.o)
                0x0800d768                lroundf
 .text.__ieee754_sqrtf
                0x0800d7d0        0x8 D:/ST/STM32CubeIDE/STM32CubeIDE/plugins/com.st.stm32cube.ide.mcu.externaltools.gnu-tools-for-stm32.14.3.rel1.win32_1.0.100.202602081740/tools/bin/../lib/gcc/arm-none-eabi/14.3.1/../../../../arm-none-eabi/lib/thumb/v7e-m+fp/hard\libm.a(libm_a-ef_sqrt.o)
                0x0800d7d0                __ieee754_sqrtf
 .text.__kernel_cosf
                0x0800d7d8      0x104 D:/ST/STM32CubeIDE/STM32CubeIDE/plugins/com.st.stm32cube.ide.mcu.externaltools.gnu-tools-for-stm32.14.3.rel1.win32_1.0.100.202602081740/tools/bin/../lib/gcc/arm-none-eabi/14.3.1/../../../../arm-none-eabi/lib/thumb/v7e-m+fp/hard\libm.a(libm_a-kf_cos.o)
                0x0800d7d8                __kernel_cosf
 .text.__kernel_sinf
                0x0800d8dc       0x90 D:/ST/STM32CubeIDE/STM32CubeIDE/plugins/com.st.stm32cube.ide.mcu.externaltools.gnu-tools-for-stm32.14.3.rel1.win32_1.0.100.202602081740/tools/bin/../lib/gcc/arm-none-eabi/14.3.1/../../../../arm-none-eabi/lib/thumb/v7e-m+fp/hard\libm.a(libm_a-kf_sin.o)
                0x0800d8dc                __kernel_sinf
 .text.__ieee754_rem_pio2f
                0x0800d96c      0x26c D:/ST/STM32CubeIDE/STM32CubeIDE/plugins/com.st.stm32cube.ide.mcu.externaltools.gnu-tools-for-stm32.14.3.rel1.win32_1.0.100.202602081740/tools/bin/../lib/gcc/arm-none-eabi/14.3.1/../../../../arm-none-eabi/lib/thumb/v7e-m+fp/hard\libm.a(libm_a-ef_rem_pio2.o)
                0x0800d96c                __ieee754_rem_pio2f
 .text.fabsf    0x0800dbd8       0x10 D:/ST/STM32CubeIDE/STM32CubeIDE/plugins/com.st.stm32cube.ide.mcu.externaltools.gnu-tools-for-stm32.14.3.rel1.win32_1.0.100.202602081740/tools/bin/../lib/gcc/arm-none-eabi/14.3.1/../../../../arm-none-eabi/lib/thumb/v7e-m+fp/hard\libm.a(libm_a-sf_fabs.o)
                0x0800dbd8                fabsf
 .text.__kernel_rem_pio2f
                0x0800dbe8      0x68c D:/ST/STM32CubeIDE/STM32CubeIDE/plugins/com.st.stm32cube.ide.mcu.externaltools.gnu-tools-for-stm32.14.3.rel1.win32_1.0.100.202602081740/tools/bin/../lib/gcc/arm-none-eabi/14.3.1/../../../../arm-none-eabi/lib/thumb/v7e-m+fp/hard\libm.a(libm_a-kf_rem_pio2.o)
                0x0800dbe8                __kernel_rem_pio2f
 .text.scalbnf  0x0800e274       0xdc D:/ST/STM32CubeIDE/STM32CubeIDE/plugins/com.st.stm32cube.ide.mcu.externaltools.gnu-tools-for-stm32.14.3.rel1.win32_1.0.100.202602081740/tools/bin/../lib/gcc/arm-none-eabi/14.3.1/../../../../arm-none-eabi/lib/thumb/v7e-m+fp/hard\libm.a(libm_a-sf_scalbn.o)
                0x0800e274                scalbnf
 .text.floorf   0x0800e350       0x94 D:/ST/STM32CubeIDE/STM32CubeIDE/plugins/com.st.stm32cube.ide.mcu.externaltools.gnu-tools-for-stm32.14.3.rel1.win32_1.0.100.202602081740/tools/bin/../lib/gcc/arm-none-eabi/14.3.1/../../../../arm-none-eabi/lib/thumb/v7e-m+fp/hard\libm.a(libm_a-sf_floor.o)
                0x0800e350                floorf
 *(.glue_7)
 .glue_7        0x0800e3e4        0x0 linker stubs
 *(.glue_7t)
 .glue_7t       0x0800e3e4        0x0 linker stubs
 *(.eh_frame)
 .eh_frame      0x0800e3e4        0x0 D:/ST/STM32CubeIDE/STM32CubeIDE/plugins/com.st.stm32cube.ide.mcu.externaltools.gnu-tools-for-stm32.14.3.rel1.win32_1.0.100.202602081740/tools/bin/../lib/gcc/arm-none-eabi/14.3.1/thumb/v7e-m+fp/hard/crtbegin.o
 *(.init)
 .init          0x0800e3e4        0x4 D:/ST/STM32CubeIDE/STM32CubeIDE/plugins/com.st.stm32cube.ide.mcu.externaltools.gnu-tools-for-stm32.14.3.rel1.win32_1.0.100.202602081740/tools/bin/../lib/gcc/arm-none-eabi/14.3.1/thumb/v7e-m+fp/hard/crti.o
                0x0800e3e4                _init
 .init          0x0800e3e8        0x8 D:/ST/STM32CubeIDE/STM32CubeIDE/plugins/com.st.stm32cube.ide.mcu.externaltools.gnu-tools-for-stm32.14.3.rel1.win32_1.0.100.202602081740/tools/bin/../lib/gcc/arm-none-eabi/14.3.1/thumb/v7e-m+fp/hard/crtn.o
 *(.fini)
 .fini          0x0800e3f0        0x4 D:/ST/STM32CubeIDE/STM32CubeIDE/plugins/com.st.stm32cube.ide.mcu.externaltools.gnu-tools-for-stm32.14.3.rel1.win32_1.0.100.202602081740/tools/bin/../lib/gcc/arm-none-eabi/14.3.1/thumb/v7e-m+fp/hard/crti.o
                0x0800e3f0                _fini
 .fini          0x0800e3f4        0x8 D:/ST/STM32CubeIDE/STM32CubeIDE/plugins/com.st.stm32cube.ide.mcu.externaltools.gnu-tools-for-stm32.14.3.rel1.win32_1.0.100.202602081740/tools/bin/../lib/gcc/arm-none-eabi/14.3.1/thumb/v7e-m+fp/hard/crtn.o
                0x0800e3fc                        . = ALIGN (0x4)
                0x0800e3fc                        _etext = .

.vfp11_veneer   0x0800e3fc        0x0
 .vfp11_veneer  0x0800e3fc        0x0 linker stubs

.v4_bx          0x0800e3fc        0x0
 .v4_bx         0x0800e3fc        0x0 linker stubs

.iplt           0x0800e3fc        0x0
 .iplt          0x0800e3fc        0x0 D:/ST/STM32CubeIDE/STM32CubeIDE/plugins/com.st.stm32cube.ide.mcu.externaltools.gnu-tools-for-stm32.14.3.rel1.win32_1.0.100.202602081740/tools/bin/../lib/gcc/arm-none-eabi/14.3.1/thumb/v7e-m+fp/hard/crtbegin.o

.rodata         0x0800e3fc      0xa08
                0x0800e3fc                        . = ALIGN (0x4)
 *(.rodata)
 .rodata        0x0800e3fc       0x37 ./Core/Src/bt_cmd.o
 *fill*         0x0800e433        0x1 
 .rodata        0x0800e434       0x33 ./Core/Src/im948.o
 *fill*         0x0800e467        0x1 
 .rodata        0x0800e468       0x1d ./Core/Src/lidar.o
 *fill*         0x0800e485        0x3 
 .rodata        0x0800e488      0x120 ./Core/Src/main.o
 .rodata        0x0800e5a8       0xc5 ./Core/Src/ui_task.o
 *fill*         0x0800e66d        0x3 
 .rodata        0x0800e670        0x5 ./Middlewares/Third_Party/FreeRTOS/Source/tasks.o
 *fill*         0x0800e675        0x3 
 .rodata        0x0800e678        0xd ./Middlewares/Third_Party/FreeRTOS/Source/timers.o
 *(.rodata*)
 *fill*         0x0800e685        0x3 
 .rodata.font6x8
                0x0800e688      0x23a ./Core/Src/ssd1306.o
 *fill*         0x0800e8c2        0x2 
 .rodata.initSeq.0
                0x0800e8c4       0x19 ./Core/Src/ssd1306.o
 *fill*         0x0800e8dd        0x3 
 .rodata.AHBPrescTable
                0x0800e8e0       0x10 ./Core/Src/system_stm32f4xx.o
                0x0800e8e0                AHBPrescTable
 .rodata.APBPrescTable
                0x0800e8f0        0x8 ./Core/Src/system_stm32f4xx.o
                0x0800e8f0                APBPrescTable
 .rodata.flagBitshiftOffset.0
                0x0800e8f8        0x8 ./Drivers/STM32F4xx_HAL_Driver/Src/stm32f4xx_hal_dma.o
 .rodata._ctype_
                0x0800e900      0x101 D:/ST/STM32CubeIDE/STM32CubeIDE/plugins/com.st.stm32cube.ide.mcu.externaltools.gnu-tools-for-stm32.14.3.rel1.win32_1.0.100.202602081740/tools/bin/../lib/gcc/arm-none-eabi/14.3.1/../../../../arm-none-eabi/lib/thumb/v7e-m+fp/hard\libc_nano.a(libc_a-ctype_.o)
                0x0800e900                _ctype_
 .rodata._svfprintf_r.str1.1
                0x0800ea01       0x33 D:/ST/STM32CubeIDE/STM32CubeIDE/plugins/com.st.stm32cube.ide.mcu.externaltools.gnu-tools-for-stm32.14.3.rel1.win32_1.0.100.202602081740/tools/bin/../lib/gcc/arm-none-eabi/14.3.1/../../../../arm-none-eabi/lib/thumb/v7e-m+fp/hard\libc_nano.a(libc_a-nano-svfprintf.o)
                                 0x11 (size before relaxing)
 .rodata._printf_i.str1.1
                0x0800ea34       0x22 D:/ST/STM32CubeIDE/STM32CubeIDE/plugins/com.st.stm32cube.ide.mcu.externaltools.gnu-tools-for-stm32.14.3.rel1.win32_1.0.100.202602081740/tools/bin/../lib/gcc/arm-none-eabi/14.3.1/../../../../arm-none-eabi/lib/thumb/v7e-m+fp/hard\libc_nano.a(libc_a-nano-vfprintf_i.o)
 .rodata.npio2_hw
                0x0800ea34       0x80 D:/ST/STM32CubeIDE/STM32CubeIDE/plugins/com.st.stm32cube.ide.mcu.externaltools.gnu-tools-for-stm32.14.3.rel1.win32_1.0.100.202602081740/tools/bin/../lib/gcc/arm-none-eabi/14.3.1/../../../../arm-none-eabi/lib/thumb/v7e-m+fp/hard\libm.a(libm_a-ef_rem_pio2.o)
 .rodata.two_over_pi
                0x0800eab4      0x318 D:/ST/STM32CubeIDE/STM32CubeIDE/plugins/com.st.stm32cube.ide.mcu.externaltools.gnu-tools-for-stm32.14.3.rel1.win32_1.0.100.202602081740/tools/bin/../lib/gcc/arm-none-eabi/14.3.1/../../../../arm-none-eabi/lib/thumb/v7e-m+fp/hard\libm.a(libm_a-ef_rem_pio2.o)
 .rodata.PIo2   0x0800edcc       0x2c D:/ST/STM32CubeIDE/STM32CubeIDE/plugins/com.st.stm32cube.ide.mcu.externaltools.gnu-tools-for-stm32.14.3.rel1.win32_1.0.100.202602081740/tools/bin/../lib/gcc/arm-none-eabi/14.3.1/../../../../arm-none-eabi/lib/thumb/v7e-m+fp/hard\libm.a(libm_a-kf_rem_pio2.o)
 .rodata.init_jk
                0x0800edf8        0xc D:/ST/STM32CubeIDE/STM32CubeIDE/plugins/com.st.stm32cube.ide.mcu.externaltools.gnu-tools-for-stm32.14.3.rel1.win32_1.0.100.202602081740/tools/bin/../lib/gcc/arm-none-eabi/14.3.1/../../../../arm-none-eabi/lib/thumb/v7e-m+fp/hard\libm.a(libm_a-kf_rem_pio2.o)
                0x0800ee04                        . = ALIGN (0x4)

.ARM.extab      0x0800ee04        0x0
                0x0800ee04                        . = ALIGN (0x4)
 *(.ARM.extab* .gnu.linkonce.armextab.*)
                0x0800ee04                        . = ALIGN (0x4)

.ARM            0x0800ee04        0x8
                0x0800ee04                        . = ALIGN (0x4)
                0x0800ee04                        __exidx_start = .
 *(.ARM.exidx*)
 .ARM.exidx     0x0800ee04        0x8 D:/ST/STM32CubeIDE/STM32CubeIDE/plugins/com.st.stm32cube.ide.mcu.externaltools.gnu-tools-for-stm32.14.3.rel1.win32_1.0.100.202602081740/tools/bin/../lib/gcc/arm-none-eabi/14.3.1/../../../../arm-none-eabi/lib/thumb/v7e-m+fp/hard\libc_nano.a(libc_a-strlen.o)
 .ARM.exidx     0x0800ee0c        0x0 D:/ST/STM32CubeIDE/STM32CubeIDE/plugins/com.st.stm32cube.ide.mcu.externaltools.gnu-tools-for-stm32.14.3.rel1.win32_1.0.100.202602081740/tools/bin/../lib/gcc/arm-none-eabi/14.3.1/../../../../arm-none-eabi/lib/thumb/v7e-m+fp/hard\libc_nano.a(libc_a-memchr.o)
                                  0x8 (size before relaxing)
 .ARM.exidx     0x0800ee0c        0x0 D:/ST/STM32CubeIDE/STM32CubeIDE/plugins/com.st.stm32cube.ide.mcu.externaltools.gnu-tools-for-stm32.14.3.rel1.win32_1.0.100.202602081740/tools/bin/../lib/gcc/arm-none-eabi/14.3.1/thumb/v7e-m+fp/hard\libgcc.a(_udivmoddi4.o)
                                  0x8 (size before relaxing)
                0x0800ee0c                        __exidx_end = .
                0x0800ee0c                        . = ALIGN (0x4)

.preinit_array  0x0800ee0c        0x0
                0x0800ee0c                        . = ALIGN (0x4)
                0x0800ee0c                        PROVIDE (__preinit_array_start = .)
 *(.preinit_array*)
                0x0800ee0c                        PROVIDE (__preinit_array_end = .)
                0x0800ee0c                        . = ALIGN (0x4)

.init_array     0x0800ee0c        0x4
                0x0800ee0c                        . = ALIGN (0x4)
                0x0800ee0c                        PROVIDE (__init_array_start = .)
 *(SORT_BY_NAME(.init_array.*))
 *(.init_array*)
 .init_array    0x0800ee0c        0x4 D:/ST/STM32CubeIDE/STM32CubeIDE/plugins/com.st.stm32cube.ide.mcu.externaltools.gnu-tools-for-stm32.14.3.rel1.win32_1.0.100.202602081740/tools/bin/../lib/gcc/arm-none-eabi/14.3.1/thumb/v7e-m+fp/hard/crtbegin.o
                0x0800ee10                        PROVIDE (__init_array_end = .)
                0x0800ee10                        . = ALIGN (0x4)

.fini_array     0x0800ee10        0x4
                0x0800ee10                        . = ALIGN (0x4)
                [!provide]                        PROVIDE (__fini_array_start = .)
 *(SORT_BY_NAME(.fini_array.*))
 *(.fini_array*)
 .fini_array    0x0800ee10        0x4 D:/ST/STM32CubeIDE/STM32CubeIDE/plugins/com.st.stm32cube.ide.mcu.externaltools.gnu-tools-for-stm32.14.3.rel1.win32_1.0.100.202602081740/tools/bin/../lib/gcc/arm-none-eabi/14.3.1/thumb/v7e-m+fp/hard/crtbegin.o
                [!provide]                        PROVIDE (__fini_array_end = .)
                0x0800ee14                        . = ALIGN (0x4)
                0x0800ee14                        _sidata = LOADADDR (.data)

.rel.dyn        0x0800ee14        0x0
 .rel.iplt      0x0800ee14        0x0 D:/ST/STM32CubeIDE/STM32CubeIDE/plugins/com.st.stm32cube.ide.mcu.externaltools.gnu-tools-for-stm32.14.3.rel1.win32_1.0.100.202602081740/tools/bin/../lib/gcc/arm-none-eabi/14.3.1/thumb/v7e-m+fp/hard/crtbegin.o

.data           0x20000000       0xa8 load address 0x0800ee14
                0x20000000                        . = ALIGN (0x4)
                0x20000000                        _sdata = .
 *(.data)
 *(.data*)
 .data.cmd_current
                0x20000000        0x1 ./Core/Src/bt_cmd.o
                0x20000000                cmd_current
 *fill*         0x20000001        0x3 
 .data.moveDirection
                0x20000004        0x4 ./Core/Src/bt_cmd.o
 .data.targetDeviceAddress
                0x20000008        0x1 ./Core/Src/im948.o
                0x20000008                targetDeviceAddress
 *fill*         0x20000009        0x3 
 .data.motor_left_dir
                0x2000000c        0x4 ./Core/Src/motor.o
                0x2000000c                motor_left_dir
 .data.motor_right_dir
                0x20000010        0x4 ./Core/Src/motor.o
                0x20000010                motor_right_dir
 .data.motor_current_cmd
                0x20000014        0x1 ./Core/Src/motor.o
                0x20000014                motor_current_cmd
 *fill*         0x20000015        0x3 
 .data.g_pot_values
                0x20000018        0xc ./Core/Src/potentiometer.o
                0x20000018                g_pot_values
 .data.SystemCoreClock
                0x20000024        0x4 ./Core/Src/system_stm32f4xx.o
                0x20000024                SystemCoreClock
 .data.state_names
                0x20000028       0x18 ./Core/Src/ui_task.o
 .data.uwTickPrio
                0x20000040        0x4 ./Drivers/STM32F4xx_HAL_Driver/Src/stm32f4xx_hal.o
                0x20000040                uwTickPrio
 .data.uwTickFreq
                0x20000044        0x1 ./Drivers/STM32F4xx_HAL_Driver/Src/stm32f4xx_hal.o
                0x20000044                uwTickFreq
 *fill*         0x20000045        0x3 
 .data.uxCriticalNesting
                0x20000048        0x4 ./Middlewares/Third_Party/FreeRTOS/Source/portable/GCC/ARM_CM4F/port.o
 .data.__sglue  0x2000004c        0xc D:/ST/STM32CubeIDE/STM32CubeIDE/plugins/com.st.stm32cube.ide.mcu.externaltools.gnu-tools-for-stm32.14.3.rel1.win32_1.0.100.202602081740/tools/bin/../lib/gcc/arm-none-eabi/14.3.1/../../../../arm-none-eabi/lib/thumb/v7e-m+fp/hard\libc_nano.a(libc_a-findfp.o)
                0x2000004c                __sglue
 .data._impure_ptr
                0x20000058        0x4 D:/ST/STM32CubeIDE/STM32CubeIDE/plugins/com.st.stm32cube.ide.mcu.externaltools.gnu-tools-for-stm32.14.3.rel1.win32_1.0.100.202602081740/tools/bin/../lib/gcc/arm-none-eabi/14.3.1/../../../../arm-none-eabi/lib/thumb/v7e-m+fp/hard\libc_nano.a(libc_a-impure.o)
                0x20000058                _impure_ptr
 .data._impure_data
                0x2000005c       0x4c D:/ST/STM32CubeIDE/STM32CubeIDE/plugins/com.st.stm32cube.ide.mcu.externaltools.gnu-tools-for-stm32.14.3.rel1.win32_1.0.100.202602081740/tools/bin/../lib/gcc/arm-none-eabi/14.3.1/../../../../arm-none-eabi/lib/thumb/v7e-m+fp/hard\libc_nano.a(libc_a-impure.o)
                0x2000005c                _impure_data
 *(.RamFunc)
 *(.RamFunc*)
                0x200000a8                        . = ALIGN (0x4)
                0x200000a8                        _edata = .

.igot.plt       0x200000a8        0x0 load address 0x0800eebc
 .igot.plt      0x200000a8        0x0 D:/ST/STM32CubeIDE/STM32CubeIDE/plugins/com.st.stm32cube.ide.mcu.externaltools.gnu-tools-for-stm32.14.3.rel1.win32_1.0.100.202602081740/tools/bin/../lib/gcc/arm-none-eabi/14.3.1/thumb/v7e-m+fp/hard/crtbegin.o
                0x200000a8                        . = ALIGN (0x4)

.bss            0x200000a8     0x5f5c load address 0x0800eebc
                0x200000a8                        _sbss = .
                0x200000a8                        __bss_start__ = _sbss
 *(.bss)
 .bss           0x200000a8       0x1c D:/ST/STM32CubeIDE/STM32CubeIDE/plugins/com.st.stm32cube.ide.mcu.externaltools.gnu-tools-for-stm32.14.3.rel1.win32_1.0.100.202602081740/tools/bin/../lib/gcc/arm-none-eabi/14.3.1/thumb/v7e-m+fp/hard/crtbegin.o
 *(.bss*)
 .bss.headingPID
                0x200000c4       0x3c ./Core/Src/bt_cmd.o
 .bss.velDiffPID
                0x20000100       0x3c ./Core/Src/bt_cmd.o
 .bss.turnPID   0x2000013c       0x3c ./Core/Src/bt_cmd.o
 .bss.headingInput
                0x20000178        0x4 ./Core/Src/bt_cmd.o
 .bss.headingOutput
                0x2000017c        0x4 ./Core/Src/bt_cmd.o
 .bss.headingSetpoint
                0x20000180        0x4 ./Core/Src/bt_cmd.o
 .bss.velDiffInput
                0x20000184        0x4 ./Core/Src/bt_cmd.o
 .bss.velDiffOutput
                0x20000188        0x4 ./Core/Src/bt_cmd.o
 .bss.velDiffSetpoint
                0x2000018c        0x4 ./Core/Src/bt_cmd.o
 .bss.turnInput
                0x20000190        0x4 ./Core/Src/bt_cmd.o
 .bss.turnOutput
                0x20000194        0x4 ./Core/Src/bt_cmd.o
 .bss.turnSetpoint
                0x20000198        0x4 ./Core/Src/bt_cmd.o
 .bss.turnState
                0x2000019c        0x1 ./Core/Src/bt_cmd.o
                0x2000019c                turnState
 .bss.moveState
                0x2000019d        0x1 ./Core/Src/bt_cmd.o
                0x2000019d                moveState
 .bss.cmd_active
                0x2000019e        0x1 ./Core/Src/bt_cmd.o
                0x2000019e                cmd_active
 .bss.cmd_continuous
                0x2000019f        0x1 ./Core/Src/bt_cmd.o
                0x2000019f                cmd_continuous
 .bss.cmd_last_time
                0x200001a0        0x4 ./Core/Src/bt_cmd.o
                0x200001a0                cmd_last_time
 .bss.targetYaw
                0x200001a4        0x4 ./Core/Src/bt_cmd.o
                0x200001a4                targetYaw
 .bss.targetTurnAngle
                0x200001a8        0x4 ./Core/Src/bt_cmd.o
 .bss.turnStartTime
                0x200001ac        0x4 ./Core/Src/bt_cmd.o
 .bss.startOdomX
                0x200001b0        0x4 ./Core/Src/bt_cmd.o
 .bss.startOdomY
                0x200001b4        0x4 ./Core/Src/bt_cmd.o
 .bss.targetDistance
                0x200001b8        0x4 ./Core/Src/bt_cmd.o
 .bss.moveStartTime
                0x200001bc        0x4 ./Core/Src/bt_cmd.o
 .bss.cmdBuf    0x200001c0       0x10 ./Core/Src/bt_cmd.o
 .bss.cmdBufLen
                0x200001d0        0x1 ./Core/Src/bt_cmd.o
 *fill*         0x200001d1        0x3 
 .bss.btns      0x200001d4       0x24 ./Core/Src/button.o
 .bss.encoder_left_ticks
                0x200001f8        0x4 ./Core/Src/encoder.o
                0x200001f8                encoder_left_ticks
 .bss.encoder_right_ticks
                0x200001fc        0x4 ./Core/Src/encoder.o
                0x200001fc                encoder_right_ticks
 .bss.encoder_left_delta
                0x20000200        0x4 ./Core/Src/encoder.o
                0x20000200                encoder_left_delta
 .bss.encoder_right_delta
                0x20000204        0x4 ./Core/Src/encoder.o
                0x20000204                encoder_right_delta
 .bss.odom_x    0x20000208        0x4 ./Core/Src/encoder.o
                0x20000208                odom_x
 .bss.odom_y    0x2000020c        0x4 ./Core/Src/encoder.o
                0x2000020c                odom_y
 .bss.odom_theta
                0x20000210        0x4 ./Core/Src/encoder.o
                0x20000210                odom_theta
 .bss.last_cnt_left