Archive member included to satisfy reference by file (symbol)

D:/ST/STM32CubeIDE/STM32CubeIDE/plugins/com.st.stm32cube.ide.mcu.externaltools.gnu-tools-for-stm32.14.3.rel1.win32_1.0.100.202602081740/tools/bin/../lib/gcc/arm-none-eabi/14.3.1/../../../../arm-none-eabi/lib/thumb/v7e-m+fp/hard\libc_nano.a(libc_a-exit.o)
                              D:/ST/STM32CubeIDE/STM32CubeIDE/plugins/com.st.stm32cube.ide.mcu.externaltools.gnu-tools-for-stm32.14.3.rel1.win32_1.0.100.202602081740/tools/bin/../lib/gcc/arm-none-eabi/14.3.1/../../../../arm-none-eabi/lib/thumb/v7e-m+fp/hard/crt0.o (exit)
D:/ST/STM32CubeIDE/STM32CubeIDE/plugins/com.st.stm32cube.ide.mcu.externaltools.gnu-tools-for-stm32.14.3.rel1.win32_1.0.100.202602081740/tools/bin/../lib/gcc/arm-none-eabi/14.3.1/../../../../arm-none-eabi/lib/thumb/v7e-m+fp/hard\libc_nano.a(libc_a-ctype_.o)
                              ./Core/Src/bt_cmd.o (_ctype_)
D:/ST/STM32CubeIDE/STM32CubeIDE/plugins/com.st.stm32cube.ide.mcu.externaltools.gnu-tools-for-stm32.14.3.rel1.win32_1.0.100.202602081740/tools/bin/../lib/gcc/arm-none-eabi/14.3.1/../../../../arm-none-eabi/lib/thumb/v7e-m+fp/hard\libc_nano.a(libc_a-findfp.o)
                              D:/ST/STM32CubeIDE/STM32CubeIDE/plugins/com.st.stm32cube.ide.mcu.externaltools.gnu-tools-for-stm32.14.3.rel1.win32_1.0.100.202602081740/tools/bin/../lib/gcc/arm-none-eabi/14.3.1/../../../../arm-none-eabi/lib/thumb/v7e-m+fp/hard\libc_nano.a(libc_a-exit.o) (__stdio_exit_handler)
D:/ST/STM32CubeIDE/STM32CubeIDE/plugins/com.st.stm32cube.ide.mcu.externaltools.gnu-tools-for-stm32.14.3.rel1.win32_1.0.100.202602081740/tools/bin/../lib/gcc/arm-none-eabi/14.3.1/../../../../arm-none-eabi/lib/thumb/v7e-m+fp/hard\libc_nano.a(libc_a-fwalk.o)
                              D:/ST/STM32CubeIDE/STM32CubeIDE/plugins/com.st.stm32cube.ide.mcu.externaltools.gnu-tools-for-stm32.14.3.rel1.win32_1.0.100.202602081740/tools/bin/../lib/gcc/arm-none-eabi/14.3.1/../../../../arm-none-eabi/lib/thumb/v7e-m+fp/hard\libc_nano.a(libc_a-findfp.o) (_fwalk_sglue)
D:/ST/STM32CubeIDE/STM32CubeIDE/plugins/com.st.stm32cube.ide.mcu.externaltools.gnu-tools-for-stm32.14.3.rel1.win32_1.0.100.202602081740/tools/bin/../lib/gcc/arm-none-eabi/14.3.1/../../../../arm-none-eabi/lib/thumb/v7e-m+fp/hard\libc_nano.a(libc_a-printf.o)
                              ./Core/Src/autonav.o (printf)
D:/ST/STM32CubeIDE/STM32CubeIDE/plugins/com.st.stm32cube.ide.mcu.externaltools.gnu-tools-for-stm32.14.3.rel1.win32_1.0.100.202602081740/tools/bin/../lib/gcc/arm-none-eabi/14.3.1/../../../../arm-none-eabi/lib/thumb/v7e-m+fp/hard\libc_nano.a(libc_a-puts.o)
                              ./Core/Src/main.o (puts)
D:/ST/STM32CubeIDE/STM32CubeIDE/plugins/com.st.stm32cube.ide.mcu.externaltools.gnu-tools-for-stm32.14.3.rel1.win32_1.0.100.202602081740/tools/bin/../lib/gcc/arm-none-eabi/14.3.1/../../../../arm-none-eabi/lib/thumb/v7e-m+fp/hard\libc_nano.a(libc_a-snprintf.o)
                              ./Core/Src/autonav.o (snprintf)
D:/ST/STM32CubeIDE/STM32CubeIDE/plugins/com.st.stm32cube.ide.mcu.externaltools.gnu-tools-for-stm32.14.3.rel1.win32_1.0.100.202602081740/tools/bin/../lib/gcc/arm-none-eabi/14.3.1/../../../../arm-none-eabi/lib/thumb/v7e-m+fp/hard\libc_nano.a(libc_a-stdio.o)
                              D:/ST/STM32CubeIDE/STM32CubeIDE/plugins/com.st.stm32cube.ide.mcu.externaltools.gnu-tools-for-stm32.14.3.rel1.win32_1.0.100.202602081740/tools/bin/../lib/gcc/arm-none-eabi/14.3.1/../../../../arm-none-eabi/lib/thumb/v7e-m+fp/hard\libc_nano.a(libc_a-findfp.o) (__sread)
D:/ST/STM32CubeIDE/STM32CubeIDE/plugins/com.st.stm32cube.ide.mcu.externaltools.gnu-tools-for-stm32.14.3.rel1.win32_1.0.100.202602081740/tools/bin/../lib/gcc/arm-none-eabi/14.3.1/../../../../arm-none-eabi/lib/thumb/v7e-m+fp/hard\libc_nano.a(libc_a-wbuf.o)
                              D:/ST/STM32CubeIDE/STM32CubeIDE/plugins/com.st.stm32cube.ide.mcu.externaltools.gnu-tools-for-stm32.14.3.rel1.win32_1.0.100.202602081740/tools/bin/../lib/gcc/arm-none-eabi/14.3.1/../../../../arm-none-eabi/lib/thumb/v7e-m+fp/hard\libc_nano.a(libc_a-puts.o) (__swbuf_r)
D:/ST/STM32CubeIDE/STM32CubeIDE/plugins/com.st.stm32cube.ide.mcu.externaltools.gnu-tools-for-stm32.14.3.rel1.win32_1.0.100.202602081740/tools/bin/../lib/gcc/arm-none-eabi/14.3.1/../../../../arm-none-eabi/lib/thumb/v7e-m+fp/hard\libc_nano.a(libc_a-wsetup.o)
                              D:/ST/STM32CubeIDE/STM32CubeIDE/plugins/com.st.stm32cube.ide.mcu.externaltools.gnu-tools-for-stm32.14.3.rel1.win32_1.0.100.202602081740/tools/bin/../lib/gcc/arm-none-eabi/14.3.1/../../../../arm-none-eabi/lib/thumb/v7e-m+fp/hard\libc_nano.a(libc_a-puts.o) (__swsetup_r)
D:/ST/STM32CubeIDE/STM32CubeIDE/plugins/com.st.stm32cube.ide.mcu.externaltools.gnu-tools-for-stm32.14.3.rel1.win32_1.0.100.202602081740/tools/bin/../lib/gcc/arm-none-eabi/14.3.1/../../../../arm-none-eabi/lib/thumb/v7e-m+fp/hard\libc_nano.a(libc_a-memset.o)
[...]
Memory Configuration

Name             Origin             Length             Attributes
RAM              0x20000000         0x00020000         xrw
FLASH            0x08000000         0x00080000         xr
*default*        0x00000000         0xffffffff

Linker script and memory map

LOAD D:/ST/STM32CubeIDE/STM32CubeIDE/plugins/com.st.stm32cube.ide.mcu.externaltools.gnu-tools-for-stm32.14.3.rel1.win32_1.0.100.202602081740/tools/bin/../lib/gcc/arm-none-eabi/14.3.1/thumb/v7e-m+fp/hard/crti.o
LOAD D:/ST/STM32CubeIDE/STM32CubeIDE/plugins/com.st.stm32cube.ide.mcu.externaltools.gnu-tools-for-stm32.14.3.rel1.win32_1.0.100.202602081740/tools/bin/../lib/gcc/arm-none-eabi/14.3.1/thumb/v7e-m+fp/hard/crtbegin.o
LOAD D:/ST/STM32CubeIDE/STM32CubeIDE/plugins/com.st.stm32cube.ide.mcu.externaltools.gnu-tools-for-stm32.14.3.rel1.win32_1.0.100.202602081740/tools/bin/../lib/gcc/arm-none-eabi/14.3.1/../../../../arm-none-eabi/lib/thumb/v7e-m+fp/hard/crt0.o
LOAD ./Core/Src/autonav.o
LOAD ./Core/Src/bt_cmd.o
LOAD ./Core/Src/button.o
LOAD ./Core/Src/encoder.o
LOAD ./Core/Src/freertos.o
LOAD ./Core/Src/im948.o
LOAD ./Core/Src/lidar.o
LOAD ./Core/Src/main.o
LOAD ./Core/Src/motor.o
LOAD ./Core/Src/pid.o
LOAD ./Core/Src/potentiometer.o
LOAD ./Core/Src/robot_state.o
LOAD ./Core/Src/ssd1306.o
LOAD ./Core/Src/stm32f4xx_hal_msp.o
LOAD ./Core/Src/stm32f4xx_it.o
LOAD ./Core/Src/syscalls.o
LOAD ./Core/Src/sysmem.o
LOAD ./Core/Src/system_stm32f4xx.o
LOAD ./Core/Src/uart_device.o
LOAD ./Core/Src/ui_task.o
LOAD ./Core/Startup/startup_stm32f446retx.o
LOAD ./Drivers/STM32F4xx_HAL_Driver/Src/stm32f4xx_hal.o
LOAD ./Drivers/STM32F4xx_HAL_Driver/Src/stm32f4xx_hal_adc.o
LOAD ./Drivers/STM32F4xx_HAL_Driver/Src/stm32f4xx_hal_adc_ex.o
LOAD ./Drivers/STM32F4xx_HAL_Driver/Src/stm32f4xx_hal_cortex.o
LOAD ./Drivers/STM32F4xx_HAL_Driver/Src/stm32f4xx_hal_dma.o
LOAD ./Drivers/STM32F4xx_HAL_Driver/Src/stm32f4xx_hal_dma_ex.o
LOAD ./Drivers/STM32F4xx_HAL_Driver/Src/stm32f4xx_hal_exti.o
LOAD ./Drivers/STM32F4xx_HAL_Driver/Src/stm32f4xx_hal_flash.o
LOAD ./Drivers/STM32F4xx_HAL_Driver/Src/stm32f4xx_hal_flash_ex.o
LOAD ./Drivers/STM32F4xx_HAL_Driver/Src/stm32f4xx_hal_flash_ramfunc.o
LOAD ./Drivers/STM32F4xx_HAL_Driver/Src/stm32f4xx_hal_gpio.o
LOAD ./Drivers/STM32F4xx_HAL_Driver/Src/stm32f4xx_hal_i2c.o
LOAD ./Drivers/STM32F4xx_HAL_Driver/Src/stm32f4xx_hal_i2c_ex.o
LOAD ./Drivers/STM32F4xx_HAL_Driver/Src/stm32f4xx_hal_pwr.o
LOAD ./Drivers/STM32F4xx_HAL_Driver/Src/stm32f4xx_hal_pwr_ex.o
LOAD ./Drivers/STM32F4xx_HAL_Driver/Src/stm32f4xx_hal_rcc.o
LOAD ./Drivers/STM32F4xx_HAL_Driver/Src/stm32f4xx_hal_rcc_ex.o
LOAD ./Drivers/STM32F4xx_HAL_Driver/Src/stm32f4xx_hal_tim.o
LOAD ./Drivers/STM32F4xx_HAL_Driver/Src/stm32f4xx_hal_tim_ex.o
LOAD ./Drivers/STM32F4xx_HAL_Driver/Src/stm32f4xx_hal_uart.o
LOAD ./Middlewares/Third_Party/FreeRTOS/Source/CMSIS_RTOS/cmsis_os.o
LOAD ./Middlewares/Third_Party/FreeRTOS/Source/croutine.o
LOAD ./Middlewares/Third_Party/FreeRTOS/Source/event_groups.o
LOAD ./Middlewares/Third_Party/FreeRTOS/Source/list.o
LOAD ./Middlewares/Third_Party/FreeRTOS/Source/queue.o
LOAD ./Middlewares/Third_Party/FreeRTOS/Source/stream_buffer.o
LOAD ./Middlewares/Third_Party/FreeRTOS/Source/tasks.o
LOAD ./Middlewares/Third_Party/FreeRTOS/Source/timers.o
LOAD ./Middlewares/Third_Party/FreeRTOS/Source/portable/GCC/ARM_CM4F/port.o
LOAD ./Middlewares/Third_Party/FreeRTOS/Source/portable/MemMang/heap_4.o
START GROUP
LOAD D:/ST/STM32CubeIDE/STM32CubeIDE/plugins/com.st.stm32cube.ide.mcu.externaltools.gnu-tools-for-stm32.14.3.rel1.win32_1.0.100.202602081740/tools/bin/../lib/gcc/arm-none-eabi/14.3.1/../../../../arm-none-eabi/lib/thumb/v7e-m+fp/hard\libc_nano.a
LOAD D:/ST/STM32CubeIDE/STM32CubeIDE/plugins/com.st.stm32cube.ide.mcu.externaltools.gnu-tools-for-stm32.14.3.rel1.win32_1.0.100.202602081740/tools/bin/../lib/gcc/arm-none-eabi/14.3.1/../../../../arm-none-eabi/lib/thumb/v7e-m+fp/hard\libm.a
END GROUP
START GROUP
LOAD D:/ST/STM32CubeIDE/STM32CubeIDE/plugins/com.st.stm32cube.ide.mcu.externaltools.gnu-tools-for-stm32.14.3.rel1.win32_1.0.100.202602081740/tools/bin/../lib/gcc/arm-none-eabi/14.3.1/thumb/v7e-m+fp/hard\libgcc.a
LOAD D:/ST/STM32CubeIDE/STM32CubeIDE/plugins/com.st.stm32cube.ide.mcu.externaltools.gnu-tools-for-stm32.14.3.rel1.win32_1.0.100.202602081740/tools/bin/../lib/gcc/arm-none-eabi/14.3.1/../../../../arm-none-eabi/lib/thumb/v7e-m+fp/hard\libc_nano.a
END GROUP
START GROUP
LOAD D:/ST/STM32CubeIDE/STM32CubeIDE/plugins/com.st.stm32cube.ide.mcu.externaltools.gnu-tools-for-stm32.14.3.rel1.win32_1.0.100.202602081740/tools/bin/../lib/gcc/arm-none-eabi/14.3.1/thumb/v7e-m+fp/hard\libgcc.a
LOAD D:/ST/STM32CubeIDE/STM32CubeIDE/plugins/com.st.stm32cube.ide.mcu.externaltools.gnu-tools-for-stm32.14.3.rel1.win32_1.0.100.202602081740/tools/bin/../lib/gcc/arm-none-eabi/14.3.1/../../../../arm-none-eabi/lib/thumb/v7e-m+fp/hard\libc_nano.a
LOAD D:/ST/STM32CubeIDE/STM32CubeIDE/plugins/com.st.stm32cube.ide.mcu.externaltools.gnu-tools-for-stm32.14.3.rel1.win32_1.0.100.202602081740/tools/bin/../lib/gcc/arm-none-eabi/14.3.1/../../../../arm-none-eabi/lib/thumb/v7e-m+fp/hard\libnosys.a
END GROUP
START GROUP
LOAD D:/ST/STM32CubeIDE/STM32CubeIDE/plugins/com.st.stm32cube.ide.mcu.externaltools.gnu-tools-for-stm32.14.3.rel1.win32_1.0.100.202602081740/tools/bin/../lib/gcc/arm-none-eabi/14.3.1/thumb/v7e-m+fp/hard\libgcc.a
LOAD D:/ST/STM32CubeIDE/STM32CubeIDE/plugins/com.st.stm32cube.ide.mcu.externaltools.gnu-tools-for-stm32.14.3.rel1.win32_1.0.100.202602081740/tools/bin/../lib/gcc/arm-none-eabi/14.3.1/../../../../arm-none-eabi/lib/thumb/v7e-m+fp/hard\libc_nano.a
LOAD D:/ST/STM32CubeIDE/STM32CubeIDE/plugins/com.st.stm32cube.ide.mcu.externaltools.gnu-tools-for-stm32.14.3.rel1.win32_1.0.100.202602081740/tools/bin/../lib/gcc/arm-none-eabi/14.3.1/../../../../arm-none-eabi/lib/thumb/v7e-m+fp/hard\libnosys.a
END GROUP
LOAD D:/ST/STM32CubeIDE/STM32CubeIDE/plugins/com.st.stm32cube.ide.mcu.externaltools.gnu-tools-for-stm32.14.3.rel1.win32_1.0.100.202602081740/tools/bin/../lib/gcc/arm-none-eabi/14.3.1/thumb/v7e-m+fp/hard/crtend.o
LOAD D:/ST/STM32CubeIDE/STM32CubeIDE/plugins/com.st.stm32cube.ide.mcu.externaltools.gnu-tools-for-stm32.14.3.rel1.win32_1.0.100.202602081740/tools/bin/../lib/gcc/arm-none-eabi/14.3.1/thumb/v7e-m+fp/hard/crtn.o
                0x20020000                        _estack = (ORIGIN (RAM) + LENGTH (RAM))
                0x00004000                        _Min_Heap_Size = 0x4000
                0x00001000                        _Min_Stack_Size = 0x1000

.isr_vector     0x08000000      0x1c4
                0x08000000                        . = ALIGN (0x4)
 *(.isr_vector)
 .isr_vector    0x08000000      0x1c4 ./Core/Startup/startup_stm32f446retx.o
                0x08000000                g_pfnVectors
                0x080001c4                        . = ALIGN (0x4)

.text           0x080001d0    0x117d0
                0x080001d0                        . = ALIGN (0x4)
 *(.text)
 .text          0x080001d0       0x40 D:/ST/STM32CubeIDE/STM32CubeIDE/plugins/com.st.stm32cube.ide.mcu.externaltools.gnu-tools-for-stm32.14.3.rel1.win32_1.0.100.202602081740/tools/bin/../lib/gcc/arm-none-eabi/14.3.1/thumb/v7e-m+fp/hard/crtbegin.o
 .text          0x08000210       0x10 D:/ST/STM32CubeIDE/STM32CubeIDE/plugins/com.st.stm32cube.ide.mcu.externaltools.gnu-tools-for-stm32.14.3.rel1.win32_1.0.100.202602081740/tools/bin/../lib/gcc/arm-none-eabi/14.3.1/../../../../arm-none-eabi/lib/thumb/v7e-m+fp/hard\libc_nano.a(libc_a-strlen.o)
                0x08000210                strlen
 .text          0x08000220       0xa0 D:/ST/STM32CubeIDE/STM32CubeIDE/plugins/com.st.stm32cube.ide.mcu.externaltools.gnu-tools-for-stm32.14.3.rel1.win32_1.0.100.202602081740/tools/bin/../lib/gcc/arm-none-eabi/14.3.1/../../../../arm-none-eabi/lib/thumb/v7e-m+fp/hard\libc_nano.a(libc_a-memchr.o)
                0x08000220                memchr
 .text          0x080002c0       0x30 D:/ST/STM32CubeIDE/STM32CubeIDE/plugins/com.st.stm32cube.ide.mcu.externaltools.gnu-tools-for-stm32.14.3.rel1.win32_1.0.100.202602081740/tools/bin/../lib/gcc/arm-none-eabi/14.3.1/thumb/v7e-m+fp/hard\libgcc.a(_aeabi_uldivmod.o)
                0x080002c0                __aeabi_uldivmod
 .text          0x080002f0      0x2f8 D:/ST/STM32CubeIDE/STM32CubeIDE/plugins/com.st.stm32cube.ide.mcu.externaltools.gnu-tools-for-stm32.14.3.rel1.win32_1.0.100.202602081740/tools/bin/../lib/gcc/arm-none-eabi/14.3.1/thumb/v7e-m+fp/hard\libgcc.a(_udivmoddi4.o)
                0x080002f0                __udivmoddi4
 .text          0x080005e8        0x4 D:/ST/STM32CubeIDE/STM32CubeIDE/plugins/com.st.stm32cube.ide.mcu.externaltools.gnu-tools-for-stm32.14.3.rel1.win32_1.0.100.202602081740/tools/bin/../lib/gcc/arm-none-eabi/14.3.1/thumb/v7e-m+fp/hard\libgcc.a(_dvmd_tls.o)
                0x080005e8                __aeabi_idiv0
                0x080005e8                __aeabi_ldiv0
 *(.text*)
 .text.clampf_local
                0x080005ec       0x52 ./Core/Src/autonav.o
 .text.clampi_local
                0x0800063e       0x32 ./Core/Src/autonav.o
 .text.norm180  0x08000670       0x74 ./Core/Src/autonav.o
 .text.deg_to_rad
                0x080006e4       0x28 ./Core/Src/autonav.o
 .text.yaw_error_deg
                0x0800070c       0x30 ./Core/Src/autonav.o
 .text.opposite_dir
                0x0800073c       0x22 ./Core/Src/autonav.o
 .text.cell_valid
                0x0800075e       0x40 ./Core/Src/autonav.o
 .text.manhattan
                0x0800079e       0x50 ./Core/Src/autonav.o
 *fill*         0x080007ee        0x2 
 .text.current_cell_from_pose
                0x080007f0       0x78 ./Core/Src/autonav.o
 .text.quantize_heading
                0x08000868       0x78 ./Core/Src/autonav.o
 .text.dir_between
                0x080008e0       0x52 ./Core/Src/autonav.o
 .text.turn_cost
                0x08000932       0x40 ./Core/Src/autonav.o
 *fill*         0x08000972        0x2 
 .text.sector_index_from_rel_deg
                0x08000974       0x64 ./Core/Src/autonav.o
 .text.reset_sector_buffers
                0x080009d8       0x70 ./Core/Src/autonav.o
 .text.world_to_grid
                0x08000a48       0x7c ./Core/Src/autonav.o
 .text.ogm_add  0x08000ac4       0x7c ./Core/Src/autonav.o
 .text.ogm_trace_free
                0x08000b40       0xd8 ./Core/Src/autonav.o
 .text.ogm_score_at
                0x08000c18       0xe4 ./Core/Src/autonav.o
 .text.update_ogm_ray
                0x08000cfc       0xf0 ./Core/Src/autonav.o
 .text.store_scan_point
                0x08000dec       0xd8 ./Core/Src/autonav.o
 .text.scan_match_candidate_score
                0x08000ec4      0x178 ./Core/Src/autonav.o
 .text.run_scan_match
                0x0800103c      0x1a4 ./Core/Src/autonav.o
 .text.sector_clearance
                0x080011e0       0xcc ./Core/Src/autonav.o
 .text.dir_clearance
                0x080012ac       0x4c ./Core/Src/autonav.o
 .text.estimate_wall_angle_error
                0x080012f8      0x14c ./Core/Src/autonav.o
 .text.update_edge
                0x08001444      0x16c ./Core/Src/autonav.o
 .text.collect_metrics
                0x080015b0      0x264 ./Core/Src/autonav.o
 .text.update_topology_from_metrics
                0x08001814       0xe8 ./Core/Src/autonav.o
 .text.edge_passable
                0x080018fc      0x15c ./Core/Src/autonav.o
 .text.astar_plan
                0x08001a58      0x57c ./Core/Src/autonav.o
 .text.choose_goal_directed_step
                0x08001fd4      0x1d0 ./Core/Src/autonav.o
 .text.choose_frontier_step
                0x080021a4      0x174 ./Core/Src/autonav.o
 .text.is_goal_reached
                0x08002318       0xd0 ./Core/Src/autonav.o
 .text.needs_wall_adjust
                0x080023e8       0x68 ./Core/Src/autonav.o
 .text.is_straight_safe
                0x08002450       0xb0 ./Core/Src/autonav.o
 .text.evaluate_local_window
                0x08002500      0x160 ./Core/Src/autonav.o
 .text.compute_micro_adjust_deg
                0x08002660       0xf0 ./Core/Src/autonav.o
 .text.publish_status
                0x08002750       0x70 ./Core/Src/autonav.o
 .text.format_metrics_status
                0x080027c0       0x8c ./Core/Src/autonav.o
 .text.enter_state
                0x0800284c       0x44 ./Core/Src/autonav.o
 .text.issue_turn_to_dir
                0x08002890       0x3c ./Core/Src/autonav.o
 .text.issue_move_cell
                0x080028cc        0xe ./Core/Src/autonav.o
 .text.issue_micro_adjust
                0x080028da       0x16 ./Core/Src/autonav.o
 .text.select_goal_for_mode
                0x080028f0       0x3c ./Core/Src/autonav.o
 .text.start_mode
                0x0800292c       0x90 ./Core/Src/autonav.o
 .text.handle_plan
                0x080029bc      0x1cc ./Core/Src/autonav.o
 .text.step_state_machine
                0x08002b88      0x410 ./Core/Src/autonav.o
 .text.AutoNav_Init
                0x08002f98       0xc0 ./Core/Src/autonav.o
                0x08002f98                AutoNav_Init
 .text.AutoNav_StartToExit
                0x08003058        0xe ./Core/Src/autonav.o
                0x08003058                AutoNav_StartToExit
 .text.AutoNav_ReturnToStart
                0x08003066        0xe ./Core/Src/autonav.o
                0x08003066                AutoNav_ReturnToStart
 .text.AutoNav_Stop
                0x08003074       0x24 ./Core/Src/autonav.o
                0x08003074                AutoNav_Stop
 .text.AutoNav_ObserveLidar
                0x08003098      0x130 ./Core/Src/autonav.o
                0x08003098                AutoNav_ObserveLidar
 .text.AutoNav_NotifyScanStart
                0x080031c8       0x84 ./Core/Src/autonav.o
                0x080031c8                AutoNav_NotifyScanStart
 .text.AutoNav_Tick
                0x0800324c       0xd0 ./Core/Src/autonav.o
                0x0800324c                AutoNav_Tick
 .text.AutoNavTask
                0x0800331c       0x16 ./Core/Src/autonav.o
                0x0800331c                AutoNavTask
 *fill*         0x08003332        0x2 
 .text.AutoNav_IsActive
                0x08003334       0x24 ./Core/Src/autonav.o
                0x08003334                AutoNav_IsActive
 .text.AutoNav_GetState
                0x08003358       0x18 ./Core/Src/autonav.o
                0x08003358                AutoNav_GetState
 .text.AutoNav_GetMetrics
                0x08003370       0x34 ./Core/Src/autonav.o
                0x08003370                AutoNav_GetMetrics
 .text.AutoNav_StateName
                0x080033a4       0xb0 ./Core/Src/autonav.o
                0x080033a4                AutoNav_StateName
 .text.yawError
                0x08003454       0x88 ./Core/Src/bt_cmd.o
 .text.BtCmd_Init
                0x080034dc      0x14c ./Core/Src/bt_cmd.o
                0x080034dc                BtCmd_Init
 .text.BtCmd_ExecutePreciseMove
                0x08003628       0xb0 ./Core/Src/bt_cmd.o
                0x08003628                BtCmd_ExecutePreciseMove
 .text.BtCmd_ExecutePreciseTurn
                0x080036d8       0xc4 ./Core/Src/bt_cmd.o
                0x080036d8                BtCmd_ExecutePreciseTurn
 .text.simple_atoi
                0x0800379c       0x62 ./Core/Src/bt_cmd.o
 *fill*         0x080037fe        0x2 
 .text.BtCmd_ProcessByte
                0x08003800      0x290 ./Core/Src/bt_cmd.o
                0x08003800                BtCmd_ProcessByte
 .text.updateTurnControl
                0x08003a90      0x12c ./Core/Src/bt_cmd.o
 .text.updateMoveControl
                0x08003bbc      0x23c ./Core/Src/bt_cmd.o
 .text.updateSimpleControl
                0x08003df8      0x214 ./Core/Src/bt_cmd.o
 .text.BtCmd_UpdateMotorControl
                0x0800400c       0x68 ./Core/Src/bt_cmd.o
                0x0800400c                BtCmd_UpdateMotorControl
 .text.Button_Init
                0x08004074       0x9c ./Core/Src/button.o
                0x08004074                Button_Init
 .text.Button_Poll
                0x08004110       0xc4 ./Core/Src/button.o
                0x08004110                Button_Poll
 .text.Button_IsPressed
                0x080041d4       0x38 ./Core/Src/button.o
                0x080041d4                Button_IsPressed
 .text.ButtonTask
                0x0800420c       0xa0 ./Core/Src/button.o
                0x0800420c                ButtonTask
 .text.Encoder_Init
                0x080042ac       0x44 ./Core/Src/encoder.o
                0x080042ac                Encoder_Init
 .text.Encoder_Update
                0x080042f0       0x90 ./Core/Src/encoder.o
                0x080042f0                Encoder_Update
 .text.Encoder_GetLeftSpeed
                0x08004380       0x4c ./Core/Src/encoder.o
                0x08004380                Encoder_GetLeftSpeed
 .text.Encoder_GetRightSpeed
                0x080043cc       0x4c ./Core/Src/encoder.o
                0x080043cc                Encoder_GetRightSpeed
 .text.Encoder_UpdateOdometry
                0x08004418       0xd4 ./Core/Src/encoder.o
                0x08004418                Encoder_UpdateOdometry
 .text.vApplicationGetIdleTaskMemory
                0x080044ec       0x34 ./Core/Src/freertos.o
                0x080044ec                vApplicationGetIdleTaskMemory
 .text.vApplicationGetTimerTaskMemory
                0x08004520       0x34 ./Core/Src/freertos.o
                0x08004520                vApplicationGetTimerTaskMemory
 .text.CommandTask
                0x08004554       0x44 ./Core/Src/freertos.o
                0x08004554                CommandTask
 .text.MotorControlTask
                0x08004598       0x28 ./Core/Src/freertos.o
                0x08004598                MotorControlTask
 .text.IMU900Task
                0x080045c0       0x1a ./Core/Src/freertos.o
                0x080045c0                IMU900Task
 .text.LidarTask
                0x080045da       0x1a ./Core/Src/freertos.o
                0x080045da                LidarTask
 .text.CalcSum1
                0x080045f4       0x36 ./Core/Src/im948.o
 .text.Memcpy_local
                0x0800462a       0x4c ./Core/Src/im948.o
 *fill*         0x08004676        0x2 
 .text.IMU_SendOdomUpdate
                0x08004678       0xac ./Core/Src/im948.o
                0x08004678                IMU_SendOdomUpdate
 .text.IMU_Init
                0x08004724       0x90 ./Core/Src/im948.o
                0x08004724                IMU_Init
 .text.IMU_Update
                0x080047b4       0xf8 ./Core/Src/im948.o
                0x080047b4                IMU_Update
 .text.Cmd_PackAndTx
                0x080048ac       0xdc ./Core/Src/im948.o
 .text.Cmd_GetPkt
                0x08004988      0x1c4 ./Core/Src/im948.o
                0x08004988                Cmd_GetPkt
 .text.Cmd_Write
                0x08004b4c       0x1e ./Core/Src/im948.o
 .text.Cmd_03   0x08004b6a       0x1c ./Core/Src/im948.o
                0x08004b6a                Cmd_03
 .text.Cmd_05   0x08004b86       0x1c ./Core/Src/im948.o
                0x08004b86                Cmd_05
 .text.Cmd_13   0x08004ba2       0x1c ./Core/Src/im948.o
                0x08004ba2                Cmd_13
 .text.Cmd_19   0x08004bbe       0x1c ./Core/Src/im948.o
                0x08004bbe                Cmd_19
 .text.Cmd_12   0x08004bda       0x96 ./Core/Src/im948.o
                0x08004bda                Cmd_12
 .text.Cmd_RxUnpack
                0x08004c70      0x298 ./Core/Src/im948.o
 .text.Lidar_SendCmd
                0x08004f08       0x26 ./Core/Src/lidar.o
 *fill*         0x08004f2e        0x2 
 .text.parseLidarNode
                0x08004f30      0x1b8 ./Core/Src/lidar.o
 .text.Lidar_Init
                0x080050e8       0xd8 ./Core/Src/lidar.o
                0x080050e8                Lidar_Init
 .text.Lidar_Update
                0x080051c0      0x120 ./Core/Src/lidar.o
                0x080051c0                Lidar_Update
 .text.main     0x080052e0      0x190 ./Core/Src/main.o
                0x080052e0                main
 .text.SystemClock_Config
                0x08005470       0xe4 ./Core/Src/main.o
                0x08005470                SystemClock_Config
 .text.MX_ADC1_Init
                0x08005554      0x15c ./Core/Src/main.o
 .text.MX_I2C1_Init
                0x080056b0       0x5c ./Core/Src/main.o
 .text.MX_TIM1_Init
                0x0800570c       0xb0 ./Core/Src/main.o
 .text.MX_TIM2_Init
                0x080057bc       0xc8 ./Core/Src/main.o
 .text.MX_TIM3_Init
                0x08005884       0xa8 ./Core/Src/main.o
 .text.MX_UART4_Init
                0x0800592c       0x54 ./Core/Src/main.o
 .text.MX_UART5_Init
                0x08005980       0x54 ./Core/Src/main.o
 .text.MX_USART1_UART_Init
                0x080059d4       0x54 ./Core/Src/main.o
 .text.MX_USART2_UART_Init
                0x08005a28       0x54 ./Core/Src/main.o
 .text.MX_DMA_Init
                0x08005a7c       0x9c ./Core/Src/main.o
 .text.MX_GPIO_Init
                0x08005b18       0xf8 ./Core/Src/main.o
 .text.StartDefaultTask
                0x08005c10       0x10 ./Core/Src/main.o
                0x08005c10                StartDefaultTask
 .text.Error_Handler
                0x08005c20        0xc ./Core/Src/main.o
                0x08005c20                Error_Handler
 .text.clamp    0x08005c2c       0x32 ./Core/Src/motor.o
 *fill*         0x08005c5e        0x2 
 .text.duty_to_pwm
                0x08005c60       0x34 ./Core/Src/motor.o
 .text.Motor_Init
                0x08005c94       0x20 ./Core/Src/motor.o
                0x08005c94                Motor_Init
 .text.Motor_SetLeft
                0x08005cb4       0x60 ./Core/Src/motor.o
                0x08005cb4                Motor_SetLeft
 .text.Motor_SetRight
                0x08005d14       0x5c ./Core/Src/motor.o
                0x08005d14                Motor_SetRight
 .text.Motor_Set
                0x08005d70       0x26 ./Core/Src/motor.o
                0x08005d70                Motor_Set
 *fill*         0x08005d96        0x2 
 .text.Motor_Brake
                0x08005d98       0x28 ./Core/Src/motor.o
                0x08005d98                Motor_Brake
 .text.Motor_TurnLeft
                0x08005dc0       0x1e ./Core/Src/motor.o
                0x08005dc0                Motor_TurnLeft
 .text.Motor_TurnRight
                0x08005dde       0x1e ./Core/Src/motor.o
                0x08005dde                Motor_TurnRight
 .text.PID_Initialize
                0x08005dfc       0x68 ./Core/Src/pid.o
 .text.PID_Init
                0x08005e64       0x8c ./Core/Src/pid.o
                0x08005e64                PID_Init
 .text.PID_InitSimple
                0x08005ef0       0x42 ./Core/Src/pid.o
                0x08005ef0                PID_InitSimple
 .text.PID_Compute
                0x08005f32      0x168 ./Core/Src/pid.o
                0x08005f32                PID_Compute
 *fill*         0x0800609a        0x2 
 .text.PID_SetTunings
                0x0800609c      0x100 ./Core/Src/pid.o
                0x0800609c                PID_SetTunings
 .text.PID_SetSampleTime
                0x0800619c       0x68 ./Core/Src/pid.o
                0x0800619c                PID_SetSampleTime
 .text.PID_SetOutputLimits
                0x08006204       0xba ./Core/Src/pid.o
                0x08006204                PID_SetOutputLimits
 .text.PID_SetMode
                0x080062be       0x50 ./Core/Src/pid.o
                0x080062be                PID_SetMode
 .text.PID_Reset
                0x0800630e       0x30 ./Core/Src/pid.o
                0x0800630e                PID_Reset
 .text.map_f    0x0800633e       0x88 ./Core/Src/potentiometer.o
 *fill*         0x080063c6        0x2 
 .text.Pot_Init
                0x080063c8       0x64 ./Core/Src/potentiometer.o
                0x080063c8                Pot_Init
 .text.Pot_Update
                0x0800642c      0x118 ./Core/Src/potentiometer.o
                0x0800642c                Pot_Update
 .text.RobotState_Init
                0x08006544       0x24 ./Core/Src/robot_state.o
                0x08006544                RobotState_Init
 .text.RobotState_Set
                0x08006568       0x34 ./Core/Src/robot_state.o
                0x08006568                RobotState_Set
 .text.RobotState_Get
                0x0800659c       0x18 ./Core/Src/robot_state.o
                0x0800659c                RobotState_Get
 .text.RobotState_LatchEstop
                0x080065b4       0x34 ./Core/Src/robot_state.o
                0x080065b4                RobotState_LatchEstop
 .text.RobotState_TryResetEstop
                0x080065e8       0x38 ./Core/Src/robot_state.o
                0x080065e8                RobotState_TryResetEstop
 .text.ssd1306_WriteCmd
                0x08006620       0x30 ./Core/Src/ssd1306.o
 .text.SSD1306_Init
                0x08006650       0x5c ./Core/Src/ssd1306.o
                0x08006650                SSD1306_Init
 .text.SSD1306_Clear
                0x080066ac       0x18 ./Core/Src/ssd1306.o
                0x080066ac                SSD1306_Clear
 .text.SSD1306_Update
                0x080066c4       0x54 ./Core/Src/ssd1306.o
                0x080066c4                SSD1306_Update
 .text.SSD1306_WriteChar
                0x08006718       0x8c ./Core/Src/ssd1306.o
                0x08006718                SSD1306_WriteChar
 .text.SSD1306_WriteString
                0x080067a4       0x44 ./Core/Src/ssd1306.o
                0x080067a4                SSD1306_WriteString
 .text.HAL_MspInit
                0x080067e8       0x58 ./Core/Src/stm32f4xx_hal_msp.o
                0x080067e8                HAL_MspInit
 .text.HAL_ADC_MspInit
                0x08006840       0xf0 ./Core/Src/stm32f4xx_hal_msp.o
                0x08006840                HAL_ADC_MspInit
 .text.HAL_I2C_MspInit
                0x08006930       0x90 ./Core/Src/stm32f4xx_hal_msp.o
                0x08006930                HAL_I2C_MspInit
 .text.HAL_TIM_Encoder_MspInit
                0x080069c0      0x13c ./Core/Src/stm32f4xx_hal_msp.o
                0x080069c0                HAL_TIM_Encoder_MspInit
 .text.HAL_TIM_PWM_MspInit
                0x08006afc       0x40 ./Core/Src/stm32f4xx_hal_msp.o
                0x08006afc                HAL_TIM_PWM_MspInit
 .text.HAL_TIM_MspPostInit
                0x08006b3c       0x70 ./Core/Src/stm32f4xx_hal_msp.o
                0x08006b3c                HAL_TIM_MspPostInit
 .text.HAL_UART_MspInit
                0x08006bac      0x438 ./Core/Src/stm32f4xx_hal_msp.o
                0x08006bac                HAL_UART_MspInit
 .text.NMI_Handler
                0x08006fe4        0x8 ./Core/Src/stm32f4xx_it.o
                0x08006fe4                NMI_Handler
 .text.HardFault_Handler
                0x08006fec        0x8 ./Core/Src/stm32f4xx_it.o
                0x08006fec                HardFault_Handler
 .text.MemManage_Handler
                0x08006ff4        0x8 ./Core/Src/stm32f4xx_it.o
                0x08006ff4                MemManage_Handler
 .text.BusFault_Handler
                0x08006ffc        0x8 ./Core/Src/stm32f4xx_it.o
                0x08006ffc                BusFault_Handler
 .text.UsageFault_Handler
                0x08007004        0x8 ./Core/Src/stm32f4xx_it.o
                0x08007004                UsageFault_Handler
 .text.DebugMon_Handler
                0x0800700c        0xe ./Core/Src/stm32f4xx_it.o
                0x0800700c                DebugMon_Handler
 .text.SysTick_Handler
                0x0800701a       0x10 ./Core/Src/stm32f4xx_it.o
                0x0800701a                SysTick_Handler
 *fill*         0x0800702a        0x2 
 .text.DMA1_Stream0_IRQHandler
                0x0800702c       0x14 ./Core/Src/stm32f4xx_it.o
                0x0800702c                DMA1_Stream0_IRQHandler
 .text.DMA1_Stream2_IRQHandler
                0x08007040       0x14 ./Core/Src/stm32f4xx_it.o
                0x08007040                DMA1_Stream2_IRQHandler
 .text.DMA1_Stream5_IRQHandler
                0x08007054       0x14 ./Core/Src/stm32f4xx_it.o
                0x08007054                DMA1_Stream5_IRQHandler
 .text.USART1_IRQHandler
                0x08007068       0x18 ./Core/Src/stm32f4xx_it.o
                0x08007068                USART1_IRQHandler
 .text.USART2_IRQHandler
                0x08007080       0x14 ./Core/Src/stm32f4xx_it.o
                0x08007080                USART2_IRQHandler
 .text.UART4_IRQHandler
                0x08007094       0x18 ./Core/Src/stm32f4xx_it.o
                0x08007094                UART4_IRQHandler
 .text.UART5_IRQHandler
                0x080070ac       0x18 ./Core/Src/stm32f4xx_it.o
                0x080070ac                UART5_IRQHandler
 .text.DMA2_Stream0_IRQHandler
                0x080070c4       0x14 ./Core/Src/stm32f4xx_it.o
                0x080070c4                DMA2_Stream0_IRQHandler
 .text.DMA2_Stream2_IRQHandler
                0x080070d8       0x14 ./Core/Src/stm32f4xx_it.o
                0x080070d8                DMA2_Stream2_IRQHandler
 .text.EXTI15_10_IRQHandler
                0x080070ec       0x24 ./Core/Src/stm32f4xx_it.o
                0x080070ec                EXTI15_10_IRQHandler
 .text._read    0x08007110       0x3a ./Core/Src/syscalls.o
                0x08007110                _read
 .text._close   0x0800714a       0x18 ./Core/Src/syscalls.o
                0x0800714a                _close
 .text._fstat   0x08007162       0x20 ./Core/Src/syscalls.o
                0x08007162                _fstat
 .text._isatty  0x08007182       0x16 ./Core/Src/syscalls.o
                0x08007182                _isatty
 .text._lseek   0x08007198       0x1a ./Core/Src/syscalls.o
                0x08007198                _lseek
 *fill*         0x080071b2        0x2 
 .text._sbrk    0x080071b4       0x6c ./Core/Src/sysmem.o
                0x080071b4                _sbrk
 .text.SystemInit
                0x08007220       0x24 ./Core/Src/system_stm32f4xx.o
                0x08007220                SystemInit
 .text._write   0x08007244       0x2c ./Core/Src/uart_device.o
                0x08007244                _write
 .text.UART_Device_Init
                0x08007270       0x74 ./Core/Src/uart_device.o
                0x08007270                UART_Device_Init
 .text.IMU_SendBytes
                0x080072e4       0x28 ./Core/Src/uart_device.o
                0x080072e4                IMU_SendBytes
 .text.BT_SendBytes
                0x0800730c       0x28 ./Core/Src/uart_device.o
                0x0800730c                BT_SendBytes
 .text.BT_SendString
                0x08007334       0x2c ./Core/Src/uart_device.o
                0x08007334                BT_SendString
 .text.Lidar_SendBytes
                0x08007360       0x28 ./Core/Src/uart_device.o
                0x08007360                Lidar_SendBytes
 .text.DMA_ReadRingBuffer
                0x08007388       0x78 ./Core/Src/uart_device.o
 .text.UART_IDLE_Callback
                0x08007400       0x38 ./Core/Src/uart_device.o
                0x08007400                UART_IDLE_Callback
 .text.IMU_ProcessDMA
                0x08007438       0x5c ./Core/Src/uart_device.o
                0x08007438                IMU_ProcessDMA
 .text.BT_ReadDMA
                0x08007494       0x38 ./Core/Src/uart_device.o
                0x08007494                BT_ReadDMA
 .text.Lidar_ReadDMA
                0x080074cc       0x38 ./Core/Src/uart_device.o
                0x080074cc                Lidar_ReadDMA
 .text.clamp_i  0x08007504       0x32 ./Core/Src/ui_task.o
 *fill*         0x08007536        0x2 
 .text.UITask   0x08007538      0x360 ./Core/Src/ui_task.o
                0x08007538                UITask
 .text.Reset_Handler
                0x08007898       0x50 ./Core/Startup/startup_stm32f446retx.o
                0x08007898                Reset_Handler
 .text.Default_Handler
                0x080078e8        0x2 ./Core/Startup/startup_stm32f446retx.o
                0x080078e8                RTC_Alarm_IRQHandler
                0x080078e8                EXTI2_IRQHandler
                0x080078e8                TIM8_CC_IRQHandler
                0x080078e8                FMPI2C1_EV_IRQHandler
                0x080078e8                SPI4_IRQHandler
                0x080078e8                TIM1_CC_IRQHandler
                0x080078e8                DMA2_Stream5_IRQHandler
                0x080078e8                PVD_IRQHandler
                0x080078e8                SDIO_IRQHandler
                0x080078e8                TAMP_STAMP_IRQHandler
                0x080078e8                CAN2_RX1_IRQHandler
                0x080078e8                EXTI3_IRQHandler
                0x080078e8                TIM8_TRG_COM_TIM14_IRQHandler
                0x080078e8                TIM1_UP_TIM10_IRQHandler
                0x080078e8                TIM8_UP_TIM13_IRQHandler
                0x080078e8                I2C3_ER_IRQHandler
                0x080078e8                EXTI0_IRQHandler
                0x080078e8                I2C2_EV_IRQHandler
                0x080078e8                CAN1_RX0_IRQHandler
                0x080078e8                FPU_IRQHandler
                0x080078e8                OTG_HS_WKUP_IRQHandler
                0x080078e8                CAN2_SCE_IRQHandler
                0x080078e8                SPI1_IRQHandler
                0x080078e8                TIM6_DAC_IRQHandler
                0x080078e8                TIM1_BRK_TIM9_IRQHandler
                0x080078e8                DCMI_IRQHandler
                0x080078e8                CAN2_RX0_IRQHandler
                0x080078e8                DMA2_Stream3_IRQHandler
                0x080078e8                SAI2_IRQHandler
                0x080078e8                USART6_IRQHandler
                0x080078e8                USART3_IRQHandler
                0x080078e8                CAN1_RX1_IRQHandler
                0x080078e8                TIM4_IRQHandler
                0x080078e8                QUADSPI_IRQHandler
                0x080078e8                I2C1_EV_IRQHandler
                0x080078e8                DMA1_Stream6_IRQHandler
                0x080078e8                DMA1_Stream1_IRQHandler
                0x080078e8                TIM3_IRQHandler
                0x080078e8                RCC_IRQHandler
                0x080078e8                TIM8_BRK_TIM12_IRQHandler
                0x080078e8                Default_Handler
                0x080078e8                CEC_IRQHandler
                0x080078e8                ADC_IRQHandler
                0x080078e8                DMA1_Stream7_IRQHandler
                0x080078e8                TIM7_IRQHandler
                0x080078e8                CAN2_TX_IRQHandler
                0x080078e8                TIM5_IRQHandler
                0x080078e8                DMA2_Stream7_IRQHandler
                0x080078e8                I2C3_EV_IRQHandler
                0x080078e8                EXTI9_5_IRQHandler
                0x080078e8                RTC_WKUP_IRQHandler
                0x080078e8                SPDIF_RX_IRQHandler
                0x080078e8                SPI2_IRQHandler
                0x080078e8                OTG_HS_EP1_IN_IRQHandler
                0x080078e8                CAN1_TX_IRQHandler
                0x080078e8                FMPI2C1_ER_IRQHandler
                0x080078e8                EXTI4_IRQHandler
                0x080078e8                OTG_HS_EP1_OUT_IRQHandler
                0x080078e8                WWDG_IRQHandler
                0x080078e8                TIM2_IRQHandler
                0x080078e8                OTG_FS_WKUP_IRQHandler
                0x080078e8                TIM1_TRG_COM_TIM11_IRQHandler
                0x080078e8                OTG_HS_IRQHandler
                0x080078e8                EXTI1_IRQHandler
                0x080078e8                I2C2_ER_IRQHandler
                0x080078e8                DMA2_Stream1_IRQHandler
                0x080078e8                CAN1_SCE_IRQHandler
                0x080078e8                FLASH_IRQHandler
                0x080078e8                DMA2_Stream4_IRQHandler
                0x080078e8                OTG_FS_IRQHandler
                0x080078e8                SPI3_IRQHandler
                0x080078e8                DMA1_Stream4_IRQHandler
                0x080078e8                I2C1_ER_IRQHandler
                0x080078e8                FMC_IRQHandler
                0x080078e8                DMA2_Stream6_IRQHandler
                0x080078e8                SAI1_IRQHandler
                0x080078e8                DMA1_Stream3_IRQHandler
 *fill*         0x080078ea        0x2 
 .text.HAL_Init
                0x080078ec       0x44 ./Drivers/STM32F4xx_HAL_Driver/Src/stm32f4xx_hal.o
                0x080078ec                HAL_Init
 .text.HAL_InitTick
                0x08007930       0x60 ./Drivers/STM32F4xx_HAL_Driver/Src/stm32f4xx_hal.o
                0x08007930                HAL_InitTick
 .text.HAL_IncTick
                0x08007990       0x28 ./Drivers/STM32F4xx_HAL_Driver/Src/stm32f4xx_hal.o
                0x08007990                HAL_IncTick
 .text.HAL_GetTick
                0x080079b8       0x18 ./Drivers/STM32F4xx_HAL_Driver/Src/stm32f4xx_hal.o
                0x080079b8                HAL_GetTick
 .text.HAL_Delay
                0x080079d0       0x48 ./Drivers/STM32F4xx_HAL_Driver/Src/stm32f4xx_hal.o
                0x080079d0                HAL_Delay
 .text.HAL_ADC_Init
                0x08007a18       0x86 ./Drivers/STM32F4xx_HAL_Driver/Src/stm32f4xx_hal_adc.o
                0x08007a18                HAL_ADC_Init
 *fill*         0x08007a9e        0x2 
 .text.HAL_ADC_Start_DMA
                0x08007aa0      0x228 ./Drivers/STM32F4xx_HAL_Driver/Src/stm32f4xx_hal_adc.o
                0x08007aa0                HAL_ADC_Start_DMA
 .text.HAL_ADC_ConvCpltCallback
                0x08007cc8       0x14 ./Drivers/STM32F4xx_HAL_Driver/Src/stm32f4xx_hal_adc.o
                0x08007cc8                HAL_ADC_ConvCpltCallback
 .text.HAL_ADC_ConvHalfCpltCallback
                0x08007cdc       0x14 ./Drivers/STM32F4xx_HAL_Driver/Src/stm32f4xx_hal_adc.o
                0x08007cdc                HAL_ADC_ConvHalfCpltCallback
 .text.HAL_ADC_ErrorCallback
                0x08007cf0       0x14 ./Drivers/STM32F4xx_HAL_Driver/Src/stm32f4xx_hal_adc.o
                0x08007cf0                HAL_ADC_ErrorCallback
 .text.HAL_ADC_ConfigChannel
                0x08007d04      0x264 ./Drivers/STM32F4xx_HAL_Driver/Src/stm32f4xx_hal_adc.o
                0x08007d04                HAL_ADC_ConfigChannel
 .text.ADC_Init
                0x08007f68      0x1f8 ./Drivers/STM32F4xx_HAL_Driver/Src/stm32f4xx_hal_adc.o
 .text.ADC_DMAConvCplt
                0x08008160       0xba ./Drivers/STM32F4xx_HAL_Driver/Src/stm32f4xx_hal_adc.o
 .text.ADC_DMAHalfConvCplt
                0x0800821a       0x1c ./Drivers/STM32F4xx_HAL_Driver/Src/stm32f4xx_hal_adc.o
 .text.ADC_DMAError
                0x08008236       0x2e ./Drivers/STM32F4xx_HAL_Driver/Src/stm32f4xx_hal_adc.o
 .text.HAL_ADCEx_InjectedConfigChannel
                0x08008264      0x334 ./Drivers/STM32F4xx_HAL_Driver/Src/stm32f4xx_hal_adc_ex.o
                0x08008264                HAL_ADCEx_InjectedConfigChannel
 .text.__NVIC_SetPriorityGrouping
                0x08008598       0x48 ./Drivers/STM32F4xx_HAL_Driver/Src/stm32f4xx_hal_cortex.o
 .text.__NVIC_GetPriorityGrouping
                0x080085e0       0x1c ./Drivers/STM32F4xx_HAL_Driver/Src/stm32f4xx_hal_cortex.o
 .text.__NVIC_EnableIRQ
                0x080085fc       0x3c ./Drivers/STM32F4xx_HAL_Driver/Src/stm32f4xx_hal_cortex.o
 .text.__NVIC_SetPriority
                0x08008638       0x54 ./Drivers/STM32F4xx_HAL_Driver/Src/stm32f4xx_hal_cortex.o
 .text.NVIC_EncodePriority
                0x0800868c       0x66 ./Drivers/STM32F4xx_HAL_Driver/Src/stm32f4xx_hal_cortex.o
 *fill*         0x080086f2        0x2 
 .text.SysTick_Config
                0x080086f4       0x44 ./Drivers/STM32F4xx_HAL_Driver/Src/stm32f4xx_hal_cortex.o
 .text.HAL_NVIC_SetPriorityGrouping
                0x08008738       0x16 ./Drivers/STM32F4xx_HAL_Driver/Src/stm32f4xx_hal_cortex.o
                0x08008738                HAL_NVIC_SetPriorityGrouping
 .text.HAL_NVIC_SetPriority
                0x0800874e       0x38 ./Drivers/STM32F4xx_HAL_Driver/Src/stm32f4xx_hal_cortex.o
                0x0800874e                HAL_NVIC_SetPriority
 .text.HAL_NVIC_EnableIRQ
                0x08008786       0x1c ./Drivers/STM32F4xx_HAL_Driver/Src/stm32f4xx_hal_cortex.o
                0x08008786                HAL_NVIC_EnableIRQ
 .text.HAL_SYSTICK_Config
                0x080087a2       0x18 ./Drivers/STM32F4xx_HAL_Driver/Src/stm32f4xx_hal_cortex.o
                0x080087a2                HAL_SYSTICK_Config
 *fill*         0x080087ba        0x2 
 .text.HAL_DMA_Init
                0x080087bc      0x15c ./Drivers/STM32F4xx_HAL_Driver/Src/stm32f4xx_hal_dma.o
                0x080087bc                HAL_DMA_Init
 .text.HAL_DMA_Start_IT
                0x08008918       0xb0 ./Drivers/STM32F4xx_HAL_Driver/Src/stm32f4xx_hal_dma.o
                0x08008918                HAL_DMA_Start_IT
 .text.HAL_DMA_Abort
                0x080089c8       0xe0 ./Drivers/STM32F4xx_HAL_Driver/Src/stm32f4xx_hal_dma.o
                0x080089c8                HAL_DMA_Abort
 .text.HAL_DMA_Abort_IT
                0x08008aa8       0x44 ./Drivers/STM32F4xx_HAL_Driver/Src/stm32f4xx_hal_dma.o
                0x08008aa8                HAL_DMA_Abort_IT
 .text.HAL_DMA_IRQHandler
                0x08008aec      0x314 ./Drivers/STM32F4xx_HAL_Driver/Src/stm32f4xx_hal_dma.o
                0x08008aec                HAL_DMA_IRQHandler
 .text.DMA_SetConfig
                0x08008e00       0x5c ./Drivers/STM32F4xx_HAL_Driver/Src/stm32f4xx_hal_dma.o
 .text.DMA_CalcBaseAndBitshift
                0x08008e5c       0x6c ./Drivers/STM32F4xx_HAL_Driver/Src/stm32f4xx_hal_dma.o
 .text.DMA_CheckFifoParam
                0x08008ec8       0xf8 ./Drivers/STM32F4xx_HAL_Driver/Src/stm32f4xx_hal_dma.o
 .text.HAL_GPIO_Init
                0x08008fc0      0x328 ./Drivers/STM32F4xx_HAL_Driver/Src/stm32f4xx_hal_gpio.o
                0x08008fc0                HAL_GPIO_Init
 .text.HAL_GPIO_ReadPin
                0x080092e8       0x30 ./Drivers/STM32F4xx_HAL_Driver/Src/stm32f4xx_hal_gpio.o
                0x080092e8                HAL_GPIO_ReadPin
 .text.HAL_GPIO_WritePin
                0x08009318       0x32 ./Drivers/STM32F4xx_HAL_Driver/Src/stm32f4xx_hal_gpio.o
                0x08009318                HAL_GPIO_WritePin
 *fill*         0x0800934a        0x2 
 .text.HAL_I2C_Init
                0x0800934c      0x288 ./Drivers/STM32F4xx_HAL_Driver/Src/stm32f4xx_hal_i2c.o
                0x0800934c                HAL_I2C_Init
 .text.HAL_I2C_Mem_Write
                0x080095d4      0x1f4 ./Drivers/STM32F4xx_HAL_Driver/Src/stm32f4xx_hal_i2c.o
                0x080095d4                HAL_I2C_Mem_Write
 .text.HAL_I2C_IsDeviceReady
                0x080097c8      0x25c ./Drivers/STM32F4xx_HAL_Driver/Src/stm32f4xx_hal_i2c.o
                0x080097c8                HAL_I2C_IsDeviceReady
 .text.I2C_RequestMemoryWrite
                0x08009a24      0x12c ./Drivers/STM32F4xx_HAL_Driver/Src/stm32f4xx_hal_i2c.o
 .text.I2C_WaitOnFlagUntilTimeout
                0x08009b50       0xf4 ./Drivers/STM32F4xx_HAL_Driver/Src/stm32f4xx_hal_i2c.o
 .text.I2C_WaitOnMasterAddressFlagUntilTimeout
                0x08009c44      0x140 ./Drivers/STM32F4xx_HAL_Driver/Src/stm32f4xx_hal_i2c.o
 .text.I2C_WaitOnTXEFlagUntilTimeout
                0x08009d84       0x90 ./Drivers/STM32F4xx_HAL_Driver/Src/stm32f4xx_hal_i2c.o
 .text.I2C_WaitOnBTFFlagUntilTimeout
                0x08009e14       0x90 ./Drivers/STM32F4xx_HAL_Driver/Src/stm32f4xx_hal_i2c.o
 .text.I2C_IsAcknowledgeFailed
                0x08009ea4       0x5e ./Drivers/STM32F4xx_HAL_Driver/Src/stm32f4xx_hal_i2c.o
 *fill*         0x08009f02        0x2 
 .text.HAL_PWREx_EnableOverDrive
                0x08009f04       0xa0 ./Drivers/STM32F4xx_HAL_Driver/Src/stm32f4xx_hal_pwr_ex.o
                0x08009f04                HAL_PWREx_EnableOverDrive
 .text.HAL_RCC_ClockConfig
                0x08009fa4      0x1cc ./Drivers/STM32F4xx_HAL_Driver/Src/stm32f4xx_hal_rcc.o
                0x08009fa4                HAL_RCC_ClockConfig
 .text.HAL_RCC_GetHCLKFreq
                0x0800a170       0x18 ./Drivers/STM32F4xx_HAL_Driver/Src/stm32f4xx_hal_rcc.o
                0x0800a170                HAL_RCC_GetHCLKFreq
 .text.HAL_RCC_GetPCLK1Freq
                0x0800a188       0x28 ./Drivers/STM32F4xx_HAL_Driver/Src/stm32f4xx_hal_rcc.o
                0x0800a188                HAL_RCC_GetPCLK1Freq
 .text.HAL_RCC_GetPCLK2Freq
                0x0800a1b0       0x28 ./Drivers/STM32F4xx_HAL_Driver/Src/stm32f4xx_hal_rcc.o
                0x0800a1b0                HAL_RCC_GetPCLK2Freq
 .text.HAL_RCC_GetSysClockFreq
                0x0800a1d8      0x460 ./Drivers/STM32F4xx_HAL_Driver/Src/stm32f4xx_hal_rcc_ex.o
                0x0800a1d8                HAL_RCC_GetSysClockFreq
 .text.HAL_RCC_OscConfig
                0x0800a638      0x53c ./Drivers/STM32F4xx_HAL_Driver/Src/stm32f4xx_hal_rcc_ex.o
                0x0800a638                HAL_RCC_OscConfig
 .text.HAL_TIM_PWM_Init
                0x0800ab74       0x9e ./Drivers/STM32F4xx_HAL_Driver/Src/stm32f4xx_hal_tim.o
                0x0800ab74                HAL_TIM_PWM_Init
 *fill*         0x0800ac12        0x2 
 .text.HAL_TIM_PWM_Start
                0x0800ac14      0x190 ./Drivers/STM32F4xx_HAL_Driver/Src/stm32f4xx_hal_tim.o
                0x0800ac14                HAL_TIM_PWM_Start
 .text.HAL_TIM_Encoder_Init
                0x0800ada4      0x14c ./Drivers/STM32F4xx_HAL_Driver/Src/stm32f4xx_hal_tim.o
                0x0800ada4                HAL_TIM_Encoder_Init
 .text.HAL_TIM_Encoder_Start
                0x0800aef0      0x11c ./Drivers/STM32F4xx_HAL_Driver/Src/stm32f4xx_hal_tim.o
                0x0800aef0                HAL_TIM_Encoder_Start
 .text.HAL_TIM_PWM_ConfigChannel
                0x0800b00c      0x184 ./Drivers/STM32F4xx_HAL_Driver/Src/stm32f4xx_hal_tim.o
                0x0800b00c                HAL_TIM_PWM_ConfigChannel
 .text.TIM_Base_SetConfig
                0x0800b190      0x14c ./Drivers/STM32F4xx_HAL_Driver/Src/stm32f4xx_hal_tim.o
                0x0800b190                TIM_Base_SetConfig
 .text.TIM_OC1_SetConfig
                0x0800b2dc       0xe0 ./Drivers/STM32F4xx_HAL_Driver/Src/stm32f4xx_hal_tim.o
 .text.TIM_OC2_SetConfig
                0x0800b3bc       0xec ./Drivers/STM32F4xx_HAL_Driver/Src/stm32f4xx_hal_tim.o
                0x0800b3bc                TIM_OC2_SetConfig
 .text.TIM_OC3_SetConfig
                0x0800b4a8       0xe8 ./Drivers/STM32F4xx_HAL_Driver/Src/stm32f4xx_hal_tim.o
 .text.TIM_OC4_SetConfig
                0x0800b590       0xac ./Drivers/STM32F4xx_HAL_Driver/Src/stm32f4xx_hal_tim.o
 .text.TIM_CCxChannelCmd
                0x0800b63c       0x4a ./Drivers/STM32F4xx_HAL_Driver/Src/stm32f4xx_hal_tim.o
                0x0800b63c                TIM_CCxChannelCmd
 *fill*         0x0800b686        0x2 
 .text.HAL_TIMEx_MasterConfigSynchronization
                0x0800b688       0xf8 ./Drivers/STM32F4xx_HAL_Driver/Src/stm32f4xx_hal_tim_ex.o
                0x0800b688                HAL_TIMEx_MasterConfigSynchronization
 .text.HAL_UART_Init
                0x0800b780       0xa0 ./Drivers/STM32F4xx_HAL_Driver/Src/stm32f4xx_hal_uart.o
                0x0800b780                HAL_UART_Init
 .text.HAL_UART_Transmit
                0x0800b820      0x116 ./Drivers/STM32F4xx_HAL_Driver/Src/stm32f4xx_hal_uart.o
                0x0800b820                HAL_UART_Transmit
 .text.HAL_UART_Receive_DMA
                0x0800b936       0x4a ./Drivers/STM32F4xx_HAL_Driver/Src/stm32f4xx_hal_uart.o
                0x0800b936                HAL_UART_Receive_DMA
 .text.HAL_UART_IRQHandler
                0x0800b980      0x554 ./Drivers/STM32F4xx_HAL_Driver/Src/stm32f4xx_hal_uart.o
                0x0800b980                HAL_UART_IRQHandler
 .text.HAL_UART_TxCpltCallback
                0x0800bed4       0x14 ./Drivers/STM32F4xx_HAL_Driver/Src/stm32f4xx_hal_uart.o
                0x0800bed4                HAL_UART_TxCpltCallback
 .text.HAL_UART_RxCpltCallback
                0x0800bee8       0x14 ./Drivers/STM32F4xx_HAL_Driver/Src/stm32f4xx_hal_uart.o
                0x0800bee8                HAL_UART_RxCpltCallback
 .text.HAL_UART_RxHalfCpltCallback
                0x0800befc       0x14 ./Drivers/STM32F4xx_HAL_Driver/Src/stm32f4xx_hal_uart.o
                0x0800befc                HAL_UART_RxHalfCpltCallback
 .text.HAL_UART_ErrorCallback
                0x0800bf10       0x14 ./Drivers/STM32F4xx_HAL_Driver/Src/stm32f4xx_hal_uart.o
                0x0800bf10                HAL_UART_ErrorCallback
 .text.HAL_UARTEx_RxEventCallback
                0x0800bf24       0x18 ./Drivers/STM32F4xx_HAL_Driver/Src/stm32f4xx_hal_uart.o
                0x0800bf24                HAL_UARTEx_RxEventCallback
 .text.UART_DMAReceiveCplt
                0x0800bf3c      0x12c ./Drivers/STM32F4xx_HAL_Driver/Src/stm32f4xx_hal_uart.o
 .text.UART_DMARxHalfCplt
                0x0800c068       0x3c ./Drivers/STM32F4xx_HAL_Driver/Src/stm32f4xx_hal_uart.o
 .text.UART_DMAError
                0x0800c0a4       0x94 ./Drivers/STM32F4xx_HAL_Driver/Src/stm32f4xx_hal_uart.o
 .text.UART_WaitOnFlagUntilTimeout
                0x0800c138       0xb2 ./Drivers/STM32F4xx_HAL_Driver/Src/stm32f4xx_hal_uart.o
 *fill*         0x0800c1ea        0x2 
 .text.UART_Start_Receive_DMA
                0x0800c1ec      0x14c ./Drivers/STM32F4xx_HAL_Driver/Src/stm32f4xx_hal_uart.o
                0x0800c1ec                UART_Start_Receive_DMA
 .text.UART_EndTxTransfer
                0x0800c338       0x50 ./Drivers/STM32F4xx_HAL_Driver/Src/stm32f4xx_hal_uart.o
 .text.UART_EndRxTransfer
                0x0800c388       0xc6 ./Drivers/STM32F4xx_HAL_Driver/Src/stm32f4xx_hal_uart.o
 .text.UART_DMAAbortOnError
                0x0800c44e       0x22 ./Drivers/STM32F4xx_HAL_Driver/Src/stm32f4xx_hal_uart.o
 .text.UART_Transmit_IT
                0x0800c470       0xa0 ./Drivers/STM32F4xx_HAL_Driver/Src/stm32f4xx_hal_uart.o
 .text.UART_EndTransmit_IT
                0x0800c510       0x30 ./Drivers/STM32F4xx_HAL_Driver/Src/stm32f4xx_hal_uart.o
 .text.UART_Receive_IT
                0x0800c540      0x17c ./Drivers/STM32F4xx_HAL_Driver/Src/stm32f4xx_hal_uart.o
 .text.UART_SetConfig
                0x0800c6bc      0x4e8 ./Drivers/STM32F4xx_HAL_Driver/Src/stm32f4xx_hal_uart.o
 .text.makeFreeRtosPriority
                0x0800cba4       0x30 ./Middlewares/Third_Party/FreeRTOS/Source/CMSIS_RTOS/cmsis_os.o
 .text.osKernelStart
                0x0800cbd4        0xe ./Middlewares/Third_Party/FreeRTOS/Source/CMSIS_RTOS/cmsis_os.o
                0x0800cbd4                osKernelStart
 .text.osThreadCreate
                0x0800cbe2       0x98 ./Middlewares/Third_Party/FreeRTOS/Source/CMSIS_RTOS/cmsis_os.o
                0x0800cbe2                osThreadCreate
 .text.osDelay  0x0800cc7a       0x28 ./Middlewares/Third_Party/FreeRTOS/Source/CMSIS_RTOS/cmsis_os.o
                0x0800cc7a                osDelay
 .text.osSystickHandler
                0x0800cca2       0x16 ./Middlewares/Third_Party/FreeRTOS/Source/CMSIS_RTOS/cmsis_os.o
                0x0800cca2                osSystickHandler
 .text.vListInitialise
                0x0800ccb8       0x40 ./Middlewares/Third_Party/FreeRTOS/Source/list.o
                0x0800ccb8                vListInitialise
 .text.vListInitialiseItem
                0x0800ccf8       0x1a ./Middlewares/Third_Party/FreeRTOS/Source/list.o
                0x0800ccf8                vListInitialiseItem
 .text.vListInsertEnd
                0x0800cd12       0x48 ./Middlewares/Third_Party/FreeRTOS/Source/list.o
                0x0800cd12                vListInsertEnd
 .text.vListInsert
                0x0800cd5a       0x72 ./Middlewares/Third_Party/FreeRTOS/Source/list.o
                0x0800cd5a                vListInsert
 .text.uxListRemove
                0x0800cdcc       0x54 ./Middlewares/Third_Party/FreeRTOS/Source/list.o
                0x0800cdcc                uxListRemove
 .text.xQueueGenericReset
                0x0800ce20       0xd4 ./Middlewares/Third_Party/FreeRTOS/Source/queue.o
                0x0800ce20                xQueueGenericReset
 .text.xQueueGenericCreateStatic
                0x0800cef4       0xfa ./Middlewares/Third_Party/FreeRTOS/Source/queue.o
                0x0800cef4                xQueueGenericCreateStatic
 .text.prvInitialiseNewQueue
                0x0800cfee       0x3e ./Middlewares/Third_Party/FreeRTOS/Source/queue.o
 .text.xQueueGenericSend
                0x0800d02c      0x204 ./Middlewares/Third_Party/FreeRTOS/Source/queue.o
                0x0800d02c                xQueueGenericSend
 .text.xQueueGenericSendFromISR
                0x0800d230      0x13c ./Middlewares/Third_Party/FreeRTOS/Source/queue.o
                0x0800d230                xQueueGenericSendFromISR
 .text.xQueueReceive
                0x0800d36c      0x1c4 ./Middlewares/Third_Party/FreeRTOS/Source/queue.o
                0x0800d36c                xQueueReceive
 .text.prvCopyDataToQueue
                0x0800d530       0xd4 ./Middlewares/Third_Party/FreeRTOS/Source/queue.o
 .text.prvCopyDataFromQueue
                0x0800d604       0x4c ./Middlewares/Third_Party/FreeRTOS/Source/queue.o
 .text.prvUnlockQueue
                0x0800d650       0xa4 ./Middlewares/Third_Party/FreeRTOS/Source/queue.o
 .text.prvIsQueueEmpty
                0x0800d6f4       0x2c ./Middlewares/Third_Party/FreeRTOS/Source/queue.o
 .text.prvIsQueueFull
                0x0800d720       0x30 ./Middlewares/Third_Party/FreeRTOS/Source/queue.o
 .text.vQueueAddToRegistry
                0x0800d750       0x54 ./Middlewares/Third_Party/FreeRTOS/Source/queue.o
                0x0800d750                vQueueAddToRegistry
 .text.vQueueWaitForMessageRestricted
                0x0800d7a4       0x68 ./Middlewares/Third_Party/FreeRTOS/Source/queue.o
                0x0800d7a4                vQueueWaitForMessageRestricted
 .text.xTaskCreateStatic
                0x0800d80c       0xc0 ./Middlewares/Third_Party/FreeRTOS/Source/tasks.o
                0x0800d80c                xTaskCreateStatic
 .text.xTaskCreate
                0x0800d8cc       0x8a ./Middlewares/Third_Party/FreeRTOS/Source/tasks.o
                0x0800d8cc                xTaskCreate
 .text.prvInitialiseNewTask
                0x0800d956      0x110 ./Middlewares/Third_Party/FreeRTOS/Source/tasks.o
 *fill*         0x0800da66        0x2 
 .text.prvAddNewTaskToReadyList
                0x0800da68       0xd4 ./Middlewares/Third_Party/FreeRTOS/Source/tasks.o
 .text.vTaskDelay
                0x0800db3c       0x6c ./Middlewares/Third_Party/FreeRTOS/Source/tasks.o
                0x0800db3c                vTaskDelay
 .text.vTaskStartScheduler
                0x0800dba8       0xd0 ./Middlewares/Third_Party/FreeRTOS/Source/tasks.o
                0x0800dba8                vTaskStartScheduler
 .text.vTaskSuspendAll
                0x0800dc78       0x1c ./Middlewares/Third_Party/FreeRTOS/Source/tasks.o
                0x0800dc78                vTaskSuspendAll
 .text.xTaskResumeAll
                0x0800dc94      0x13c ./Middlewares/Third_Party/FreeRTOS/Source/tasks.o
                0x0800dc94                xTaskResumeAll
 .text.xTaskGetTickCount
                0x0800ddd0       0x20 ./Middlewares/Third_Party/FreeRTOS/Source/tasks.o
                0x0800ddd0                xTaskGetTickCount
 .text.xTaskIncrementTick
                0x0800ddf0      0x174 ./Middlewares/Third_Party/FreeRTOS/Source/tasks.o
                0x0800ddf0                xTaskIncrementTick
 .text.vTaskSwitchContext
                0x0800df64       0xb8 ./Middlewares/Third_Party/FreeRTOS/Source/tasks.o
                0x0800df64                vTaskSwitchContext
 .text.vTaskPlaceOnEventList
                0x0800e01c       0x4c ./Middlewares/Third_Party/FreeRTOS/Source/tasks.o
                0x0800e01c                vTaskPlaceOnEventList
 .text.vTaskPlaceOnEventListRestricted
                0x0800e068       0x58 ./Middlewares/Third_Party/FreeRTOS/Source/tasks.o
                0x0800e068                vTaskPlaceOnEventListRestricted
 .text.xTaskRemoveFromEventList
                0x0800e0c0       0xc8 ./Middlewares/Third_Party/FreeRTOS/Source/tasks.o
                0x0800e0c0                xTaskRemoveFromEventList
 .text.vTaskInternalSetTimeOutState
                0x0800e188       0x2c ./Middlewares/Third_Party/FreeRTOS/Source/tasks.o
                0x0800e188                vTaskInternalSetTimeOutState
 .text.xTaskCheckForTimeOut
                0x0800e1b4       0xc8 ./Middlewares/Third_Party/FreeRTOS/Source/tasks.o
                0x0800e1b4                xTaskCheckForTimeOut
 .text.vTaskMissedYield
                0x0800e27c       0x18 ./Middlewares/Third_Party/FreeRTOS/Source/tasks.o
                0x0800e27c                vTaskMissedYield
 .text.prvIdleTask
                0x0800e294       0x30 ./Middlewares/Third_Party/FreeRTOS/Source/tasks.o
 .text.prvInitialiseTaskLists
                0x0800e2c4       0x80 ./Middlewares/Third_Party/FreeRTOS/Source/tasks.o
 .text.prvCheckTasksWaitingTermination
                0x0800e344       0x5c ./Middlewares/Third_Party/FreeRTOS/Source/tasks.o
 .text.prvDeleteTCB
                0x0800e3a0       0x60 ./Middlewares/Third_Party/FreeRTOS/Source/tasks.o
 .text.prvResetNextTaskUnblockTime
                0x0800e400       0x40 ./Middlewares/Third_Party/FreeRTOS/Source/tasks.o
 .text.xTaskGetSchedulerState
                0x0800e440       0x3c ./Middlewares/Third_Party/FreeRTOS/Source/tasks.o
                0x0800e440                xTaskGetSchedulerState
 .text.xTaskPriorityDisinherit
                0x0800e47c      0x110 ./Middlewares/Third_Party/FreeRTOS/Source/tasks.o
                0x0800e47c                xTaskPriorityDisinherit
 .text.prvAddCurrentTaskToDelayedList
                0x0800e58c       0xcc ./Middlewares/Third_Party/FreeRTOS/Source/tasks.o
 .text.xTimerCreateTimerTask
                0x0800e658       0x94 ./Middlewares/Third_Party/FreeRTOS/Source/timers.o
                0x0800e658                xTimerCreateTimerTask
 .text.xTimerGenericCommand
                0x0800e6ec       0x9c ./Middlewares/Third_Party/FreeRTOS/Source/timers.o
                0x0800e6ec                xTimerGenericCommand
 .text.prvProcessExpiredTimer
                0x0800e788       0x9c ./Middlewares/Third_Party/FreeRTOS/Source/timers.o
 .text.prvTimerTask
                0x0800e824       0x26 ./Middlewares/Third_Party/FreeRTOS/Source/timers.o
 *fill*         0x0800e84a        0x2 
 .text.prvProcessTimerOrBlockTask
                0x0800e84c       0x9c ./Middlewares/Third_Party/FreeRTOS/Source/timers.o
 .text.prvGetNextExpireTime
                0x0800e8e8       0x48 ./Middlewares/Third_Party/FreeRTOS/Source/timers.o
 .text.prvSampleTimeNow
                0x0800e930       0x40 ./Middlewares/Third_Party/FreeRTOS/Source/timers.o
 .text.prvInsertTimerInActiveList
                0x0800e970       0x84 ./Middlewares/Third_Party/FreeRTOS/Source/timers.o
 .text.prvProcessReceivedCommands
                0x0800e9f4      0x194 ./Middlewares/Third_Party/FreeRTOS/Source/timers.o
 .text.prvSwitchTimerLists
                0x0800eb88       0xcc ./Middlewares/Third_Party/FreeRTOS/Source/timers.o
 .text.prvCheckForValidListAndQueue
                0x0800ec54       0x80 ./Middlewares/Third_Party/FreeRTOS/Source/timers.o
 .text.pxPortInitialiseStack
                0x0800ecd4       0x68 ./Middlewares/Third_Party/FreeRTOS/Source/portable/GCC/ARM_CM4F/port.o
                0x0800ecd4                pxPortInitialiseStack
 .text.prvTaskExitError
                0x0800ed3c       0x5c ./Middlewares/Third_Party/FreeRTOS/Source/portable/GCC/ARM_CM4F/port.o
 *fill*         0x0800ed98        0x8 
 .text.SVC_Handler
                0x0800eda0       0x28 ./Middlewares/Third_Party/FreeRTOS/Source/portable/GCC/ARM_CM4F/port.o
                0x0800eda0                SVC_Handler
 .text.prvPortStartFirstTask
                0x0800edc8       0x28 ./Middlewares/Third_Party/FreeRTOS/Source/portable/GCC/ARM_CM4F/port.o
 .text.xPortStartScheduler
                0x0800edf0      0x148 ./Middlewares/Third_Party/FreeRTOS/Source/portable/GCC/ARM_CM4F/port.o
                0x0800edf0                xPortStartScheduler
 .text.vPortEnterCritical
                0x0800ef38       0x64 ./Middlewares/Third_Party/FreeRTOS/Source/portable/GCC/ARM_CM4F/port.o
                0x0800ef38                vPortEnterCritical
 .text.vPortExitCritical
                0x0800ef9c       0x54 ./Middlewares/Third_Party/FreeRTOS/Source/portable/GCC/ARM_CM4F/port.o
                0x0800ef9c                vPortExitCritical
 .text.PendSV_Handler
                0x0800eff0       0x68 ./Middlewares/Third_Party/FreeRTOS/Source/portable/GCC/ARM_CM4F/port.o
                0x0800eff0                PendSV_Handler
 .text.xPortSysTickHandler
                0x0800f058       0x44 ./Middlewares/Third_Party/FreeRTOS/Source/portable/GCC/ARM_CM4F/port.o
                0x0800f058                xPortSysTickHandler
 .text.vPortSetupTimerInterrupt
                0x0800f09c       0x48 ./Middlewares/Third_Party/FreeRTOS/Source/portable/GCC/ARM_CM4F/port.o
                0x0800f09c                vPortSetupTimerInterrupt
 .text.vPortEnableVFP
                0x0800f0e4       0x14 ./Middlewares/Third_Party/FreeRTOS/Source/portable/GCC/ARM_CM4F/port.o
 .text.vPortValidateInterruptPriority
                0x0800f0f8       0x84 ./Middlewares/Third_Party/FreeRTOS/Source/portable/GCC/ARM_CM4F/port.o
                0x0800f0f8                vPortValidateInterruptPriority
 .text.pvPortMalloc
                0x0800f17c      0x19c ./Middlewares/Third_Party/FreeRTOS/Source/portable/MemMang/heap_4.o
                0x0800f17c                pvPortMalloc
 .text.vPortFree
                0x0800f318       0xc8 ./Middlewares/Third_Party/FreeRTOS/Source/portable/MemMang/heap_4.o
                0x0800f318                vPortFree
 .text.prvHeapInit
                0x0800f3e0       0xc4 ./Middlewares/Third_Party/FreeRTOS/Source/portable/MemMang/heap_4.o
 .text.prvInsertBlockIntoFreeList
                0x0800f4a4       0xb4 ./Middlewares/Third_Party/FreeRTOS/Source/portable/MemMang/heap_4.o
 .text.std      0x0800f558       0x6c D:/ST/STM32CubeIDE/STM32CubeIDE/plugins/com.st.stm32cube.ide.mcu.externaltools.gnu-tools-for-stm32.14.3.rel1.win32_1.0.100.202602081740/tools/bin/../lib/gcc/arm-none-eabi/14.3.1/../../../../arm-none-eabi/lib/thumb/v7e-m+fp/hard\libc_nano.a(libc_a-findfp.o)
 .text.stdio_exit_handler
                0x0800f5c4       0x18 D:/ST/STM32CubeIDE/STM32CubeIDE/plugins/com.st.stm32cube.ide.mcu.externaltools.gnu-tools-for-stm32.14.3.rel1.win32_1.0.100.202602081740/tools/bin/../lib/gcc/arm-none-eabi/14.3.1/../../../../arm-none-eabi/lib/thumb/v7e-m+fp/hard\libc_nano.a(libc_a-findfp.o)
 .text.cleanup_stdio
                0x0800f5dc       0x40 D:/ST/STM32CubeIDE/STM32CubeIDE/plugins/com.st.stm32cube.ide.mcu.externaltools.gnu-tools-for-stm32.14.3.rel1.win32_1.0.100.202602081740/tools/bin/../lib/gcc/arm-none-eabi/14.3.1/../../../../arm-none-eabi/lib/thumb/v7e-m+fp/hard\libc_nano.a(libc_a-findfp.o)
 .text.global_stdio_init.part.0
                0x0800f61c       0x40 D:/ST/STM32CubeIDE/STM32CubeIDE/plugins/com.st.stm32cube.ide.mcu.externaltools.gnu-tools-for-stm32.14.3.rel1.win32_1.0.100.202602081740/tools/bin/../lib/gcc/arm-none-eabi/14.3.1/../../../../arm-none-eabi/lib/thumb/v7e-m+fp/hard\libc_nano.a(libc_a-findfp.o)
 .text.__sfp_lock_acquire
                0x0800f65c        0xc D:/ST/STM32CubeIDE/STM32CubeIDE/plugins/com.st.stm32cube.ide.mcu.externaltools.gnu-tools-for-stm32.14.3.rel1.win32_1.0.100.202602081740/tools/bin/../lib/gcc/arm-none-eabi/14.3.1/../../../../arm-none-eabi/lib/thumb/v7e-m+fp/hard\libc_nano.a(libc_a-findfp.o)
                0x0800f65c                __sfp_lock_acquire
 .text.__sfp_lock_release
                0x0800f668        0xc D:/ST/STM32CubeIDE/STM32CubeIDE/plugins/com.st.stm32cube.ide.mcu.externaltools.gnu-tools-for-stm32.14.3.rel1.win32_1.0.100.202602081740/tools/bin/../lib/gcc/arm-none-eabi/14.3.1/../../../../arm-none-eabi/lib/thumb/v7e-m+fp/hard\libc_nano.a(libc_a-findfp.o)
                0x0800f668                __sfp_lock_release
 .text.__sinit  0x0800f674       0x30 D:/ST/STM32CubeIDE/STM32CubeIDE/plugins/com.st.stm32cube.ide.mcu.externaltools.gnu-tools-for-stm32.14.3.rel1.win32_1.0.100.202602081740/tools/bin/../lib/gcc/arm-none-eabi/14.3.1/../../../../arm-none-eabi/lib/thumb/v7e-m+fp/hard\libc_nano.a(libc_a-findfp.o)
                0x0800f674                __sinit
 .text._fwalk_sglue
                0x0800f6a4       0x3c D:/ST/STM32CubeIDE/STM32CubeIDE/plugins/com.st.stm32cube.ide.mcu.externaltools.gnu-tools-for-stm32.14.3.rel1.win32_1.0.100.202602081740/tools/bin/../lib/gcc/arm-none-eabi/14.3.1/../../../../arm-none-eabi/lib/thumb/v7e-m+fp/hard\libc_nano.a(libc_a-fwalk.o)
                0x0800f6a4                _fwalk_sglue
 .text.printf   0x0800f6e0       0x24 D:/ST/STM32CubeIDE/STM32CubeIDE/plugins/com.st.stm32cube.ide.mcu.externaltools.gnu-tools-for-stm32.14.3.rel1.win32_1.0.100.202602081740/tools/bin/../lib/gcc/arm-none-eabi/14.3.1/../../../../arm-none-eabi/lib/thumb/v7e-m+fp/hard\libc_nano.a(libc_a-printf.o)
                0x0800f6e0                iprintf
                0x0800f6e0                printf
 .text._puts_r  0x0800f704       0xaa D:/ST/STM32CubeIDE/STM32CubeIDE/plugins/com.st.stm32cube.ide.mcu.externaltools.gnu-tools-for-stm32.14.3.rel1.win32_1.0.100.202602081740/tools/bin/../lib/gcc/arm-none-eabi/14.3.1/../../../../arm-none-eabi/lib/thumb/v7e-m+fp/hard\libc_nano.a(libc_a-puts.o)
                0x0800f704                _puts_r
 *fill*         0x0800f7ae        0x2 
 .text.puts     0x0800f7b0       0x10 D:/ST/STM32CubeIDE/STM32CubeIDE/plugins/com.st.stm32cube.ide.mcu.externaltools.gnu-tools-for-stm32.14.3.rel1.win32_1.0.100.202602081740/tools/bin/../lib/gcc/arm-none-eabi/14.3.1/../../../../arm-none-eabi/lib/thumb/v7e-m+fp/hard\libc_nano.a(libc_a-puts.o)
                0x0800f7b0                puts
 .text.snprintf
                0x0800f7c0       0x6c D:/ST/STM32CubeIDE/STM32CubeIDE/plugins/com.st.stm32cube.ide.mcu.externaltools.gnu-tools-for-stm32.14.3.rel1.win32_1.0.100.202602081740/tools/bin/../lib/gcc/arm-none-eabi/14.3.1/../../../../arm-none-eabi/lib/thumb/v7e-m+fp/hard\libc_nano.a(libc_a-snprintf.o)
                0x0800f7c0                sniprintf
                0x0800f7c0                snprintf
 .text.__sread  0x0800f82c       0x22 D:/ST/STM32CubeIDE/STM32CubeIDE/plugins/com.st.stm32cube.ide.mcu.externaltools.gnu-tools-for-stm32.14.3.rel1.win32_1.0.100.202602081740/tools/bin/../lib/gcc/arm-none-eabi/14.3.1/../../../../arm-none-eabi/lib/thumb/v7e-m+fp/hard\libc_nano.a(libc_a-stdio.o)
                0x0800f82c                __sread
 .text.__swrite
                0x0800f84e       0x38 D:/ST/STM32CubeIDE/STM32CubeIDE/plugins/com.st.stm32cube.ide.mcu.externaltools.gnu-tools-for-stm32.14.3.rel1.win32_1.0.100.202602081740/tools/bin/../lib/gcc/arm-none-eabi/14.3.1/../../../../arm-none-eabi/lib/thumb/v7e-m+fp/hard\libc_nano.a(libc_a-stdio.o)
                0x0800f84e                __swrite
 .text.__sseek  0x0800f886       0x26 D:/ST/STM32CubeIDE/STM32CubeIDE/plugins/com.st.stm32cube.ide.mcu.externaltools.gnu-tools-for-stm32.14.3.rel1.win32_1.0.100.202602081740/tools/bin/../lib/gcc/arm-none-eabi/14.3.1/../../../../arm-none-eabi/lib/thumb/v7e-m+fp/hard\libc_nano.a(libc_a-stdio.o)
                0x0800f886                __sseek
 .text.__sclose
                0x0800f8ac        0x8 D:/ST/STM32CubeIDE/STM32CubeIDE/plugins/com.st.stm32cube.ide.mcu.externaltools.gnu-tools-for-stm32.14.3.rel1.win32_1.0.100.202602081740/tools/bin/../lib/gcc/arm-none-eabi/14.3.1/../../../../arm-none-eabi/lib/thumb/v7e-m+fp/hard\libc_nano.a(libc_a-stdio.o)
                0x0800f8ac                __sclose
 .text.__swbuf_r
                0x0800f8b4       0x7c D:/ST/STM32CubeIDE/STM32CubeIDE/plugins/com.st.stm32cube.ide.mcu.externaltools.gnu-tools-for-stm32.14.3.rel1.win32_1.0.100.202602081740/tools/bin/../lib/gcc/arm-none-eabi/14.3.1/../../../../arm-none-eabi/lib/thumb/v7e-m+fp/hard\libc_nano.a(libc_a-wbuf.o)
                0x0800f8b4                __swbuf_r
 .text.__swsetup_r
                0x0800f930       0xa8 D:/ST/STM32CubeIDE/STM32CubeIDE/plugins/com.st.stm32cube.ide.mcu.externaltools.gnu-tools-for-stm32.14.3.rel1.win32_1.0.100.202602081740/tools/bin/../lib/gcc/arm-none-eabi/14.3.1/../../../../arm-none-eabi/lib/thumb/v7e-m+fp/hard\libc_nano.a(libc_a-wsetup.o)
                0x0800f930                __swsetup_r
 .text.memset   0x0800f9d8       0x10 D:/ST/STM32CubeIDE/STM32CubeIDE/plugins/com.st.stm32cube.ide.mcu.externaltools.gnu-tools-for-stm32.14.3.rel1.win32_1.0.100.202602081740/tools/bin/../lib/gcc/arm-none-eabi/14.3.1/../../../../arm-none-eabi/lib/thumb/v7e-m+fp/hard\libc_nano.a(libc_a-memset.o)
                0x0800f9d8                memset
 .text.strncpy  0x0800f9e8       0x26 D:/ST/STM32CubeIDE/STM32CubeIDE/plugins/com.st.stm32cube.ide.mcu.externaltools.gnu-tools-for-stm32.14.3.rel1.win32_1.0.100.202602081740/tools/bin/../lib/gcc/arm-none-eabi/14.3.1/../../../../arm-none-eabi/lib/thumb/v7e-m+fp/hard\libc_nano.a(libc_a-strncpy.o)
                0x0800f9e8                strncpy
 *fill*         0x0800fa0e        0x2 
 .text._close_r
                0x0800fa10       0x20 D:/ST/STM32CubeIDE/STM32CubeIDE/plugins/com.st.stm32cube.ide.mcu.externaltools.gnu-tools-for-stm32.14.3.rel1.win32_1.0.100.202602081740/tools/bin/../lib/gcc/arm-none-eabi/14.3.1/../../../../arm-none-eabi/lib/thumb/v7e-m+fp/hard\libc_nano.a(libc_a-closer.o)
                0x0800fa10                _close_r
 .text._lseek_r
                0x0800fa30       0x24 D:/ST/STM32CubeIDE/STM32CubeIDE/plugins/com.st.stm32cube.ide.mcu.externaltools.gnu-tools-for-stm32.14.3.rel1.win32_1.0.100.202602081740/tools/bin/../lib/gcc/arm-none-eabi/14.3.1/../../../../arm-none-eabi/lib/thumb/v7e-m+fp/hard\libc_nano.a(libc_a-lseekr.o)
                0x0800fa30                _lseek_r
 .text._read_r  0x0800fa54       0x24 D:/ST/STM32CubeIDE/STM32CubeIDE/plugins/com.st.stm32cube.ide.mcu.externaltools.gnu-tools-for-stm32.14.3.rel1.win32_1.0.100.202602081740/tools/bin/../lib/gcc/arm-none-eabi/14.3.1/../../../../arm-none-eabi/lib/thumb/v7e-m+fp/hard\libc_nano.a(libc_a-readr.o)
                0x0800fa54                _read_r
 .text._write_r
                0x0800fa78       0x24 D:/ST/STM32CubeIDE/STM32CubeIDE/plugins/com.st.stm32cube.ide.mcu.externaltools.gnu-tools-for-stm32.14.3.rel1.win32_1.0.100.202602081740/tools/bin/../lib/gcc/arm-none-eabi/14.3.1/../../../../arm-none-eabi/lib/thumb/v7e-m+fp/hard\libc_nano.a(libc_a-writer.o)
                0x0800fa78                _write_r
 .text.__errno  0x0800fa9c        0xc D:/ST/STM32CubeIDE/STM32CubeIDE/plugins/com.st.stm32cube.ide.mcu.externaltools.gnu-tools-for-stm32.14.3.rel1.win32_1.0.100.202602081740/tools/bin/../lib/gcc/arm-none-eabi/14.3.1/../../../../arm-none-eabi/lib/thumb/v7e-m+fp/hard\libc_nano.a(libc_a-errno.o)
                0x0800fa9c                __errno
 .text.__libc_init_array
                0x0800faa8       0x48 D:/ST/STM32CubeIDE/STM32CubeIDE/plugins/com.st.stm32cube.ide.mcu.externaltools.gnu-tools-for-stm32.14.3.rel1.win32_1.0.100.202602081740/tools/bin/../lib/gcc/arm-none-eabi/14.3.1/../../../../arm-none-eabi/lib/thumb/v7e-m+fp/hard\libc_nano.a(libc_a-init.o)
                0x0800faa8                __libc_init_array
 .text.__retarget_lock_init_recursive
                0x0800faf0        0x2 D:/ST/STM32CubeIDE/STM32CubeIDE/plugins/com.st.stm32cube.ide.mcu.externaltools.gnu-tools-for-stm32.14.3.rel1.win32_1.0.100.202602081740/tools/bin/../lib/gcc/arm-none-eabi/14.3.1/../../../../arm-none-eabi/lib/thumb/v7e-m+fp/hard\libc_nano.a(libc_a-lock.o)
                0x0800faf0                __retarget_lock_init_recursive
 .text.__retarget_lock_acquire_recursive
                0x0800faf2        0x2 D:/ST/STM32CubeIDE/STM32CubeIDE/plugins/com.st.stm32cube.ide.mcu.externaltools.gnu-tools-for-stm32.14.3.rel1.win32_1.0.100.202602081740/tools/bin/../lib/gcc/arm-none-eabi/14.3.1/../../../../arm-none-eabi/lib/thumb/v7e-m+fp/hard\libc_nano.a(libc_a-lock.o)
                0x0800faf2                __retarget_lock_acquire_recursive
 .text.__retarget_lock_release_recursive
                0x0800faf4        0x2 D:/ST/STM32CubeIDE/STM32CubeIDE/plugins/com.st.stm32cube.ide.mcu.externaltools.gnu-tools-for-stm32.14.3.rel1.win32_1.0.100.202602081740/tools/bin/../lib/gcc/arm-none-eabi/14.3.1/../../../../arm-none-eabi/lib/thumb/v7e-m+fp/hard\libc_nano.a(libc_a-lock.o)
                0x0800faf4                __retarget_lock_release_recursive
 .text.memcpy   0x0800faf6       0x1c D:/ST/STM32CubeIDE/STM32CubeIDE/plugins/com.st.stm32cube.ide.mcu.externaltools.gnu-tools-for-stm32.14.3.rel1.win32_1.0.100.202602081740/tools/bin/../lib/gcc/arm-none-eabi/14.3.1/../../../../arm-none-eabi/lib/thumb/v7e-m+fp/hard\libc_nano.a(libc_a-memcpy-stub.o)
                0x0800faf6                memcpy
 *fill*         0x0800fb12        0x2 
 .text._free_r  0x0800fb14       0x94 D:/ST/STM32CubeIDE/STM32CubeIDE/plugins/com.st.stm32cube.ide.mcu.externaltools.gnu-tools-for-stm32.14.3.rel1.win32_1.0.100.202602081740/tools/bin/../lib/gcc/arm-none-eabi/14.3.1/../../../../arm-none-eabi/lib/thumb/v7e-m+fp/hard\libc_nano.a(libc_a-freer.o)
                0x0800fb14                _free_r
 .text.sbrk_aligned
                0x0800fba8       0x44 D:/ST/STM32CubeIDE/STM32CubeIDE/plugins/com.st.stm32cube.ide.mcu.externaltools.gnu-tools-for-stm32.14.3.rel1.win32_1.0.100.202602081740/tools/bin/../lib/gcc/arm-none-eabi/14.3.1/../../../../arm-none-eabi/lib/thumb/v7e-m+fp/hard\libc_nano.a(libc_a-mallocr.o)
 .text._malloc_r
                0x0800fbec      0x100 D:/ST/STM32CubeIDE/STM32CubeIDE/plugins/com.st.stm32cube.ide.mcu.externaltools.gnu-tools-for-stm32.14.3.rel1.win32_1.0.100.202602081740/tools/bin/../lib/gcc/arm-none-eabi/14.3.1/../../../../arm-none-eabi/lib/thumb/v7e-m+fp/hard\libc_nano.a(libc_a-mallocr.o)
                0x0800fbec                _malloc_r
 .text.__malloc_lock
                0x0800fcec        0xc D:/ST/STM32CubeIDE/STM32CubeIDE/plugins/com.st.stm32cube.ide.mcu.externaltools.gnu-tools-for-stm32.14.3.rel1.win32_1.0.100.202602081740/tools/bin/../lib/gcc/arm-none-eabi/14.3.1/../../../../arm-none-eabi/lib/thumb/v7e-m+fp/hard\libc_nano.a(libc_a-mlock.o)
                0x0800fcec                __malloc_lock
 .text.__malloc_unlock
                0x0800fcf8        0xc D:/ST/STM32CubeIDE/STM32CubeIDE/plugins/com.st.stm32cube.ide.mcu.externaltools.gnu-tools-for-stm32.14.3.rel1.win32_1.0.100.202602081740/tools/bin/../lib/gcc/arm-none-eabi/14.3.1/../../../../arm-none-eabi/lib/thumb/v7e-m+fp/hard\libc_nano.a(libc_a-mlock.o)
                0x0800fcf8                __malloc_unlock
 .text.__ssputs_r
                0x0800fd04       0xc0 D:/ST/STM32CubeIDE/STM32CubeIDE/plugins/com.st.stm32cube.ide.mcu.externaltools.gnu-tools-for-stm32.14.3.rel1.win32_1.0.100.202602081740/tools/bin/../lib/gcc/arm-none-eabi/14.3.1/../../../../arm-none-eabi/lib/thumb/v7e-m+fp/hard\libc_nano.a(libc_a-nano-svfprintf.o)
                0x0800fd04                __ssputs_r
 .text._svfprintf_r
                0x0800fdc4      0x1f0 D:/ST/STM32CubeIDE/STM32CubeIDE/plugins/com.st.stm32cube.ide.mcu.externaltools.gnu-tools-for-stm32.14.3.rel1.win32_1.0.100.202602081740/tools/bin/../lib/gcc/arm-none-eabi/14.3.1/../../../../arm-none-eabi/lib/thumb/v7e-m+fp/hard\libc_nano.a(libc_a-nano-svfprintf.o)
                0x0800fdc4                _svfiprintf_r
                0x0800fdc4                _svfprintf_r
 .text.__sfputc_r
                0x0800ffb4       0x2e D:/ST/STM32CubeIDE/STM32CubeIDE/plugins/com.st.stm32cube.ide.mcu.externaltools.gnu-tools-for-stm32.14.3.rel1.win32_1.0.100.202602081740/tools/bin/../lib/gcc/arm-none-eabi/14.3.1/../../../../arm-none-eabi/lib/thumb/v7e-m+fp/hard\libc_nano.a(libc_a-nano-vfprintf.o)
 .text.__sfputs_r
                0x0800ffe2       0x24 D:/ST/STM32CubeIDE/STM32CubeIDE/plugins/com.st.stm32cube.ide.mcu.externaltools.gnu-tools-for-stm32.14.3.rel1.win32_1.0.100.202602081740/tools/bin/../lib/gcc/arm-none-eabi/14.3.1/../../../../arm-none-eabi/lib/thumb/v7e-m+fp/hard\libc_nano.a(libc_a-nano-vfprintf.o)
                0x0800ffe2                __sfputs_r
 *fill*         0x08010006        0x2 
 .text._vfprintf_r
                0x08010008      0x228 D:/ST/STM32CubeIDE/STM32CubeIDE/plugins/com.st.stm32cube.ide.mcu.externaltools.gnu-tools-for-stm32.14.3.rel1.win32_1.0.100.202602081740/tools/bin/../lib/gcc/arm-none-eabi/14.3.1/../../../../arm-none-eabi/lib/thumb/v7e-m+fp/hard\libc_nano.a(libc_a-nano-vfprintf.o)
                0x08010008                _vfprintf_r
                0x08010008                _vfiprintf_r
 .text._printf_common
                0x08010230       0xda D:/ST/STM32CubeIDE/STM32CubeIDE/plugins/com.st.stm32cube.ide.mcu.externaltools.gnu-tools-for-stm32.14.3.rel1.win32_1.0.100.202602081740/tools/bin/../lib/gcc/arm-none-eabi/14.3.1/../../../../arm-none-eabi/lib/thumb/v7e-m+fp/hard\libc_nano.a(libc_a-nano-vfprintf_i.o)
                0x08010230                _printf_common
 *fill*         0x0801030a        0x2 
 .text._printf_i
                0x0801030c      0x24c D:/ST/STM32CubeIDE/STM32CubeIDE/plugins/com.st.stm32cube.ide.mcu.externaltools.gnu-tools-for-stm32.14.3.rel1.win32_1.0.100.202602081740/tools/bin/../lib/gcc/arm-none-eabi/14.3.1/../../../../arm-none-eabi/lib/thumb/v7e-m+fp/hard\libc_nano.a(libc_a-nano-vfprintf_i.o)
                0x0801030c                _printf_i
 .text.__sflush_r
                0x08010558      0x104 D:/ST/STM32CubeIDE/STM32CubeIDE/plugins/com.st.stm32cube.ide.mcu.externaltools.gnu-tools-for-stm32.14.3.rel1.win32_1.0.100.202602081740/tools/bin/../lib/gcc/arm-none-eabi/14.3.1/../../../../arm-none-eabi/lib/thumb/v7e-m+fp/hard\libc_nano.a(libc_a-fflush.o)
                0x08010558                __sflush_r
 .text._fflush_r
                0x0801065c       0x50 D:/ST/STM32CubeIDE/STM32CubeIDE/plugins/com.st.stm32cube.ide.mcu.externaltools.gnu-tools-for-stm32.14.3.rel1.win32_1.0.100.202602081740/tools/bin/../lib/gcc/arm-none-eabi/14.3.1/../../../../arm-none-eabi/lib/thumb/v7e-m+fp/hard\libc_nano.a(libc_a-fflush.o)
                0x0801065c                _fflush_r
 .text.__swhatbuf_r
                0x080106ac       0x48 D:/ST/STM32CubeIDE/STM32CubeIDE/plugins/com.st.stm32cube.ide.mcu.externaltools.gnu-tools-for-stm32.14.3.rel1.win32_1.0.100.202602081740/tools/bin/../lib/gcc/arm-none-eabi/14.3.1/../../../../arm-none-eabi/lib/thumb/v7e-m+fp/hard\libc_nano.a(libc_a-makebuf.o)
                0x080106ac                __swhatbuf_r
 .text.__smakebuf_r
                0x080106f4       0x72 D:/ST/STM32CubeIDE/STM32CubeIDE/plugins/com.st.stm32cube.ide.mcu.externaltools.gnu-tools-for-stm32.14.3.rel1.win32_1.0.100.202602081740/tools/bin/../lib/gcc/arm-none-eabi/14.3.1/../../../../arm-none-eabi/lib/thumb/v7e-m+fp/hard\libc_nano.a(libc_a-makebuf.o)
                0x080106f4                __smakebuf_r
 .text.memmove  0x08010766       0x32 D:/ST/STM32CubeIDE/STM32CubeIDE/plugins/com.st.stm32cube.ide.mcu.externaltools.gnu-tools-for-stm32.14.3.rel1.win32_1.0.100.202602081740/tools/bin/../lib/gcc/arm-none-eabi/14.3.1/../../../../arm-none-eabi/lib/thumb/v7e-m+fp/hard\libc_nano.a(libc_a-memmove.o)
                0x08010766                memmove
 .text._fstat_r
                0x08010798       0x24 D:/ST/STM32CubeIDE/STM32CubeIDE/plugins/com.st.stm32cube.ide.mcu.externaltools.gnu-tools-for-stm32.14.3.rel1.win32_1.0.100.202602081740/tools/bin/../lib/gcc/arm-none-eabi/14.3.1/../../../../arm-none-eabi/lib/thumb/v7e-m+fp/hard\libc_nano.a(libc_a-fstatr.o)
                0x08010798                _fstat_r
 .text._isatty_r
                0x080107bc       0x20 D:/ST/STM32CubeIDE/STM32CubeIDE/plugins/com.st.stm32cube.ide.mcu.externaltools.gnu-tools-for-stm32.14.3.rel1.win32_1.0.100.202602081740/tools/bin/../lib/gcc/arm-none-eabi/14.3.1/../../../../arm-none-eabi/lib/thumb/v7e-m+fp/hard\libc_nano.a(libc_a-isattyr.o)
                0x080107bc                _isatty_r
 .text._sbrk_r  0x080107dc       0x20 D:/ST/STM32CubeIDE/STM32CubeIDE/plugins/com.st.stm32cube.ide.mcu.externaltools.gnu-tools-for-stm32.14.3.rel1.win32_1.0.100.202602081740/tools/bin/../lib/gcc/arm-none-eabi/14.3.1/../../../../arm-none-eabi/lib/thumb/v7e-m+fp/hard\libc_nano.a(libc_a-sbrkr.o)
                0x080107dc                _sbrk_r
 .text._realloc_r
                0x080107fc       0x5c D:/ST/STM32CubeIDE/STM32CubeIDE/plugins/com.st.stm32cube.ide.mcu.externaltools.gnu-tools-for-stm32.14.3.rel1.win32_1.0.100.202602081740/tools/bin/../lib/gcc/arm-none-eabi/14.3.1/../../../../arm-none-eabi/lib/thumb/v7e-m+fp/hard\libc_nano.a(libc_a-reallocr.o)
                0x080107fc                _realloc_r
 .text._malloc_usable_size_r
                0x08010858       0x10 D:/ST/STM32CubeIDE/STM32CubeIDE/plugins/com.st.stm32cube.ide.mcu.externaltools.gnu-tools-for-stm32.14.3.rel1.win32_1.0.100.202602081740/tools/bin/../lib/gcc/arm-none-eabi/14.3.1/../../../../arm-none-eabi/lib/thumb/v7e-m+fp/hard\libc_nano.a(libc_a-msizer.o)
                0x08010858                _malloc_usable_size_r
 .text.atan2f   0x08010868        0x4 D:/ST/STM32CubeIDE/STM32CubeIDE/plugins/com.st.stm32cube.ide.mcu.externaltools.gnu-tools-for-stm32.14.3.rel1.win32_1.0.100.202602081740/tools/bin/../lib/gcc/arm-none-eabi/14.3.1/../../../../arm-none-eabi/lib/thumb/v7e-m+fp/hard\libm.a(libm_a-wf_atan2.o)
                0x08010868                atan2f
 .text.sqrtf    0x0801086c       0x44 D:/ST/STM32CubeIDE/STM32CubeIDE/plugins/com.st.stm32cube.ide.mcu.externaltools.gnu-tools-for-stm32.14.3.rel1.win32_1.0.100.202602081740/tools/bin/../lib/gcc/arm-none-eabi/14.3.1/../../../../arm-none-eabi/lib/thumb/v7e-m+fp/hard\libm.a(libm_a-wf_sqrt.o)
                0x0801086c                sqrtf
 .text.cosf     0x080108b0       0x70 D:/ST/STM32CubeIDE/STM32CubeIDE/plugins/com.st.stm32cube.ide.mcu.externaltools.gnu-tools-for-stm32.14.3.rel1.win32_1.0.100.202602081740/tools/bin/../lib/gcc/arm-none-eabi/14.3.1/../../../../arm-none-eabi/lib/thumb/v7e-m+fp/hard\libm.a(libm_a-sf_cos.o)
                0x080108b0                cosf
 .text.sinf     0x08010920       0x74 D:/ST/STM32CubeIDE/STM32CubeIDE/plugins/com.st.stm32cube.ide.mcu.externaltools.gnu-tools-for-stm32.14.3.rel1.win32_1.0.100.202602081740/tools/bin/../lib/gcc/arm-none-eabi/14.3.1/../../../../arm-none-eabi/lib/thumb/v7e-m+fp/hard\libm.a(libm_a-sf_sin.o)
                0x08010920                sinf
 .text.fminf    0x08010994       0x50 D:/ST/STM32CubeIDE/STM32CubeIDE/plugins/com.st.stm32cube.ide.mcu.externaltools.gnu-tools-for-stm32.14.3.rel1.win32_1.0.100.202602081740/tools/bin/../lib/gcc/arm-none-eabi/14.3.1/../../../../arm-none-eabi/lib/thumb/v7e-m+fp/hard\libm.a(libm_a-sf_fmin.o)
                0x08010994                fminf
 .text.__fpclassifyf
                0x080109e4       0x38 D:/ST/STM32CubeIDE/STM32CubeIDE/plugins/com.st.stm32cube.ide.mcu.externaltools.gnu-tools-for-stm32.14.3.rel1.win32_1.0.100.202602081740/tools/bin/../lib/gcc/arm-none-eabi/14.3.1/../../../../arm-none-eabi/lib/thumb/v7e-m+fp/hard\libm.a(libm_a-sf_fpclassify.o)
                0x080109e4                __fpclassifyf
 .text.lroundf  0x08010a1c       0x68 D:/ST/STM32CubeIDE/STM32CubeIDE/plugins/com.st.stm32cube.ide.mcu.externaltools.gnu-tools-for-stm32.14.3.rel1.win32_1.0.100.202602081740/tools/bin/../lib/gcc/arm-none-eabi/14.3.1/../../../../arm-none-eabi/lib/thumb/v7e-m+fp/hard\libm.a(libm_a-sf_lround.o)
                0x08010a1c                lroundf
 .text.__ieee754_sqrtf
                0x08010a84        0x8 D:/ST/STM32CubeIDE/STM32CubeIDE/plugins/com.st.stm32cube.ide.mcu.externaltools.gnu-tools-for-stm32.14.3.rel1.win32_1.0.100.202602081740/tools/bin/../lib/gcc/arm-none-eabi/14.3.1/../../../../arm-none-eabi/lib/thumb/v7e-m+fp/hard\libm.a(libm_a-ef_sqrt.o)
                0x08010a84                __ieee754_sqrtf
 .text.floorf   0x08010a8c       0x94 D:/ST/STM32CubeIDE/STM32CubeIDE/plugins/com.st.stm32cube.ide.mcu.externaltools.gnu-tools-for-stm32.14.3.rel1.win32_1.0.100.202602081740/tools/bin/../lib/gcc/arm-none-eabi/14.3.1/../../../../arm-none-eabi/lib/thumb/v7e-m+fp/hard\libm.a(libm_a-sf_floor.o)
                0x08010a8c                floorf
 .text.__kernel_cosf
                0x08010b20      0x104 D:/ST/STM32CubeIDE/STM32CubeIDE/plugins/com.st.stm32cube.ide.mcu.externaltools.gnu-tools-for-stm32.14.3.rel1.win32_1.0.100.202602081740/tools/bin/../lib/gcc/arm-none-eabi/14.3.1/../../../../arm-none-eabi/lib/thumb/v7e-m+fp/hard\libm.a(libm_a-kf_cos.o)
                0x08010b20                __kernel_cosf
 .text.__kernel_sinf
                0x08010c24       0x90 D:/ST/STM32CubeIDE/STM32CubeIDE/plugins/com.st.stm32cube.ide.mcu.externaltools.gnu-tools-for-stm32.14.3.rel1.win32_1.0.100.202602081740/tools/bin/../lib/gcc/arm-none-eabi/14.3.1/../../../../arm-none-eabi/lib/thumb/v7e-m+fp/hard\libm.a(libm_a-kf_sin.o)
                0x08010c24                __kernel_sinf
 .text.__ieee754_atan2f
                0x08010cb4      0x14c D:/ST/STM32CubeIDE/STM32CubeIDE/plugins/com.st.stm32cube.ide.mcu.externaltools.gnu-tools-for-stm32.14.3.rel1.win32_1.0.100.202602081740/tools/bin/../lib/gcc/arm-none-eabi/14.3.1/../../../../arm-none-eabi/lib/thumb/v7e-m+fp/hard\libm.a(libm_a-ef_atan2.o)
                0x08010cb4                __ieee754_atan2f
 .text.__ieee754_rem_pio2f
                0x08010e00      0x26c D:/ST/STM32CubeIDE/STM32CubeIDE/plugins/com.st.stm32cube.ide.mcu.externaltools.gnu-tools-for-stm32.14.3.rel1.win32_1.0.100.202602081740/tools/bin/../lib/gcc/arm-none-eabi/14.3.1/../../../../arm-none-eabi/lib/thumb/v7e-m+fp/hard\libm.a(libm_a-ef_rem_pio2.o)
                0x08010e00                __ieee754_rem_pio2f
 .text.atanf    0x0801106c      0x1a4 D:/ST/STM32CubeIDE/STM32CubeIDE/plugins/com.st.stm32cube.ide.mcu.externaltools.gnu-tools-for-stm32.14.3.rel1.win32_1.0.100.202602081740/tools/bin/../lib/gcc/arm-none-eabi/14.3.1/../../../../arm-none-eabi/lib/thumb/v7e-m+fp/hard\libm.a(libm_a-sf_atan.o)
                0x0801106c                atanf
 .text.fabsf    0x08011210       0x10 D:/ST/STM32CubeIDE/STM32CubeIDE/plugins/com.st.stm32cube.ide.mcu.externaltools.gnu-tools-for-stm32.14.3.rel1.win32_1.0.100.202602081740/tools/bin/../lib/gcc/arm-none-eabi/14.3.1/../../../../arm-none-eabi/lib/thumb/v7e-m+fp/hard\libm.a(libm_a-sf_fabs.o)
                0x08011210                fabsf
 .text.__kernel_rem_pio2f
                0x08011220      0x68c D:/ST/STM32CubeIDE/STM32CubeIDE/plugins/com.st.stm32cube.ide.mcu.externaltools.gnu-tools-for-stm32.14.3.rel1.win32_1.0.100.202602081740/tools/bin/../lib/gcc/arm-none-eabi/14.3.1/../../../../arm-none-eabi/lib/thumb/v7e-m+fp/hard\libm.a(libm_a-kf_rem_pio2.o)
                0x08011220                __kernel_rem_pio2f
 .text.scalbnf  0x080118ac       0xdc D:/ST/STM32CubeIDE/STM32CubeIDE/plugins/com.st.stm32cube.ide.mcu.externaltools.gnu-tools-for-stm32.14.3.rel1.win32_1.0.100.202602081740/tools/bin/../lib/gcc/arm-none-eabi/14.3.1/../../../../arm-none-eabi/lib/thumb/v7e-m+fp/hard\libm.a(libm_a-sf_scalbn.o)
                0x080118ac                scalbnf
 *(.glue_7)
 .glue_7        0x08011988        0x0 linker stubs
 *(.glue_7t)
 .glue_7t       0x08011988        0x0 linker stubs
 *(.eh_frame)
 .eh_frame      0x08011988        0x0 D:/ST/STM32CubeIDE/STM32CubeIDE/plugins/com.st.stm32cube.ide.mcu.externaltools.gnu-tools-for-stm32.14.3.rel1.win32_1.0.100.202602081740/tools/bin/../lib/gcc/arm-none-eabi/14.3.1/thumb/v7e-m+fp/hard/crtbegin.o
 *(.init)
 .init          0x08011988        0x4 D:/ST/STM32CubeIDE/STM32CubeIDE/plugins/com.st.stm32cube.ide.mcu.externaltools.gnu-tools-for-stm32.14.3.rel1.win32_1.0.100.202602081740/tools/bin/../lib/gcc/arm-none-eabi/14.3.1/thumb/v7e-m+fp/hard/crti.o
                0x08011988                _init
 .init          0x0801198c        0x8 D:/ST/STM32CubeIDE/STM32CubeIDE/plugins/com.st.stm32cube.ide.mcu.externaltools.gnu-tools-for-stm32.14.3.rel1.win32_1.0.100.202602081740/tools/bin/../lib/gcc/arm-none-eabi/14.3.1/thumb/v7e-m+fp/hard/crtn.o
 *(.fini)
 .fini          0x08011994        0x4 D:/ST/STM32CubeIDE/STM32CubeIDE/plugins/com.st.stm32cube.ide.mcu.externaltools.gnu-tools-for-stm32.14.3.rel1.win32_1.0.100.202602081740/tools/bin/../lib/gcc/arm-none-eabi/14.3.1/thumb/v7e-m+fp/hard/crti.o
                0x08011994                _fini
 .fini          0x08011998        0x8 D:/ST/STM32CubeIDE/STM32CubeIDE/plugins/com.st.stm32cube.ide.mcu.externaltools.gnu-tools-for-stm32.14.3.rel1.win32_1.0.100.202602081740/tools/bin/../lib/gcc/arm-none-eabi/14.3.1/thumb/v7e-m+fp/hard/crtn.o
                0x080119a0                        . = ALIGN (0x4)
                0x080119a0                        _etext = .

.vfp11_veneer   0x080119a0        0x0
 .vfp11_veneer  0x080119a0        0x0 linker stubs

.v4_bx          0x080119a0        0x0
 .v4_bx         0x080119a0        0x0 linker stubs

.iplt           0x080119a0        0x0
 .iplt          0x080119a0        0x0 D:/ST/STM32CubeIDE/STM32CubeIDE/plugins/com.st.stm32cube.ide.mcu.externaltools.gnu-tools-for-stm32.14.3.rel1.win32_1.0.100.202602081740/tools/bin/../lib/gcc/arm-none-eabi/14.3.1/thumb/v7e-m+fp/hard/crtbegin.o

.rodata         0x080119a0      0xd28
                0x080119a0                        . = ALIGN (0x4)
 *(.rodata)
 .rodata        0x080119a0      0x27a ./Core/Src/autonav.o
 *fill*         0x08011c1a        0x2 
 .rodata        0x08011c1c       0x37 ./Core/Src/bt_cmd.o
 *fill*         0x08011c53        0x1 
 .rodata        0x08011c54       0x33 ./Core/Src/im948.o
 *fill*         0x08011c87        0x1 
 .rodata        0x08011c88       0x1d ./Core/Src/lidar.o
 *fill*         0x08011ca5        0x3 
 .rodata        0x08011ca8      0x148 ./Core/Src/main.o
 .rodata        0x08011df0       0xd9 ./Core/Src/ui_task.o
 *fill*         0x08011ec9        0x3 
 .rodata        0x08011ecc        0x5 ./Middlewares/Third_Party/FreeRTOS/Source/tasks.o
 *fill*         0x08011ed1        0x3 
 .rodata        0x08011ed4        0xd ./Middlewares/Third_Party/FreeRTOS/Source/timers.o
 *(.rodata*)
 *fill*         0x08011ee1        0x3 
 .rodata.dir_dx
                0x08011ee4        0x4 ./Core/Src/autonav.o
 .rodata.dir_dy
                0x08011ee8        0x4 ./Core/Src/autonav.o
 .rodata.dir_yaw_deg
                0x08011eec       0x10 ./Core/Src/autonav.o
 .rodata.pos_offsets.1
                0x08011efc        0xc ./Core/Src/autonav.o
 .rodata.yaw_offsets.0
                0x08011f08        0xc ./Core/Src/autonav.o
 .rodata.font6x8
                0x08011f14      0x23a ./Core/Src/ssd1306.o
 *fill*         0x0801214e        0x2 
 .rodata.initSeq.0
                0x08012150       0x19 ./Core/Src/ssd1306.o
 *fill*         0x08012169        0x3 
 .rodata.AHBPrescTable
                0x0801216c       0x10 ./Core/Src/system_stm32f4xx.o
                0x0801216c                AHBPrescTable
 .rodata.APBPrescTable
                0x0801217c        0x8 ./Core/Src/system_stm32f4xx.o
                0x0801217c                APBPrescTable
 .rodata.flagBitshiftOffset.0
                0x08012184        0x8 ./Drivers/STM32F4xx_HAL_Driver/Src/stm32f4xx_hal_dma.o
 .rodata._ctype_
                0x0801218c      0x101 D:/ST/STM32CubeIDE/STM32CubeIDE/plugins/com.st.stm32cube.ide.mcu.externaltools.gnu-tools-for-stm32.14.3.rel1.win32_1.0.100.202602081740/tools/bin/../lib/gcc/arm-none-eabi/14.3.1/../../../../arm-none-eabi/lib/thumb/v7e-m+fp/hard\libc_nano.a(libc_a-ctype_.o)
                0x0801218c                _ctype_
 .rodata._svfprintf_r.str1.1
                0x0801228d       0x33 D:/ST/STM32CubeIDE/STM32CubeIDE/plugins/com.st.stm32cube.ide.mcu.externaltools.gnu-tools-for-stm32.14.3.rel1.win32_1.0.100.202602081740/tools/bin/../lib/gcc/arm-none-eabi/14.3.1/../../../../arm-none-eabi/lib/thumb/v7e-m+fp/hard\libc_nano.a(libc_a-nano-svfprintf.o)
                                 0x11 (size before relaxing)
 .rodata._vfprintf_r.str1.1
                0x080122c0       0x11 D:/ST/STM32CubeIDE/STM32CubeIDE/plugins/com.st.stm32cube.ide.mcu.externaltools.gnu-tools-for-stm32.14.3.rel1.win32_1.0.100.202602081740/tools/bin/../lib/gcc/arm-none-eabi/14.3.1/../../../../arm-none-eabi/lib/thumb/v7e-m+fp/hard\libc_nano.a(libc_a-nano-vfprintf.o)
 .rodata._printf_i.str1.1
                0x080122c0       0x22 D:/ST/STM32CubeIDE/STM32CubeIDE/plugins/com.st.stm32cube.ide.mcu.externaltools.gnu-tools-for-stm32.14.3.rel1.win32_1.0.100.202602081740/tools/bin/../lib/gcc/arm-none-eabi/14.3.1/../../../../arm-none-eabi/lib/thumb/v7e-m+fp/hard\libc_nano.a(libc_a-nano-vfprintf_i.o)
 .rodata.CSWTCH.9
                0x080122c0        0xc D:/ST/STM32CubeIDE/STM32CubeIDE/plugins/com.st.stm32cube.ide.mcu.externaltools.gnu-tools-for-stm32.14.3.rel1.win32_1.0.100.202602081740/tools/bin/../lib/gcc/arm-none-eabi/14.3.1/../../../../arm-none-eabi/lib/thumb/v7e-m+fp/hard\libm.a(libm_a-ef_atan2.o)
 .rodata.CSWTCH.8
                0x080122cc        0xc D:/ST/STM32CubeIDE/STM32CubeIDE/plugins/com.st.stm32cube.ide.mcu.externaltools.gnu-tools-for-stm32.14.3.rel1.win32_1.0.100.202602081740/tools/bin/../lib/gcc/arm-none-eabi/14.3.1/../../../../arm-none-eabi/lib/thumb/v7e-m+fp/hard\libm.a(libm_a-ef_atan2.o)
 .rodata.npio2_hw
                0x080122d8       0x80 D:/ST/STM32CubeIDE/STM32CubeIDE/plugins/com.st.stm32cube.ide.mcu.externaltools.gnu-tools-for-stm32.14.3.rel1.win32_1.0.100.202602081740/tools/bin/../lib/gcc/arm-none-eabi/14.3.1/../../../../arm-none-eabi/lib/thumb/v7e-m+fp/hard\libm.a(libm_a-ef_rem_pio2.o)
 .rodata.two_over_pi
                0x08012358      0x318 D:/ST/STM32CubeIDE/STM32CubeIDE/plugins/com.st.stm32cube.ide.mcu.externaltools.gnu-tools-for-stm32.14.3.rel1.win32_1.0.100.202602081740/tools/bin/../lib/gcc/arm-none-eabi/14.3.1/../../../../arm-none-eabi/lib/thumb/v7e-m+fp/hard\libm.a(libm_a-ef_rem_pio2.o)
 .rodata.atanlo
                0x08012670       0x10 D:/ST/STM32CubeIDE/STM32CubeIDE/plugins/com.st.stm32cube.ide.mcu.externaltools.gnu-tools-for-stm32.14.3.rel1.win32_1.0.100.202602081740/tools/bin/../lib/gcc/arm-none-eabi/14.3.1/../../../../arm-none-eabi/lib/thumb/v7e-m+fp/hard\libm.a(libm_a-sf_atan.o)
 .rodata.atanhi
                0x08012680       0x10 D:/ST/STM32CubeIDE/STM32CubeIDE/plugins/com.st.stm32cube.ide.mcu.externaltools.gnu-tools-for-stm32.14.3.rel1.win32_1.0.100.202602081740/tools/bin/../lib/gcc/arm-none-eabi/14.3.1/../../../../arm-none-eabi/lib/thumb/v7e-m+fp/hard\libm.a(libm_a-sf_atan.o)