../Core/Inc/pid.h:37:20:PID_SetTarget	16	static
../Core/Src/bt_cmd.c:68:14:yawError	24	static
../Core/Src/bt_cmd.c:77:6:BtCmd_Init	8	static
../Core/Src/bt_cmd.c:91:6:BtCmd_ExecutePreciseMove	16	static
../Core/Src/bt_cmd.c:112:6:BtCmd_ExecutePreciseTurn	16	static
../Core/Src/bt_cmd.c:128:12:simple_atoi	24	static
../Core/Src/bt_cmd.c:138:6:BtCmd_ProcessByte	32	static
../Core/Src/bt_cmd.c:200:13:updateTurnControl	32	static
../Core/Src/bt_cmd.c:240:13:updateMoveControl	64	static
../Core/Src/bt_cmd.c:292:13:updateSimpleControl	56	static
../Core/Src/bt_cmd.c:333:6:BtCmd_UpdateMotorControl	16	static
