../Core/Src/main.c:95:5:main	160	static
../Core/Src/main.c:195:6:SystemClock_Config	88	static
../Core/Src/main.c:249:13:MX_TIM1_Init	56	static
../Core/Src/main.c:299:13:MX_TIM2_Init	48	static
../Core/Src/main.c:352:13:MX_TIM3_Init	56	static
../Core/Src/main.c:401:13:MX_UART4_Init	8	static
../Core/Src/main.c:434:13:MX_UART5_Init	8	static
../Core/Src/main.c:467:13:MX_USART1_UART_Init	8	static
../Core/Src/main.c:500:13:MX_USART2_UART_Init	8	static
../Core/Src/main.c:531:13:MX_DMA_Init	16	static
../Core/Src/main.c:559:13:MX_GPIO_Init	48	static
../Core/Src/main.c:599:6:StartDefaultTask	16	static
../Core/Src/main.c:614:6:Error_Handler	4	static,ignoring_inline_asm
