../Core/Src/stm32f4xx_it.c:79:6:NMI_Handler	4	static
../Core/Src/stm32f4xx_it.c:94:6:HardFault_Handler	4	static
../Core/Src/stm32f4xx_it.c:109:6:MemManage_Handler	4	static
../Core/Src/stm32f4xx_it.c:124:6:BusFault_Handler	4	static
../Core/Src/stm32f4xx_it.c:139:6:UsageFault_Handler	4	static
../Core/Src/stm32f4xx_it.c:154:6:DebugMon_Handler	4	static
../Core/Src/stm32f4xx_it.c:167:6:SysTick_Handler	4	static
../Core/Src/stm32f4xx_it.c:187:6:DMA1_Stream0_IRQHandler	8	static
../Core/Src/stm32f4xx_it.c:201:6:DMA1_Stream2_IRQHandler	8	static
../Core/Src/stm32f4xx_it.c:215:6:DMA1_Stream5_IRQHandler	8	static
../Core/Src/stm32f4xx_it.c:229:6:USART1_IRQHandler	8	static
../Core/Src/stm32f4xx_it.c:243:6:USART2_IRQHandler	8	static
../Core/Src/stm32f4xx_it.c:257:6:UART4_IRQHandler	8	static
../Core/Src/stm32f4xx_it.c:271:6:UART5_IRQHandler	8	static
../Core/Src/stm32f4xx_it.c:285:6:DMA2_Stream2_IRQHandler	8	static
