../Core/Src/uart_device.c:28:5:_write	24	static
../Core/Src/uart_device.c:37:6:UART_Device_Init	8	static
../Core/Src/uart_device.c:51:6:Debug_SendBytes	16	static
../Core/Src/uart_device.c:56:6:IMU_SendBytes	16	static
../Core/Src/uart_device.c:61:6:BT_SendBytes	16	static
../Core/Src/uart_device.c:66:6:BT_SendString	16	static
../Core/Src/uart_device.c:71:6:Lidar_SendBytes	16	static
../Core/Src/uart_device.c:88:17:DMA_ReadRingBuffer	32	static
../Core/Src/uart_device.c:109:6:UART_IDLE_Callback	24	static
../Core/Src/uart_device.c:118:6:IMU_ProcessDMA	16	static
../Core/Src/uart_device.c:133:10:BT_ReadDMA	24	static
../Core/Src/uart_device.c:140:10:Lidar_ReadDMA	24	static
