Archive member included to satisfy reference by file (symbol)

D:/app/STM32CubeIDE/STM32CubeIDE_1.19.0/STM32CubeIDE/plugins/com.st.stm32cube.ide.mcu.externaltools.gnu-tools-for-stm32.13.3.rel1.win32_1.0.0.202411081344/tools/bin/../lib/gcc/arm-none-eabi/13.3.1/../../../../arm-none-eabi/lib/thumb/v7e-m+fp/hard\libc_nano.a(libc_a-exit.o)
                              D:/app/STM32CubeIDE/STM32CubeIDE_1.19.0/STM32CubeIDE/plugins/com.st.stm32cube.ide.mcu.externaltools.gnu-tools-for-stm32.13.3.rel1.win32_1.0.0.202411081344/tools/bin/../lib/gcc/arm-none-eabi/13.3.1/../../../../arm-none-eabi/lib/thumb/v7e-m+fp/hard/crt0.o (exit)
D:/app/STM32CubeIDE/STM32CubeIDE_1.19.0/STM32CubeIDE/plugins/com.st.stm32cube.ide.mcu.externaltools.gnu-tools-for-stm32.13.3.rel1.win32_1.0.0.202411081344/tools/bin/../lib/gcc/arm-none-eabi/13.3.1/../../../../arm-none-eabi/lib/thumb/v7e-m+fp/hard\libc_nano.a(libc_a-ctype_.o)
                              ./Core/Src/bt_cmd.o (_ctype_)
D:/app/STM32CubeIDE/STM32CubeIDE_1.19.0/STM32CubeIDE/plugins/com.st.stm32cube.ide.mcu.externaltools.gnu-tools-for-stm32.13.3.rel1.win32_1.0.0.202411081344/tools/bin/../lib/gcc/arm-none-eabi/13.3.1/../../../../arm-none-eabi/lib/thumb/v7e-m+fp/hard\libc_nano.a(libc_a-findfp.o)
                              D:/app/STM32CubeIDE/STM32CubeIDE_1.19.0/STM32CubeIDE/plugins/com.st.stm32cube.ide.mcu.externaltools.gnu-tools-for-stm32.13.3.rel1.win32_1.0.0.202411081344/tools/bin/../lib/gcc/arm-none-eabi/13.3.1/../../../../arm-none-eabi/lib/thumb/v7e-m+fp/hard\libc_nano.a(libc_a-exit.o) (__stdio_exit_handler)
D:/app/STM32CubeIDE/STM32CubeIDE_1.19.0/STM32CubeIDE/plugins/com.st.stm32cube.ide.mcu.externaltools.gnu-tools-for-stm32.13.3.rel1.win32_1.0.0.202411081344/tools/bin/../lib/gcc/arm-none-eabi/13.3.1/../../../../arm-none-eabi/lib/thumb/v7e-m+fp/hard\libc_nano.a(libc_a-fwalk.o)
                              D:/app/STM32CubeIDE/STM32CubeIDE_1.19.0/STM32CubeIDE/plugins/com.st.stm32cube.ide.mcu.externaltools.gnu-tools-for-stm32.13.3.rel1.win32_1.0.0.202411081344/tools/bin/../lib/gcc/arm-none-eabi/13.3.1/../../../../arm-none-eabi/lib/thumb/v7e-m+fp/hard\libc_nano.a(libc_a-findfp.o) (_fwalk_sglue)
D:/app/STM32CubeIDE/STM32CubeIDE_1.19.0/STM32CubeIDE/plugins/com.st.stm32cube.ide.mcu.externaltools.gnu-tools-for-stm32.13.3.rel1.win32_1.0.0.202411081344/tools/bin/../lib/gcc/arm-none-eabi/13.3.1/../../../../arm-none-eabi/lib/thumb/v7e-m+fp/hard\libc_nano.a(libc_a-puts.o)
                              ./Core/Src/main.o (puts)
D:/app/STM32CubeIDE/STM32CubeIDE_1.19.0/STM32CubeIDE/plugins/com.st.stm32cube.ide.mcu.externaltools.gnu-tools-for-stm32.13.3.rel1.win32_1.0.0.202411081344/tools/bin/../lib/gcc/arm-none-eabi/13.3.1/../../../../arm-none-eabi/lib/thumb/v7e-m+fp/hard\libc_nano.a(libc_a-stdio.o)
                              D:/app/STM32CubeIDE/STM32CubeIDE_1.19.0/STM32CubeIDE/plugins/com.st.stm32cube.ide.mcu.externaltools.gnu-tools-for-stm32.13.3.rel1.win32_1.0.0.202411081344/tools/bin/../lib/gcc/arm-none-eabi/13.3.1/../../../../arm-none-eabi/lib/thumb/v7e-m+fp/hard\libc_nano.a(libc_a-findfp.o) (__sread)
D:/app/STM32CubeIDE/STM32CubeIDE_1.19.0/STM32CubeIDE/plugins/com.st.stm32cube.ide.mcu.externaltools.gnu-tools-for-stm32.13.3.rel1.win32_1.0.0.202411081344/tools/bin/../lib/gcc/arm-none-eabi/13.3.1/../../../../arm-none-eabi/lib/thumb/v7e-m+fp/hard\libc_nano.a(libc_a-wbuf.o)
                              D:/app/STM32CubeIDE/STM32CubeIDE_1.19.0/STM32CubeIDE/plugins/com.st.stm32cube.ide.mcu.externaltools.gnu-tools-for-stm32.13.3.rel1.win32_1.0.0.202411081344/tools/bin/../lib/gcc/arm-none-eabi/13.3.1/../../../../arm-none-eabi/lib/thumb/v7e-m+fp/hard\libc_nano.a(libc_a-puts.o) (__swbuf_r)
D:/app/STM32CubeIDE/STM32CubeIDE_1.19.0/STM32CubeIDE/plugins/com.st.stm32cube.ide.mcu.externaltools.gnu-tools-for-stm32.13.3.rel1.win32_1.0.0.202411081344/tools/bin/../lib/gcc/arm-none-eabi/13.3.1/../../../../arm-none-eabi/lib/thumb/v7e-m+fp/hard\libc_nano.a(libc_a-wsetup.o)
                              D:/app/STM32CubeIDE/STM32CubeIDE_1.19.0/STM32CubeIDE/plugins/com.st.stm32cube.ide.mcu.externaltools.gnu-tools-for-stm32.13.3.rel1.win32_1.0.0.202411081344/tools/bin/../lib/gcc/arm-none-eabi/13.3.1/../../../../arm-none-eabi/lib/thumb/v7e-m+fp/hard\libc_nano.a(libc_a-puts.o) (__swsetup_r)
D:/app/STM32CubeIDE/STM32CubeIDE_1.19.0/STM32CubeIDE/plugins/com.st.stm32cube.ide.mcu.externaltools.gnu-tools-for-stm32.13.3.rel1.win32_1.0.0.202411081344/tools/bin/../lib/gcc/arm-none-eabi/13.3.1/../../../../arm-none-eabi/lib/thumb/v7e-m+fp/hard\libc_nano.a(libc_a-memset.o)
                              D:/app/STM32CubeIDE/STM32CubeIDE_1.19.0/STM32CubeIDE/plugins/com.st.stm32cube.ide.mcu.externaltools.gnu-tools-for-stm32.13.3.rel1.win32_1.0.0.202411081344/tools/bin/../lib/gcc/arm-none-eabi/13.3.1/../../../../arm-none-eabi/lib/thumb/v7e-m+fp/hard/crt0.o (memset)
[...]
Memory Configuration

Name             Origin             Length             Attributes
RAM              0x20000000         0x00020000         xrw
FLASH            0x08000000         0x00080000         xr
*default*        0x00000000         0xffffffff

Linker script and memory map

LOAD D:/app/STM32CubeIDE/STM32CubeIDE_1.19.0/STM32CubeIDE/plugins/com.st.stm32cube.ide.mcu.externaltools.gnu-tools-for-stm32.13.3.rel1.win32_1.0.0.202411081344/tools/bin/../lib/gcc/arm-none-eabi/13.3.1/thumb/v7e-m+fp/hard/crti.o
LOAD D:/app/STM32CubeIDE/STM32CubeIDE_1.19.0/STM32CubeIDE/plugins/com.st.stm32cube.ide.mcu.externaltools.gnu-tools-for-stm32.13.3.rel1.win32_1.0.0.202411081344/tools/bin/../lib/gcc/arm-none-eabi/13.3.1/thumb/v7e-m+fp/hard/crtbegin.o
LOAD D:/app/STM32CubeIDE/STM32CubeIDE_1.19.0/STM32CubeIDE/plugins/com.st.stm32cube.ide.mcu.externaltools.gnu-tools-for-stm32.13.3.rel1.win32_1.0.0.202411081344/tools/bin/../lib/gcc/arm-none-eabi/13.3.1/../../../../arm-none-eabi/lib/thumb/v7e-m+fp/hard/crt0.o
LOAD ./Core/Src/bt_cmd.o
LOAD ./Core/Src/encoder.o
LOAD ./Core/Src/freertos.o
LOAD ./Core/Src/im948.o
LOAD ./Core/Src/lidar.o
LOAD ./Core/Src/main.o
LOAD ./Core/Src/motor.o
LOAD ./Core/Src/pid.o
LOAD ./Core/Src/stm32f4xx_hal_msp.o
LOAD ./Core/Src/stm32f4xx_it.o
LOAD ./Core/Src/syscalls.o
LOAD ./Core/Src/sysmem.o
LOAD ./Core/Src/system_stm32f4xx.o
LOAD ./Core/Src/uart_device.o
LOAD ./Core/Startup/startup_stm32f446retx.o
LOAD ./Drivers/STM32F4xx_HAL_Driver/Src/stm32f4xx_hal.o
LOAD ./Drivers/STM32F4xx_HAL_Driver/Src/stm32f4xx_hal_cortex.o
LOAD ./Drivers/STM32F4xx_HAL_Driver/Src/stm32f4xx_hal_dma.o
LOAD ./Drivers/STM32F4xx_HAL_Driver/Src/stm32f4xx_hal_dma_ex.o
LOAD ./Drivers/STM32F4xx_HAL_Driver/Src/stm32f4xx_hal_exti.o
LOAD ./Drivers/STM32F4xx_HAL_Driver/Src/stm32f4xx_hal_flash.o
LOAD ./Drivers/STM32F4xx_HAL_Driver/Src/stm32f4xx_hal_flash_ex.o
LOAD ./Drivers/STM32F4xx_HAL_Driver/Src/stm32f4xx_hal_flash_ramfunc.o
LOAD ./Drivers/STM32F4xx_HAL_Driver/Src/stm32f4xx_hal_gpio.o
LOAD ./Drivers/STM32F4xx_HAL_Driver/Src/stm32f4xx_hal_pwr.o
LOAD ./Drivers/STM32F4xx_HAL_Driver/Src/stm32f4xx_hal_pwr_ex.o
LOAD ./Drivers/STM32F4xx_HAL_Driver/Src/stm32f4xx_hal_rcc.o
LOAD ./Drivers/STM32F4xx_HAL_Driver/Src/stm32f4xx_hal_rcc_ex.o
LOAD ./Drivers/STM32F4xx_HAL_Driver/Src/stm32f4xx_hal_tim.o
LOAD ./Drivers/STM32F4xx_HAL_Driver/Src/stm32f4xx_hal_tim_ex.o
LOAD ./Drivers/STM32F4xx_HAL_Driver/Src/stm32f4xx_hal_uart.o
LOAD ./Middlewares/Third_Party/FreeRTOS/Source/CMSIS_RTOS/cmsis_os.o
LOAD ./Middlewares/Third_Party/FreeRTOS/Source/croutine.o
LOAD ./Middlewares/Third_Party/FreeRTOS/Source/event_groups.o
LOAD ./Middlewares/Third_Party/FreeRTOS/Source/list.o
LOAD ./Middlewares/Third_Party/FreeRTOS/Source/queue.o
LOAD ./Middlewares/Third_Party/FreeRTOS/Source/stream_buffer.o
LOAD ./Middlewares/Third_Party/FreeRTOS/Source/tasks.o
LOAD ./Middlewares/Third_Party/FreeRTOS/Source/timers.o
LOAD ./Middlewares/Third_Party/FreeRTOS/Source/portable/GCC/ARM_CM4F/port.o
LOAD ./Middlewares/Third_Party/FreeRTOS/Source/portable/MemMang/heap_4.o
START GROUP
LOAD D:/app/STM32CubeIDE/STM32CubeIDE_1.19.0/STM32CubeIDE/plugins/com.st.stm32cube.ide.mcu.externaltools.gnu-tools-for-stm32.13.3.rel1.win32_1.0.0.202411081344/tools/bin/../lib/gcc/arm-none-eabi/13.3.1/../../../../arm-none-eabi/lib/thumb/v7e-m+fp/hard\libc_nano.a
LOAD D:/app/STM32CubeIDE/STM32CubeIDE_1.19.0/STM32CubeIDE/plugins/com.st.stm32cube.ide.mcu.externaltools.gnu-tools-for-stm32.13.3.rel1.win32_1.0.0.202411081344/tools/bin/../lib/gcc/arm-none-eabi/13.3.1/../../../../arm-none-eabi/lib/thumb/v7e-m+fp/hard\libm.a
END GROUP
START GROUP
LOAD D:/app/STM32CubeIDE/STM32CubeIDE_1.19.0/STM32CubeIDE/plugins/com.st.stm32cube.ide.mcu.externaltools.gnu-tools-for-stm32.13.3.rel1.win32_1.0.0.202411081344/tools/bin/../lib/gcc/arm-none-eabi/13.3.1/thumb/v7e-m+fp/hard\libgcc.a
LOAD D:/app/STM32CubeIDE/STM32CubeIDE_1.19.0/STM32CubeIDE/plugins/com.st.stm32cube.ide.mcu.externaltools.gnu-tools-for-stm32.13.3.rel1.win32_1.0.0.202411081344/tools/bin/../lib/gcc/arm-none-eabi/13.3.1/../../../../arm-none-eabi/lib/thumb/v7e-m+fp/hard\libc_nano.a
END GROUP
START GROUP
LOAD D:/app/STM32CubeIDE/STM32CubeIDE_1.19.0/STM32CubeIDE/plugins/com.st.stm32cube.ide.mcu.externaltools.gnu-tools-for-stm32.13.3.rel1.win32_1.0.0.202411081344/tools/bin/../lib/gcc/arm-none-eabi/13.3.1/thumb/v7e-m+fp/hard\libgcc.a
LOAD D:/app/STM32CubeIDE/STM32CubeIDE_1.19.0/STM32CubeIDE/plugins/com.st.stm32cube.ide.mcu.externaltools.gnu-tools-for-stm32.13.3.rel1.win32_1.0.0.202411081344/tools/bin/../lib/gcc/arm-none-eabi/13.3.1/../../../../arm-none-eabi/lib/thumb/v7e-m+fp/hard\libc_nano.a
LOAD D:/app/STM32CubeIDE/STM32CubeIDE_1.19.0/STM32CubeIDE/plugins/com.st.stm32cube.ide.mcu.externaltools.gnu-tools-for-stm32.13.3.rel1.win32_1.0.0.202411081344/tools/bin/../lib/gcc/arm-none-eabi/13.3.1/../../../../arm-none-eabi/lib/thumb/v7e-m+fp/hard\libnosys.a
END GROUP
START GROUP
LOAD D:/app/STM32CubeIDE/STM32CubeIDE_1.19.0/STM32CubeIDE/plugins/com.st.stm32cube.ide.mcu.externaltools.gnu-tools-for-stm32.13.3.rel1.win32_1.0.0.202411081344/tools/bin/../lib/gcc/arm-none-eabi/13.3.1/thumb/v7e-m+fp/hard\libgcc.a
LOAD D:/app/STM32CubeIDE/STM32CubeIDE_1.19.0/STM32CubeIDE/plugins/com.st.stm32cube.ide.mcu.externaltools.gnu-tools-for-stm32.13.3.rel1.win32_1.0.0.202411081344/tools/bin/../lib/gcc/arm-none-eabi/13.3.1/../../../../arm-none-eabi/lib/thumb/v7e-m+fp/hard\libc_nano.a
LOAD D:/app/STM32CubeIDE/STM32CubeIDE_1.19.0/STM32CubeIDE/plugins/com.st.stm32cube.ide.mcu.externaltools.gnu-tools-for-stm32.13.3.rel1.win32_1.0.0.202411081344/tools/bin/../lib/gcc/arm-none-eabi/13.3.1/../../../../arm-none-eabi/lib/thumb/v7e-m+fp/hard\libnosys.a
END GROUP
LOAD D:/app/STM32CubeIDE/STM32CubeIDE_1.19.0/STM32CubeIDE/plugins/com.st.stm32cube.ide.mcu.externaltools.gnu-tools-for-stm32.13.3.rel1.win32_1.0.0.202411081344/tools/bin/../lib/gcc/arm-none-eabi/13.3.1/thumb/v7e-m+fp/hard/crtend.o
LOAD D:/app/STM32CubeIDE/STM32CubeIDE_1.19.0/STM32CubeIDE/plugins/com.st.stm32cube.ide.mcu.externaltools.gnu-tools-for-stm32.13.3.rel1.win32_1.0.0.202411081344/tools/bin/../lib/gcc/arm-none-eabi/13.3.1/thumb/v7e-m+fp/hard/crtn.o
                0x20020000                        _estack = (ORIGIN (RAM) + LENGTH (RAM))
                0x00004000                        _Min_Heap_Size = 0x4000
                0x00001000                        _Min_Stack_Size = 0x1000

.isr_vector     0x08000000      0x1c4
                0x08000000                        . = ALIGN (0x4)
 *(.isr_vector)
 .isr_vector    0x08000000      0x1c4 ./Core/Startup/startup_stm32f446retx.o
                0x08000000                g_pfnVectors
                0x080001c4                        . = ALIGN (0x4)

.text           0x080001d0     0xad7c
                0x080001d0                        . = ALIGN (0x4)
 *(.text)
 .text          0x080001d0       0x40 D:/app/STM32CubeIDE/STM32CubeIDE_1.19.0/STM32CubeIDE/plugins/com.st.stm32cube.ide.mcu.externaltools.gnu-tools-for-stm32.13.3.rel1.win32_1.0.0.202411081344/tools/bin/../lib/gcc/arm-none-eabi/13.3.1/thumb/v7e-m+fp/hard/crtbegin.o
 .text          0x08000210       0x10 D:/app/STM32CubeIDE/STM32CubeIDE_1.19.0/STM32CubeIDE/plugins/com.st.stm32cube.ide.mcu.externaltools.gnu-tools-for-stm32.13.3.rel1.win32_1.0.0.202411081344/tools/bin/../lib/gcc/arm-none-eabi/13.3.1/../../../../arm-none-eabi/lib/thumb/v7e-m+fp/hard\libc_nano.a(libc_a-strlen.o)
                0x08000210                strlen
 .text          0x08000220       0x30 D:/app/STM32CubeIDE/STM32CubeIDE_1.19.0/STM32CubeIDE/plugins/com.st.stm32cube.ide.mcu.externaltools.gnu-tools-for-stm32.13.3.rel1.win32_1.0.0.202411081344/tools/bin/../lib/gcc/arm-none-eabi/13.3.1/thumb/v7e-m+fp/hard\libgcc.a(_aeabi_uldivmod.o)
                0x08000220                __aeabi_uldivmod
 .text          0x08000250      0x2f8 D:/app/STM32CubeIDE/STM32CubeIDE_1.19.0/STM32CubeIDE/plugins/com.st.stm32cube.ide.mcu.externaltools.gnu-tools-for-stm32.13.3.rel1.win32_1.0.0.202411081344/tools/bin/../lib/gcc/arm-none-eabi/13.3.1/thumb/v7e-m+fp/hard\libgcc.a(_udivmoddi4.o)
                0x08000250                __udivmoddi4
 .text          0x08000548        0x4 D:/app/STM32CubeIDE/STM32CubeIDE_1.19.0/STM32CubeIDE/plugins/com.st.stm32cube.ide.mcu.externaltools.gnu-tools-for-stm32.13.3.rel1.win32_1.0.0.202411081344/tools/bin/../lib/gcc/arm-none-eabi/13.3.1/thumb/v7e-m+fp/hard\libgcc.a(_dvmd_tls.o)
                0x08000548                __aeabi_idiv0
                0x08000548                __aeabi_ldiv0
 *(.text*)
 .text.PID_SetTarget
                0x0800054c       0x1e ./Core/Src/bt_cmd.o
 *fill*         0x0800056a        0x2 
 .text.yawError
                0x0800056c       0x88 ./Core/Src/bt_cmd.o
 .text.BtCmd_Init
                0x080005f4       0xb0 ./Core/Src/bt_cmd.o
                0x080005f4                BtCmd_Init
 .text.BtCmd_ExecutePreciseMove
                0x080006a4       0xb0 ./Core/Src/bt_cmd.o
                0x080006a4                BtCmd_ExecutePreciseMove
 .text.BtCmd_ExecutePreciseTurn
                0x08000754       0xc4 ./Core/Src/bt_cmd.o
                0x08000754                BtCmd_ExecutePreciseTurn
 .text.simple_atoi
                0x08000818       0x62 ./Core/Src/bt_cmd.o
 *fill*         0x0800087a        0x2 
 .text.BtCmd_ProcessByte
                0x0800087c      0x21c ./Core/Src/bt_cmd.o
                0x0800087c                BtCmd_ProcessByte
 .text.updateTurnControl
                0x08000a98      0x124 ./Core/Src/bt_cmd.o
 .text.updateMoveControl
                0x08000bbc      0x1e8 ./Core/Src/bt_cmd.o
 .text.updateSimpleControl
                0x08000da4      0x1a4 ./Core/Src/bt_cmd.o
 .text.BtCmd_UpdateMotorControl
                0x08000f48       0x54 ./Core/Src/bt_cmd.o
                0x08000f48                BtCmd_UpdateMotorControl
 .text.Encoder_Init
                0x08000f9c       0x44 ./Core/Src/encoder.o
                0x08000f9c                Encoder_Init
 .text.Encoder_Update
                0x08000fe0       0x90 ./Core/Src/encoder.o
                0x08000fe0                Encoder_Update
 .text.Encoder_GetLeftSpeed
                0x08001070       0x4c ./Core/Src/encoder.o
                0x08001070                Encoder_GetLeftSpeed
 .text.Encoder_GetRightSpeed
                0x080010bc       0x4c ./Core/Src/encoder.o
                0x080010bc                Encoder_GetRightSpeed
 .text.Encoder_UpdateOdometry
                0x08001108       0xd4 ./Core/Src/encoder.o
                0x08001108                Encoder_UpdateOdometry
 .text.vApplicationGetIdleTaskMemory
                0x080011dc       0x34 ./Core/Src/freertos.o
                0x080011dc                vApplicationGetIdleTaskMemory
 .text.vApplicationGetTimerTaskMemory
                0x08001210       0x34 ./Core/Src/freertos.o
                0x08001210                vApplicationGetTimerTaskMemory
 .text.CommandTask
                0x08001244       0x44 ./Core/Src/freertos.o
                0x08001244                CommandTask
 .text.MotorControlTask
                0x08001288       0x28 ./Core/Src/freertos.o
                0x08001288                MotorControlTask
 .text.IMU900Task
                0x080012b0       0x1a ./Core/Src/freertos.o
                0x080012b0                IMU900Task
 .text.LidarTask
                0x080012ca       0x1a ./Core/Src/freertos.o
                0x080012ca                LidarTask
 .text.CalcSum1
                0x080012e4       0x36 ./Core/Src/im948.o
 .text.Memcpy_local
                0x0800131a       0x4c ./Core/Src/im948.o
 *fill*         0x08001366        0x2 
 .text.IMU_SendOdomUpdate
                0x08001368       0xac ./Core/Src/im948.o
                0x08001368                IMU_SendOdomUpdate
 .text.IMU_Init
                0x08001414       0x60 ./Core/Src/im948.o
                0x08001414                IMU_Init
 .text.IMU_Update
                0x08001474       0xf8 ./Core/Src/im948.o
                0x08001474                IMU_Update
 .text.Cmd_PackAndTx
                0x0800156c       0xdc ./Core/Src/im948.o
 .text.Cmd_GetPkt
                0x08001648      0x1c4 ./Core/Src/im948.o
                0x08001648                Cmd_GetPkt
 .text.Cmd_Write
                0x0800180c       0x1e ./Core/Src/im948.o
 .text.Cmd_03   0x0800182a       0x1c ./Core/Src/im948.o
                0x0800182a                Cmd_03
 .text.Cmd_05   0x08001846       0x1c ./Core/Src/im948.o
                0x08001846                Cmd_05
 .text.Cmd_13   0x08001862       0x1c ./Core/Src/im948.o
                0x08001862                Cmd_13
 .text.Cmd_19   0x0800187e       0x1c ./Core/Src/im948.o
                0x0800187e                Cmd_19
 .text.Cmd_12   0x0800189a       0x96 ./Core/Src/im948.o
                0x0800189a                Cmd_12
 .text.Cmd_RxUnpack
                0x08001930      0x298 ./Core/Src/im948.o
 .text.Lidar_SendCmd
                0x08001bc8       0x26 ./Core/Src/lidar.o
 *fill*         0x08001bee        0x2 
 .text.parseLidarNode
                0x08001bf0      0x194 ./Core/Src/lidar.o
 .text.Lidar_Init
                0x08001d84       0xd8 ./Core/Src/lidar.o
                0x08001d84                Lidar_Init
 .text.Lidar_Update
                0x08001e5c      0x120 ./Core/Src/lidar.o
                0x08001e5c                Lidar_Update
 .text.main     0x08001f7c      0x110 ./Core/Src/main.o
                0x08001f7c                main
 .text.SystemClock_Config
                0x0800208c       0xe4 ./Core/Src/main.o
                0x0800208c                SystemClock_Config
 .text.MX_TIM1_Init
                0x08002170       0xb0 ./Core/Src/main.o
 .text.MX_TIM2_Init
                0x08002220       0xc8 ./Core/Src/main.o
 .text.MX_TIM3_Init
                0x080022e8       0xa8 ./Core/Src/main.o
 .text.MX_UART4_Init
                0x08002390       0x54 ./Core/Src/main.o
 .text.MX_UART5_Init
                0x080023e4       0x54 ./Core/Src/main.o
 .text.MX_USART1_UART_Init
                0x08002438       0x54 ./Core/Src/main.o
 .text.MX_USART2_UART_Init
                0x0800248c       0x54 ./Core/Src/main.o
 .text.MX_DMA_Init
                0x080024e0       0x8c ./Core/Src/main.o
 .text.MX_GPIO_Init
                0x0800256c       0xdc ./Core/Src/main.o
 .text.StartDefaultTask
                0x08002648       0x10 ./Core/Src/main.o
                0x08002648                StartDefaultTask
 .text.Error_Handler
                0x08002658        0xc ./Core/Src/main.o
                0x08002658                Error_Handler
 .text.clamp    0x08002664       0x32 ./Core/Src/motor.o
 *fill*         0x08002696        0x2 
 .text.duty_to_pwm
                0x08002698       0x34 ./Core/Src/motor.o
 .text.Motor_Init
                0x080026cc       0x20 ./Core/Src/motor.o
                0x080026cc                Motor_Init
 .text.Motor_SetLeft
                0x080026ec       0x60 ./Core/Src/motor.o
                0x080026ec                Motor_SetLeft
 .text.Motor_SetRight
                0x0800274c       0x5c ./Core/Src/motor.o
                0x0800274c                Motor_SetRight
 .text.Motor_Set
                0x080027a8       0x26 ./Core/Src/motor.o
                0x080027a8                Motor_Set
 *fill*         0x080027ce        0x2 
 .text.Motor_Brake
                0x080027d0       0x28 ./Core/Src/motor.o
                0x080027d0                Motor_Brake
 .text.Motor_TurnLeft
                0x080027f8       0x1e ./Core/Src/motor.o
                0x080027f8                Motor_TurnLeft
 .text.Motor_TurnRight
                0x08002816       0x1e ./Core/Src/motor.o
                0x08002816                Motor_TurnRight
 .text.PID_Init
                0x08002834       0x6e ./Core/Src/pid.o
                0x08002834                PID_Init
 *fill*         0x080028a2        0x2 
 .text.PID_Compute
                0x080028a4      0x190 ./Core/Src/pid.o
                0x080028a4                PID_Compute
 .text.PID_Reset
                0x08002a34       0x2c ./Core/Src/pid.o
                0x08002a34                PID_Reset
 .text.HAL_MspInit
                0x08002a60       0x58 ./Core/Src/stm32f4xx_hal_msp.o
                0x08002a60                HAL_MspInit
 .text.HAL_TIM_Encoder_MspInit
                0x08002ab8      0x13c ./Core/Src/stm32f4xx_hal_msp.o
                0x08002ab8                HAL_TIM_Encoder_MspInit
 .text.HAL_TIM_PWM_MspInit
                0x08002bf4       0x40 ./Core/Src/stm32f4xx_hal_msp.o
                0x08002bf4                HAL_TIM_PWM_MspInit
 .text.HAL_TIM_MspPostInit
                0x08002c34       0x70 ./Core/Src/stm32f4xx_hal_msp.o
                0x08002c34                HAL_TIM_MspPostInit
 .text.HAL_UART_MspInit
                0x08002ca4      0x438 ./Core/Src/stm32f4xx_hal_msp.o
                0x08002ca4                HAL_UART_MspInit
 .text.NMI_Handler
                0x080030dc        0x8 ./Core/Src/stm32f4xx_it.o
                0x080030dc                NMI_Handler
 .text.HardFault_Handler
                0x080030e4        0x8 ./Core/Src/stm32f4xx_it.o
                0x080030e4                HardFault_Handler
 .text.MemManage_Handler
                0x080030ec        0x8 ./Core/Src/stm32f4xx_it.o
                0x080030ec                MemManage_Handler
 .text.BusFault_Handler
                0x080030f4        0x8 ./Core/Src/stm32f4xx_it.o
                0x080030f4                BusFault_Handler
 .text.UsageFault_Handler
                0x080030fc        0x8 ./Core/Src/stm32f4xx_it.o
                0x080030fc                UsageFault_Handler
 .text.DebugMon_Handler
                0x08003104        0xe ./Core/Src/stm32f4xx_it.o
                0x08003104                DebugMon_Handler
 .text.SysTick_Handler
                0x08003112        0xe ./Core/Src/stm32f4xx_it.o
                0x08003112                SysTick_Handler
 .text.DMA1_Stream0_IRQHandler
                0x08003120       0x14 ./Core/Src/stm32f4xx_it.o
                0x08003120                DMA1_Stream0_IRQHandler
 .text.DMA1_Stream2_IRQHandler
                0x08003134       0x14 ./Core/Src/stm32f4xx_it.o
                0x08003134                DMA1_Stream2_IRQHandler
 .text.DMA1_Stream5_IRQHandler
                0x08003148       0x14 ./Core/Src/stm32f4xx_it.o
                0x08003148                DMA1_Stream5_IRQHandler
 .text.USART1_IRQHandler
                0x0800315c       0x18 ./Core/Src/stm32f4xx_it.o
                0x0800315c                USART1_IRQHandler
 .text.USART2_IRQHandler
                0x08003174       0x14 ./Core/Src/stm32f4xx_it.o
                0x08003174                USART2_IRQHandler
 .text.UART4_IRQHandler
                0x08003188       0x18 ./Core/Src/stm32f4xx_it.o
                0x08003188                UART4_IRQHandler
 .text.UART5_IRQHandler
                0x080031a0       0x18 ./Core/Src/stm32f4xx_it.o
                0x080031a0                UART5_IRQHandler
 .text.DMA2_Stream2_IRQHandler
                0x080031b8       0x14 ./Core/Src/stm32f4xx_it.o
                0x080031b8                DMA2_Stream2_IRQHandler
 .text._read    0x080031cc       0x3a ./Core/Src/syscalls.o
                0x080031cc                _read
 .text._close   0x08003206       0x18 ./Core/Src/syscalls.o
                0x08003206                _close
 .text._fstat   0x0800321e       0x20 ./Core/Src/syscalls.o
                0x0800321e                _fstat
 .text._isatty  0x0800323e       0x16 ./Core/Src/syscalls.o
                0x0800323e                _isatty
 .text._lseek   0x08003254       0x1a ./Core/Src/syscalls.o
                0x08003254                _lseek
 *fill*         0x0800326e        0x2 
 .text._sbrk    0x08003270       0x6c ./Core/Src/sysmem.o
                0x08003270                _sbrk
 .text.SystemInit
                0x080032dc       0x24 ./Core/Src/system_stm32f4xx.o
                0x080032dc                SystemInit
 .text._write   0x08003300       0x2c ./Core/Src/uart_device.o
                0x08003300                _write
 .text.UART_Device_Init
                0x0800332c       0x74 ./Core/Src/uart_device.o
                0x0800332c                UART_Device_Init
 .text.IMU_SendBytes
                0x080033a0       0x28 ./Core/Src/uart_device.o
                0x080033a0                IMU_SendBytes
 .text.BT_SendBytes
                0x080033c8       0x28 ./Core/Src/uart_device.o
                0x080033c8                BT_SendBytes
 .text.BT_SendString
                0x080033f0       0x2c ./Core/Src/uart_device.o
                0x080033f0                BT_SendString
 .text.Lidar_SendBytes
                0x0800341c       0x28 ./Core/Src/uart_device.o
                0x0800341c                Lidar_SendBytes
 .text.DMA_ReadRingBuffer
                0x08003444       0x78 ./Core/Src/uart_device.o
 .text.UART_IDLE_Callback
                0x080034bc       0x38 ./Core/Src/uart_device.o
                0x080034bc                UART_IDLE_Callback
 .text.IMU_ProcessDMA
                0x080034f4       0x5c ./Core/Src/uart_device.o
                0x080034f4                IMU_ProcessDMA
 .text.BT_ReadDMA
                0x08003550       0x38 ./Core/Src/uart_device.o
                0x08003550                BT_ReadDMA
 .text.Lidar_ReadDMA
                0x08003588       0x38 ./Core/Src/uart_device.o
                0x08003588                Lidar_ReadDMA
 .text.Reset_Handler
                0x080035c0       0x50 ./Core/Startup/startup_stm32f446retx.o
                0x080035c0                Reset_Handler
 .text.Default_Handler
                0x08003610        0x2 ./Core/Startup/startup_stm32f446retx.o
                0x08003610                RTC_Alarm_IRQHandler
                0x08003610                EXTI2_IRQHandler
                0x08003610                TIM8_CC_IRQHandler
                0x08003610                FMPI2C1_EV_IRQHandler
                0x08003610                SPI4_IRQHandler
                0x08003610                TIM1_CC_IRQHandler
                0x08003610                DMA2_Stream5_IRQHandler
                0x08003610                PVD_IRQHandler
                0x08003610                SDIO_IRQHandler
                0x08003610                TAMP_STAMP_IRQHandler
                0x08003610                CAN2_RX1_IRQHandler
                0x08003610                EXTI3_IRQHandler
                0x08003610                TIM8_TRG_COM_TIM14_IRQHandler
                0x08003610                TIM1_UP_TIM10_IRQHandler
                0x08003610                TIM8_UP_TIM13_IRQHandler
                0x08003610                I2C3_ER_IRQHandler
                0x08003610                EXTI0_IRQHandler
                0x08003610                I2C2_EV_IRQHandler
                0x08003610                CAN1_RX0_IRQHandler
                0x08003610                FPU_IRQHandler
                0x08003610                OTG_HS_WKUP_IRQHandler
                0x08003610                CAN2_SCE_IRQHandler
                0x08003610                SPI1_IRQHandler
                0x08003610                TIM6_DAC_IRQHandler
                0x08003610                TIM1_BRK_TIM9_IRQHandler
                0x08003610                DCMI_IRQHandler
                0x08003610                CAN2_RX0_IRQHandler
                0x08003610                DMA2_Stream3_IRQHandler
                0x08003610                SAI2_IRQHandler
                0x08003610                USART6_IRQHandler
                0x08003610                USART3_IRQHandler
                0x08003610                CAN1_RX1_IRQHandler
                0x08003610                DMA2_Stream0_IRQHandler
                0x08003610                TIM4_IRQHandler
                0x08003610                QUADSPI_IRQHandler
                0x08003610                I2C1_EV_IRQHandler
                0x08003610                DMA1_Stream6_IRQHandler
                0x08003610                DMA1_Stream1_IRQHandler
                0x08003610                TIM3_IRQHandler
                0x08003610                RCC_IRQHandler
                0x08003610                TIM8_BRK_TIM12_IRQHandler
                0x08003610                Default_Handler
                0x08003610                CEC_IRQHandler
                0x08003610                EXTI15_10_IRQHandler
                0x08003610                ADC_IRQHandler
                0x08003610                DMA1_Stream7_IRQHandler
                0x08003610                TIM7_IRQHandler
                0x08003610                CAN2_TX_IRQHandler
                0x08003610                TIM5_IRQHandler
                0x08003610                DMA2_Stream7_IRQHandler
                0x08003610                I2C3_EV_IRQHandler
                0x08003610                EXTI9_5_IRQHandler
                0x08003610                RTC_WKUP_IRQHandler
                0x08003610                SPDIF_RX_IRQHandler
                0x08003610                SPI2_IRQHandler
                0x08003610                OTG_HS_EP1_IN_IRQHandler
                0x08003610                CAN1_TX_IRQHandler
                0x08003610                FMPI2C1_ER_IRQHandler
                0x08003610                EXTI4_IRQHandler
                0x08003610                OTG_HS_EP1_OUT_IRQHandler
                0x08003610                WWDG_IRQHandler
                0x08003610                TIM2_IRQHandler
                0x08003610                OTG_FS_WKUP_IRQHandler
                0x08003610                TIM1_TRG_COM_TIM11_IRQHandler
                0x08003610                OTG_HS_IRQHandler
                0x08003610                EXTI1_IRQHandler
                0x08003610                I2C2_ER_IRQHandler
                0x08003610                DMA2_Stream1_IRQHandler
                0x08003610                CAN1_SCE_IRQHandler
                0x08003610                FLASH_IRQHandler
                0x08003610                DMA2_Stream4_IRQHandler
                0x08003610                OTG_FS_IRQHandler
                0x08003610                SPI3_IRQHandler
                0x08003610                DMA1_Stream4_IRQHandler
                0x08003610                I2C1_ER_IRQHandler
                0x08003610                FMC_IRQHandler
                0x08003610                DMA2_Stream6_IRQHandler
                0x08003610                SAI1_IRQHandler
                0x08003610                DMA1_Stream3_IRQHandler
 *fill*         0x08003612        0x2 
 .text.HAL_Init
                0x08003614       0x44 ./Drivers/STM32F4xx_HAL_Driver/Src/stm32f4xx_hal.o
                0x08003614                HAL_Init
 .text.HAL_InitTick
                0x08003658       0x60 ./Drivers/STM32F4xx_HAL_Driver/Src/stm32f4xx_hal.o
                0x08003658                HAL_InitTick
 .text.HAL_GetTick
                0x080036b8       0x18 ./Drivers/STM32F4xx_HAL_Driver/Src/stm32f4xx_hal.o
                0x080036b8                HAL_GetTick
 .text.HAL_Delay
                0x080036d0       0x48 ./Drivers/STM32F4xx_HAL_Driver/Src/stm32f4xx_hal.o
                0x080036d0                HAL_Delay
 .text.__NVIC_SetPriorityGrouping
                0x08003718       0x48 ./Drivers/STM32F4xx_HAL_Driver/Src/stm32f4xx_hal_cortex.o
 .text.__NVIC_GetPriorityGrouping
                0x08003760       0x1c ./Drivers/STM32F4xx_HAL_Driver/Src/stm32f4xx_hal_cortex.o
 .text.__NVIC_EnableIRQ
                0x0800377c       0x3c ./Drivers/STM32F4xx_HAL_Driver/Src/stm32f4xx_hal_cortex.o
 .text.__NVIC_SetPriority
                0x080037b8       0x54 ./Drivers/STM32F4xx_HAL_Driver/Src/stm32f4xx_hal_cortex.o
 .text.NVIC_EncodePriority
                0x0800380c       0x66 ./Drivers/STM32F4xx_HAL_Driver/Src/stm32f4xx_hal_cortex.o
 *fill*         0x08003872        0x2 
 .text.SysTick_Config
                0x08003874       0x44 ./Drivers/STM32F4xx_HAL_Driver/Src/stm32f4xx_hal_cortex.o
 .text.HAL_NVIC_SetPriorityGrouping
                0x080038b8       0x16 ./Drivers/STM32F4xx_HAL_Driver/Src/stm32f4xx_hal_cortex.o
                0x080038b8                HAL_NVIC_SetPriorityGrouping
 .text.HAL_NVIC_SetPriority
                0x080038ce       0x38 ./Drivers/STM32F4xx_HAL_Driver/Src/stm32f4xx_hal_cortex.o
                0x080038ce                HAL_NVIC_SetPriority
 .text.HAL_NVIC_EnableIRQ
                0x08003906       0x1c ./Drivers/STM32F4xx_HAL_Driver/Src/stm32f4xx_hal_cortex.o
                0x08003906                HAL_NVIC_EnableIRQ
 .text.HAL_SYSTICK_Config
                0x08003922       0x18 ./Drivers/STM32F4xx_HAL_Driver/Src/stm32f4xx_hal_cortex.o
                0x08003922                HAL_SYSTICK_Config
 *fill*         0x0800393a        0x2 
 .text.HAL_DMA_Init
                0x0800393c      0x15c ./Drivers/STM32F4xx_HAL_Driver/Src/stm32f4xx_hal_dma.o
                0x0800393c                HAL_DMA_Init
 .text.HAL_DMA_Start_IT
                0x08003a98       0xb0 ./Drivers/STM32F4xx_HAL_Driver/Src/stm32f4xx_hal_dma.o
                0x08003a98                HAL_DMA_Start_IT
 .text.HAL_DMA_Abort
                0x08003b48       0xe0 ./Drivers/STM32F4xx_HAL_Driver/Src/stm32f4xx_hal_dma.o
                0x08003b48                HAL_DMA_Abort
 .text.HAL_DMA_Abort_IT
                0x08003c28       0x44 ./Drivers/STM32F4xx_HAL_Driver/Src/stm32f4xx_hal_dma.o
                0x08003c28                HAL_DMA_Abort_IT
 .text.HAL_DMA_IRQHandler
                0x08003c6c      0x314 ./Drivers/STM32F4xx_HAL_Driver/Src/stm32f4xx_hal_dma.o
                0x08003c6c                HAL_DMA_IRQHandler
 .text.DMA_SetConfig
                0x08003f80       0x5c ./Drivers/STM32F4xx_HAL_Driver/Src/stm32f4xx_hal_dma.o
 .text.DMA_CalcBaseAndBitshift
                0x08003fdc       0x6c ./Drivers/STM32F4xx_HAL_Driver/Src/stm32f4xx_hal_dma.o
 .text.DMA_CheckFifoParam
                0x08004048       0xf8 ./Drivers/STM32F4xx_HAL_Driver/Src/stm32f4xx_hal_dma.o
 .text.HAL_GPIO_Init
                0x08004140      0x328 ./Drivers/STM32F4xx_HAL_Driver/Src/stm32f4xx_hal_gpio.o
                0x08004140                HAL_GPIO_Init
 .text.HAL_GPIO_WritePin
                0x08004468       0x32 ./Drivers/STM32F4xx_HAL_Driver/Src/stm32f4xx_hal_gpio.o
                0x08004468                HAL_GPIO_WritePin
 *fill*         0x0800449a        0x2 
 .text.HAL_PWREx_EnableOverDrive
                0x0800449c       0xa0 ./Drivers/STM32F4xx_HAL_Driver/Src/stm32f4xx_hal_pwr_ex.o
                0x0800449c                HAL_PWREx_EnableOverDrive
 .text.HAL_RCC_ClockConfig
                0x0800453c      0x1cc ./Drivers/STM32F4xx_HAL_Driver/Src/stm32f4xx_hal_rcc.o
                0x0800453c                HAL_RCC_ClockConfig
 .text.HAL_RCC_GetHCLKFreq
                0x08004708       0x18 ./Drivers/STM32F4xx_HAL_Driver/Src/stm32f4xx_hal_rcc.o
                0x08004708                HAL_RCC_GetHCLKFreq
 .text.HAL_RCC_GetPCLK1Freq
                0x08004720       0x28 ./Drivers/STM32F4xx_HAL_Driver/Src/stm32f4xx_hal_rcc.o
                0x08004720                HAL_RCC_GetPCLK1Freq
 .text.HAL_RCC_GetPCLK2Freq
                0x08004748       0x28 ./Drivers/STM32F4xx_HAL_Driver/Src/stm32f4xx_hal_rcc.o
                0x08004748                HAL_RCC_GetPCLK2Freq
 .text.HAL_RCC_GetSysClockFreq
                0x08004770      0x460 ./Drivers/STM32F4xx_HAL_Driver/Src/stm32f4xx_hal_rcc_ex.o
                0x08004770                HAL_RCC_GetSysClockFreq
 .text.HAL_RCC_OscConfig
                0x08004bd0      0x53c ./Drivers/STM32F4xx_HAL_Driver/Src/stm32f4xx_hal_rcc_ex.o
                0x08004bd0                HAL_RCC_OscConfig
 .text.HAL_TIM_PWM_Init
                0x0800510c       0x9e ./Drivers/STM32F4xx_HAL_Driver/Src/stm32f4xx_hal_tim.o
                0x0800510c                HAL_TIM_PWM_Init
 *fill*         0x080051aa        0x2 
 .text.HAL_TIM_PWM_Start
                0x080051ac      0x190 ./Drivers/STM32F4xx_HAL_Driver/Src/stm32f4xx_hal_tim.o
                0x080051ac                HAL_TIM_PWM_Start
 .text.HAL_TIM_Encoder_Init
                0x0800533c      0x14c ./Drivers/STM32F4xx_HAL_Driver/Src/stm32f4xx_hal_tim.o
                0x0800533c                HAL_TIM_Encoder_Init
 .text.HAL_TIM_Encoder_Start
                0x08005488      0x11c ./Drivers/STM32F4xx_HAL_Driver/Src/stm32f4xx_hal_tim.o
                0x08005488                HAL_TIM_Encoder_Start
 .text.HAL_TIM_PWM_ConfigChannel
                0x080055a4      0x184 ./Drivers/STM32F4xx_HAL_Driver/Src/stm32f4xx_hal_tim.o
                0x080055a4                HAL_TIM_PWM_ConfigChannel
 .text.TIM_Base_SetConfig
                0x08005728      0x14c ./Drivers/STM32F4xx_HAL_Driver/Src/stm32f4xx_hal_tim.o
                0x08005728                TIM_Base_SetConfig
 .text.TIM_OC1_SetConfig
                0x08005874       0xe0 ./Drivers/STM32F4xx_HAL_Driver/Src/stm32f4xx_hal_tim.o
 .text.TIM_OC2_SetConfig
                0x08005954       0xec ./Drivers/STM32F4xx_HAL_Driver/Src/stm32f4xx_hal_tim.o
                0x08005954                TIM_OC2_SetConfig
 .text.TIM_OC3_SetConfig
                0x08005a40       0xe8 ./Drivers/STM32F4xx_HAL_Driver/Src/stm32f4xx_hal_tim.o
 .text.TIM_OC4_SetConfig
                0x08005b28       0xac ./Drivers/STM32F4xx_HAL_Driver/Src/stm32f4xx_hal_tim.o
 .text.TIM_CCxChannelCmd
                0x08005bd4       0x4a ./Drivers/STM32F4xx_HAL_Driver/Src/stm32f4xx_hal_tim.o
                0x08005bd4                TIM_CCxChannelCmd
 *fill*         0x08005c1e        0x2 
 .text.HAL_TIMEx_MasterConfigSynchronization
                0x08005c20       0xf8 ./Drivers/STM32F4xx_HAL_Driver/Src/stm32f4xx_hal_tim_ex.o
                0x08005c20                HAL_TIMEx_MasterConfigSynchronization
 .text.HAL_UART_Init
                0x08005d18       0xa0 ./Drivers/STM32F4xx_HAL_Driver/Src/stm32f4xx_hal_uart.o
                0x08005d18                HAL_UART_Init
 .text.HAL_UART_Transmit
                0x08005db8      0x116 ./Drivers/STM32F4xx_HAL_Driver/Src/stm32f4xx_hal_uart.o
                0x08005db8                HAL_UART_Transmit
 .text.HAL_UART_Receive_DMA
                0x08005ece       0x4a ./Drivers/STM32F4xx_HAL_Driver/Src/stm32f4xx_hal_uart.o
                0x08005ece                HAL_UART_Receive_DMA
 .text.HAL_UART_IRQHandler
                0x08005f18      0x554 ./Drivers/STM32F4xx_HAL_Driver/Src/stm32f4xx_hal_uart.o
                0x08005f18                HAL_UART_IRQHandler
 .text.HAL_UART_TxCpltCallback
                0x0800646c       0x14 ./Drivers/STM32F4xx_HAL_Driver/Src/stm32f4xx_hal_uart.o
                0x0800646c                HAL_UART_TxCpltCallback
 .text.HAL_UART_RxCpltCallback
                0x08006480       0x14 ./Drivers/STM32F4xx_HAL_Driver/Src/stm32f4xx_hal_uart.o
                0x08006480                HAL_UART_RxCpltCallback
 .text.HAL_UART_RxHalfCpltCallback
                0x08006494       0x14 ./Drivers/STM32F4xx_HAL_Driver/Src/stm32f4xx_hal_uart.o
                0x08006494                HAL_UART_RxHalfCpltCallback
 .text.HAL_UART_ErrorCallback
                0x080064a8       0x14 ./Drivers/STM32F4xx_HAL_Driver/Src/stm32f4xx_hal_uart.o
                0x080064a8                HAL_UART_ErrorCallback
 .text.HAL_UARTEx_RxEventCallback
                0x080064bc       0x18 ./Drivers/STM32F4xx_HAL_Driver/Src/stm32f4xx_hal_uart.o
                0x080064bc                HAL_UARTEx_RxEventCallback
 .text.UART_DMAReceiveCplt
                0x080064d4      0x12c ./Drivers/STM32F4xx_HAL_Driver/Src/stm32f4xx_hal_uart.o
 .text.UART_DMARxHalfCplt
                0x08006600       0x3c ./Drivers/STM32F4xx_HAL_Driver/Src/stm32f4xx_hal_uart.o
 .text.UART_DMAError
                0x0800663c       0x94 ./Drivers/STM32F4xx_HAL_Driver/Src/stm32f4xx_hal_uart.o
 .text.UART_WaitOnFlagUntilTimeout
                0x080066d0       0xb2 ./Drivers/STM32F4xx_HAL_Driver/Src/stm32f4xx_hal_uart.o
 *fill*         0x08006782        0x2 
 .text.UART_Start_Receive_DMA
                0x08006784      0x14c ./Drivers/STM32F4xx_HAL_Driver/Src/stm32f4xx_hal_uart.o
                0x08006784                UART_Start_Receive_DMA
 .text.UART_EndTxTransfer
                0x080068d0       0x50 ./Drivers/STM32F4xx_HAL_Driver/Src/stm32f4xx_hal_uart.o
 .text.UART_EndRxTransfer
                0x08006920       0xc6 ./Drivers/STM32F4xx_HAL_Driver/Src/stm32f4xx_hal_uart.o
 .text.UART_DMAAbortOnError
                0x080069e6       0x22 ./Drivers/STM32F4xx_HAL_Driver/Src/stm32f4xx_hal_uart.o
 .text.UART_Transmit_IT
                0x08006a08       0xa0 ./Drivers/STM32F4xx_HAL_Driver/Src/stm32f4xx_hal_uart.o
 .text.UART_EndTransmit_IT
                0x08006aa8       0x30 ./Drivers/STM32F4xx_HAL_Driver/Src/stm32f4xx_hal_uart.o
 .text.UART_Receive_IT
                0x08006ad8      0x17c ./Drivers/STM32F4xx_HAL_Driver/Src/stm32f4xx_hal_uart.o
 .text.UART_SetConfig
                0x08006c54      0x4e8 ./Drivers/STM32F4xx_HAL_Driver/Src/stm32f4xx_hal_uart.o
 .text.makeFreeRtosPriority
                0x0800713c       0x30 ./Middlewares/Third_Party/FreeRTOS/Source/CMSIS_RTOS/cmsis_os.o
 .text.osKernelStart
                0x0800716c        0xe ./Middlewares/Third_Party/FreeRTOS/Source/CMSIS_RTOS/cmsis_os.o
                0x0800716c                osKernelStart
 .text.osThreadCreate
                0x0800717a       0x98 ./Middlewares/Third_Party/FreeRTOS/Source/CMSIS_RTOS/cmsis_os.o
                0x0800717a                osThreadCreate
 .text.osDelay  0x08007212       0x28 ./Middlewares/Third_Party/FreeRTOS/Source/CMSIS_RTOS/cmsis_os.o
                0x08007212                osDelay
 .text.vListInitialise
                0x0800723a       0x40 ./Middlewares/Third_Party/FreeRTOS/Source/list.o
                0x0800723a                vListInitialise
 .text.vListInitialiseItem
                0x0800727a       0x1a ./Middlewares/Third_Party/FreeRTOS/Source/list.o
                0x0800727a                vListInitialiseItem
 .text.vListInsertEnd
                0x08007294       0x48 ./Middlewares/Third_Party/FreeRTOS/Source/list.o
                0x08007294                vListInsertEnd
 .text.vListInsert
                0x080072dc       0x72 ./Middlewares/Third_Party/FreeRTOS/Source/list.o
                0x080072dc                vListInsert
 .text.uxListRemove
                0x0800734e       0x54 ./Middlewares/Third_Party/FreeRTOS/Source/list.o
                0x0800734e                uxListRemove
 *fill*         0x080073a2        0x2 
 .text.xQueueGenericReset
                0x080073a4       0xd4 ./Middlewares/Third_Party/FreeRTOS/Source/queue.o
                0x080073a4                xQueueGenericReset
 .text.xQueueGenericCreateStatic
                0x08007478       0xfa ./Middlewares/Third_Party/FreeRTOS/Source/queue.o
                0x08007478                xQueueGenericCreateStatic
 .text.prvInitialiseNewQueue
                0x08007572       0x3e ./Middlewares/Third_Party/FreeRTOS/Source/queue.o
 .text.xQueueGenericSend
                0x080075b0      0x204 ./Middlewares/Third_Party/FreeRTOS/Source/queue.o
                0x080075b0                xQueueGenericSend
 .text.xQueueGenericSendFromISR
                0x080077b4      0x13c ./Middlewares/Third_Party/FreeRTOS/Source/queue.o
                0x080077b4                xQueueGenericSendFromISR
 .text.xQueueReceive
                0x080078f0      0x1c4 ./Middlewares/Third_Party/FreeRTOS/Source/queue.o
                0x080078f0                xQueueReceive
 .text.prvCopyDataToQueue
                0x08007ab4       0xd4 ./Middlewares/Third_Party/FreeRTOS/Source/queue.o
 .text.prvCopyDataFromQueue
                0x08007b88       0x4c ./Middlewares/Third_Party/FreeRTOS/Source/queue.o
 .text.prvUnlockQueue
                0x08007bd4       0xa4 ./Middlewares/Third_Party/FreeRTOS/Source/queue.o
 .text.prvIsQueueEmpty
                0x08007c78       0x2c ./Middlewares/Third_Party/FreeRTOS/Source/queue.o
 .text.prvIsQueueFull
                0x08007ca4       0x30 ./Middlewares/Third_Party/FreeRTOS/Source/queue.o
 .text.vQueueAddToRegistry
                0x08007cd4       0x54 ./Middlewares/Third_Party/FreeRTOS/Source/queue.o
                0x08007cd4                vQueueAddToRegistry
 .text.vQueueWaitForMessageRestricted
                0x08007d28       0x68 ./Middlewares/Third_Party/FreeRTOS/Source/queue.o
                0x08007d28                vQueueWaitForMessageRestricted
 .text.xTaskCreateStatic
                0x08007d90       0xc0 ./Middlewares/Third_Party/FreeRTOS/Source/tasks.o
                0x08007d90                xTaskCreateStatic
 .text.xTaskCreate
                0x08007e50       0x8a ./Middlewares/Third_Party/FreeRTOS/Source/tasks.o
                0x08007e50                xTaskCreate
 .text.prvInitialiseNewTask
                0x08007eda      0x110 ./Middlewares/Third_Party/FreeRTOS/Source/tasks.o
 *fill*         0x08007fea        0x2 
 .text.prvAddNewTaskToReadyList
                0x08007fec       0xd4 ./Middlewares/Third_Party/FreeRTOS/Source/tasks.o
 .text.vTaskDelay
                0x080080c0       0x6c ./Middlewares/Third_Party/FreeRTOS/Source/tasks.o
                0x080080c0                vTaskDelay
 .text.vTaskStartScheduler
                0x0800812c       0xd0 ./Middlewares/Third_Party/FreeRTOS/Source/tasks.o
                0x0800812c                vTaskStartScheduler
 .text.vTaskSuspendAll
                0x080081fc       0x1c ./Middlewares/Third_Party/FreeRTOS/Source/tasks.o
                0x080081fc                vTaskSuspendAll
 .text.xTaskResumeAll
                0x08008218      0x13c ./Middlewares/Third_Party/FreeRTOS/Source/tasks.o
                0x08008218                xTaskResumeAll
 .text.xTaskGetTickCount
                0x08008354       0x20 ./Middlewares/Third_Party/FreeRTOS/Source/tasks.o
                0x08008354                xTaskGetTickCount
 .text.xTaskIncrementTick
                0x08008374      0x174 ./Middlewares/Third_Party/FreeRTOS/Source/tasks.o
                0x08008374                xTaskIncrementTick
 .text.vTaskSwitchContext
                0x080084e8       0xb8 ./Middlewares/Third_Party/FreeRTOS/Source/tasks.o
                0x080084e8                vTaskSwitchContext
 .text.vTaskPlaceOnEventList
                0x080085a0       0x4c ./Middlewares/Third_Party/FreeRTOS/Source/tasks.o
                0x080085a0                vTaskPlaceOnEventList
 .text.vTaskPlaceOnEventListRestricted
                0x080085ec       0x58 ./Middlewares/Third_Party/FreeRTOS/Source/tasks.o
                0x080085ec                vTaskPlaceOnEventListRestricted
 .text.xTaskRemoveFromEventList
                0x08008644       0xc8 ./Middlewares/Third_Party/FreeRTOS/Source/tasks.o
                0x08008644                xTaskRemoveFromEventList
 .text.vTaskInternalSetTimeOutState
                0x0800870c       0x2c ./Middlewares/Third_Party/FreeRTOS/Source/tasks.o
                0x0800870c                vTaskInternalSetTimeOutState
 .text.xTaskCheckForTimeOut
                0x08008738       0xc8 ./Middlewares/Third_Party/FreeRTOS/Source/tasks.o
                0x08008738                xTaskCheckForTimeOut
 .text.vTaskMissedYield
                0x08008800       0x18 ./Middlewares/Third_Party/FreeRTOS/Source/tasks.o
                0x08008800                vTaskMissedYield
 .text.prvIdleTask
                0x08008818       0x30 ./Middlewares/Third_Party/FreeRTOS/Source/tasks.o
 .text.prvInitialiseTaskLists
                0x08008848       0x80 ./Middlewares/Third_Party/FreeRTOS/Source/tasks.o
 .text.prvCheckTasksWaitingTermination
                0x080088c8       0x5c ./Middlewares/Third_Party/FreeRTOS/Source/tasks.o
 .text.prvDeleteTCB
                0x08008924       0x60 ./Middlewares/Third_Party/FreeRTOS/Source/tasks.o
 .text.prvResetNextTaskUnblockTime
                0x08008984       0x40 ./Middlewares/Third_Party/FreeRTOS/Source/tasks.o
 .text.xTaskGetSchedulerState
                0x080089c4       0x3c ./Middlewares/Third_Party/FreeRTOS/Source/tasks.o
                0x080089c4                xTaskGetSchedulerState
 .text.xTaskPriorityDisinherit
                0x08008a00      0x110 ./Middlewares/Third_Party/FreeRTOS/Source/tasks.o
                0x08008a00                xTaskPriorityDisinherit
 .text.prvAddCurrentTaskToDelayedList
                0x08008b10       0xcc ./Middlewares/Third_Party/FreeRTOS/Source/tasks.o
 .text.xTimerCreateTimerTask
                0x08008bdc       0x94 ./Middlewares/Third_Party/FreeRTOS/Source/timers.o
                0x08008bdc                xTimerCreateTimerTask
 .text.xTimerGenericCommand
                0x08008c70       0x9c ./Middlewares/Third_Party/FreeRTOS/Source/timers.o
                0x08008c70                xTimerGenericCommand
 .text.prvProcessExpiredTimer
                0x08008d0c       0x9c ./Middlewares/Third_Party/FreeRTOS/Source/timers.o
 .text.prvTimerTask
                0x08008da8       0x26 ./Middlewares/Third_Party/FreeRTOS/Source/timers.o
 *fill*         0x08008dce        0x2 
 .text.prvProcessTimerOrBlockTask
                0x08008dd0       0x9c ./Middlewares/Third_Party/FreeRTOS/Source/timers.o
 .text.prvGetNextExpireTime
                0x08008e6c       0x48 ./Middlewares/Third_Party/FreeRTOS/Source/timers.o
 .text.prvSampleTimeNow
                0x08008eb4       0x40 ./Middlewares/Third_Party/FreeRTOS/Source/timers.o
 .text.prvInsertTimerInActiveList
                0x08008ef4       0x84 ./Middlewares/Third_Party/FreeRTOS/Source/timers.o
 .text.prvProcessReceivedCommands
                0x08008f78      0x194 ./Middlewares/Third_Party/FreeRTOS/Source/timers.o
 .text.prvSwitchTimerLists
                0x0800910c       0xcc ./Middlewares/Third_Party/FreeRTOS/Source/timers.o
 .text.prvCheckForValidListAndQueue
                0x080091d8       0x80 ./Middlewares/Third_Party/FreeRTOS/Source/timers.o
 .text.pxPortInitialiseStack
                0x08009258       0x68 ./Middlewares/Third_Party/FreeRTOS/Source/portable/GCC/ARM_CM4F/port.o
                0x08009258                pxPortInitialiseStack
 .text.prvTaskExitError
                0x080092c0       0x5c ./Middlewares/Third_Party/FreeRTOS/Source/portable/GCC/ARM_CM4F/port.o
 *fill*         0x0800931c        0x4 
 .text.SVC_Handler
                0x08009320       0x28 ./Middlewares/Third_Party/FreeRTOS/Source/portable/GCC/ARM_CM4F/port.o
                0x08009320                SVC_Handler
 .text.prvPortStartFirstTask
                0x08009348       0x28 ./Middlewares/Third_Party/FreeRTOS/Source/portable/GCC/ARM_CM4F/port.o
 .text.xPortStartScheduler
                0x08009370      0x148 ./Middlewares/Third_Party/FreeRTOS/Source/portable/GCC/ARM_CM4F/port.o
                0x08009370                xPortStartScheduler
 .text.vPortEnterCritical
                0x080094b8       0x64 ./Middlewares/Third_Party/FreeRTOS/Source/portable/GCC/ARM_CM4F/port.o
                0x080094b8                vPortEnterCritical
 .text.vPortExitCritical
                0x0800951c       0x54 ./Middlewares/Third_Party/FreeRTOS/Source/portable/GCC/ARM_CM4F/port.o
                0x0800951c                vPortExitCritical
 .text.PendSV_Handler
                0x08009570       0x68 ./Middlewares/Third_Party/FreeRTOS/Source/portable/GCC/ARM_CM4F/port.o
                0x08009570                PendSV_Handler
 .text.vPortSetupTimerInterrupt
                0x080095d8       0x48 ./Middlewares/Third_Party/FreeRTOS/Source/portable/GCC/ARM_CM4F/port.o
                0x080095d8                vPortSetupTimerInterrupt
 .text.vPortEnableVFP
                0x08009620       0x14 ./Middlewares/Third_Party/FreeRTOS/Source/portable/GCC/ARM_CM4F/port.o
 .text.vPortValidateInterruptPriority
                0x08009634       0x84 ./Middlewares/Third_Party/FreeRTOS/Source/portable/GCC/ARM_CM4F/port.o
                0x08009634                vPortValidateInterruptPriority
 .text.pvPortMalloc
                0x080096b8      0x19c ./Middlewares/Third_Party/FreeRTOS/Source/portable/MemMang/heap_4.o
                0x080096b8                pvPortMalloc
 .text.vPortFree
                0x08009854       0xc8 ./Middlewares/Third_Party/FreeRTOS/Source/portable/MemMang/heap_4.o
                0x08009854                vPortFree
 .text.prvHeapInit
                0x0800991c       0xc4 ./Middlewares/Third_Party/FreeRTOS/Source/portable/MemMang/heap_4.o
 .text.prvInsertBlockIntoFreeList
                0x080099e0       0xb4 ./Middlewares/Third_Party/FreeRTOS/Source/portable/MemMang/heap_4.o
 .text.std      0x08009a94       0x6c D:/app/STM32CubeIDE/STM32CubeIDE_1.19.0/STM32CubeIDE/plugins/com.st.stm32cube.ide.mcu.externaltools.gnu-tools-for-stm32.13.3.rel1.win32_1.0.0.202411081344/tools/bin/../lib/gcc/arm-none-eabi/13.3.1/../../../../arm-none-eabi/lib/thumb/v7e-m+fp/hard\libc_nano.a(libc_a-findfp.o)
 .text.stdio_exit_handler
                0x08009b00       0x18 D:/app/STM32CubeIDE/STM32CubeIDE_1.19.0/STM32CubeIDE/plugins/com.st.stm32cube.ide.mcu.externaltools.gnu-tools-for-stm32.13.3.rel1.win32_1.0.0.202411081344/tools/bin/../lib/gcc/arm-none-eabi/13.3.1/../../../../arm-none-eabi/lib/thumb/v7e-m+fp/hard\libc_nano.a(libc_a-findfp.o)
 .text.cleanup_stdio
                0x08009b18       0x40 D:/app/STM32CubeIDE/STM32CubeIDE_1.19.0/STM32CubeIDE/plugins/com.st.stm32cube.ide.mcu.externaltools.gnu-tools-for-stm32.13.3.rel1.win32_1.0.0.202411081344/tools/bin/../lib/gcc/arm-none-eabi/13.3.1/../../../../arm-none-eabi/lib/thumb/v7e-m+fp/hard\libc_nano.a(libc_a-findfp.o)
 .text.global_stdio_init.part.0
                0x08009b58       0x3c D:/app/STM32CubeIDE/STM32CubeIDE_1.19.0/STM32CubeIDE/plugins/com.st.stm32cube.ide.mcu.externaltools.gnu-tools-for-stm32.13.3.rel1.win32_1.0.0.202411081344/tools/bin/../lib/gcc/arm-none-eabi/13.3.1/../../../../arm-none-eabi/lib/thumb/v7e-m+fp/hard\libc_nano.a(libc_a-findfp.o)
 .text.__sfp_lock_acquire
                0x08009b94        0xc D:/app/STM32CubeIDE/STM32CubeIDE_1.19.0/STM32CubeIDE/plugins/com.st.stm32cube.ide.mcu.externaltools.gnu-tools-for-stm32.13.3.rel1.win32_1.0.0.202411081344/tools/bin/../lib/gcc/arm-none-eabi/13.3.1/../../../../arm-none-eabi/lib/thumb/v7e-m+fp/hard\libc_nano.a(libc_a-findfp.o)
                0x08009b94                __sfp_lock_acquire
 .text.__sfp_lock_release
                0x08009ba0        0xc D:/app/STM32CubeIDE/STM32CubeIDE_1.19.0/STM32CubeIDE/plugins/com.st.stm32cube.ide.mcu.externaltools.gnu-tools-for-stm32.13.3.rel1.win32_1.0.0.202411081344/tools/bin/../lib/gcc/arm-none-eabi/13.3.1/../../../../arm-none-eabi/lib/thumb/v7e-m+fp/hard\libc_nano.a(libc_a-findfp.o)
                0x08009ba0                __sfp_lock_release
 .text.__sinit  0x08009bac       0x30 D:/app/STM32CubeIDE/STM32CubeIDE_1.19.0/STM32CubeIDE/plugins/com.st.stm32cube.ide.mcu.externaltools.gnu-tools-for-stm32.13.3.rel1.win32_1.0.0.202411081344/tools/bin/../lib/gcc/arm-none-eabi/13.3.1/../../../../arm-none-eabi/lib/thumb/v7e-m+fp/hard\libc_nano.a(libc_a-findfp.o)
                0x08009bac                __sinit
 .text._fwalk_sglue
                0x08009bdc       0x3c D:/app/STM32CubeIDE/STM32CubeIDE_1.19.0/STM32CubeIDE/plugins/com.st.stm32cube.ide.mcu.externaltools.gnu-tools-for-stm32.13.3.rel1.win32_1.0.0.202411081344/tools/bin/../lib/gcc/arm-none-eabi/13.3.1/../../../../arm-none-eabi/lib/thumb/v7e-m+fp/hard\libc_nano.a(libc_a-fwalk.o)
                0x08009bdc                _fwalk_sglue
 .text._puts_r  0x08009c18       0xaa D:/app/STM32CubeIDE/STM32CubeIDE_1.19.0/STM32CubeIDE/plugins/com.st.stm32cube.ide.mcu.externaltools.gnu-tools-for-stm32.13.3.rel1.win32_1.0.0.202411081344/tools/bin/../lib/gcc/arm-none-eabi/13.3.1/../../../../arm-none-eabi/lib/thumb/v7e-m+fp/hard\libc_nano.a(libc_a-puts.o)
                0x08009c18                _puts_r
 *fill*         0x08009cc2        0x2 
 .text.puts     0x08009cc4       0x10 D:/app/STM32CubeIDE/STM32CubeIDE_1.19.0/STM32CubeIDE/plugins/com.st.stm32cube.ide.mcu.externaltools.gnu-tools-for-stm32.13.3.rel1.win32_1.0.0.202411081344/tools/bin/../lib/gcc/arm-none-eabi/13.3.1/../../../../arm-none-eabi/lib/thumb/v7e-m+fp/hard\libc_nano.a(libc_a-puts.o)
                0x08009cc4                puts
 .text.__sread  0x08009cd4       0x22 D:/app/STM32CubeIDE/STM32CubeIDE_1.19.0/STM32CubeIDE/plugins/com.st.stm32cube.ide.mcu.externaltools.gnu-tools-for-stm32.13.3.rel1.win32_1.0.0.202411081344/tools/bin/../lib/gcc/arm-none-eabi/13.3.1/../../../../arm-none-eabi/lib/thumb/v7e-m+fp/hard\libc_nano.a(libc_a-stdio.o)
                0x08009cd4                __sread
 .text.__swrite
                0x08009cf6       0x38 D:/app/STM32CubeIDE/STM32CubeIDE_1.19.0/STM32CubeIDE/plugins/com.st.stm32cube.ide.mcu.externaltools.gnu-tools-for-stm32.13.3.rel1.win32_1.0.0.202411081344/tools/bin/../lib/gcc/arm-none-eabi/13.3.1/../../../../arm-none-eabi/lib/thumb/v7e-m+fp/hard\libc_nano.a(libc_a-stdio.o)
                0x08009cf6                __swrite
 .text.__sseek  0x08009d2e       0x24 D:/app/STM32CubeIDE/STM32CubeIDE_1.19.0/STM32CubeIDE/plugins/com.st.stm32cube.ide.mcu.externaltools.gnu-tools-for-stm32.13.3.rel1.win32_1.0.0.202411081344/tools/bin/../lib/gcc/arm-none-eabi/13.3.1/../../../../arm-none-eabi/lib/thumb/v7e-m+fp/hard\libc_nano.a(libc_a-stdio.o)
                0x08009d2e                __sseek
 .text.__sclose
                0x08009d52        0x8 D:/app/STM32CubeIDE/STM32CubeIDE_1.19.0/STM32CubeIDE/plugins/com.st.stm32cube.ide.mcu.externaltools.gnu-tools-for-stm32.13.3.rel1.win32_1.0.0.202411081344/tools/bin/../lib/gcc/arm-none-eabi/13.3.1/../../../../arm-none-eabi/lib/thumb/v7e-m+fp/hard\libc_nano.a(libc_a-stdio.o)
                0x08009d52                __sclose
 .text.__swbuf_r
                0x08009d5a       0x7c D:/app/STM32CubeIDE/STM32CubeIDE_1.19.0/STM32CubeIDE/plugins/com.st.stm32cube.ide.mcu.externaltools.gnu-tools-for-stm32.13.3.rel1.win32_1.0.0.202411081344/tools/bin/../lib/gcc/arm-none-eabi/13.3.1/../../../../arm-none-eabi/lib/thumb/v7e-m+fp/hard\libc_nano.a(libc_a-wbuf.o)
                0x08009d5a                __swbuf_r
 *fill*         0x08009dd6        0x2 
 .text.__swsetup_r
                0x08009dd8       0xac D:/app/STM32CubeIDE/STM32CubeIDE_1.19.0/STM32CubeIDE/plugins/com.st.stm32cube.ide.mcu.externaltools.gnu-tools-for-stm32.13.3.rel1.win32_1.0.0.202411081344/tools/bin/../lib/gcc/arm-none-eabi/13.3.1/../../../../arm-none-eabi/lib/thumb/v7e-m+fp/hard\libc_nano.a(libc_a-wsetup.o)
                0x08009dd8                __swsetup_r
 .text.memset   0x08009e84       0x10 D:/app/STM32CubeIDE/STM32CubeIDE_1.19.0/STM32CubeIDE/plugins/com.st.stm32cube.ide.mcu.externaltools.gnu-tools-for-stm32.13.3.rel1.win32_1.0.0.202411081344/tools/bin/../lib/gcc/arm-none-eabi/13.3.1/../../../../arm-none-eabi/lib/thumb/v7e-m+fp/hard\libc_nano.a(libc_a-memset.o)
                0x08009e84                memset
 .text._close_r
                0x08009e94       0x20 D:/app/STM32CubeIDE/STM32CubeIDE_1.19.0/STM32CubeIDE/plugins/com.st.stm32cube.ide.mcu.externaltools.gnu-tools-for-stm32.13.3.rel1.win32_1.0.0.202411081344/tools/bin/../lib/gcc/arm-none-eabi/13.3.1/../../../../arm-none-eabi/lib/thumb/v7e-m+fp/hard\libc_nano.a(libc_a-closer.o)
                0x08009e94                _close_r
 .text._lseek_r
                0x08009eb4       0x24 D:/app/STM32CubeIDE/STM32CubeIDE_1.19.0/STM32CubeIDE/plugins/com.st.stm32cube.ide.mcu.externaltools.gnu-tools-for-stm32.13.3.rel1.win32_1.0.0.202411081344/tools/bin/../lib/gcc/arm-none-eabi/13.3.1/../../../../arm-none-eabi/lib/thumb/v7e-m+fp/hard\libc_nano.a(libc_a-lseekr.o)
                0x08009eb4                _lseek_r
 .text._read_r  0x08009ed8       0x24 D:/app/STM32CubeIDE/STM32CubeIDE_1.19.0/STM32CubeIDE/plugins/com.st.stm32cube.ide.mcu.externaltools.gnu-tools-for-stm32.13.3.rel1.win32_1.0.0.202411081344/tools/bin/../lib/gcc/arm-none-eabi/13.3.1/../../../../arm-none-eabi/lib/thumb/v7e-m+fp/hard\libc_nano.a(libc_a-readr.o)
                0x08009ed8                _read_r
 .text._write_r
                0x08009efc       0x24 D:/app/STM32CubeIDE/STM32CubeIDE_1.19.0/STM32CubeIDE/plugins/com.st.stm32cube.ide.mcu.externaltools.gnu-tools-for-stm32.13.3.rel1.win32_1.0.0.202411081344/tools/bin/../lib/gcc/arm-none-eabi/13.3.1/../../../../arm-none-eabi/lib/thumb/v7e-m+fp/hard\libc_nano.a(libc_a-writer.o)
                0x08009efc                _write_r
 .text.__errno  0x08009f20        0xc D:/app/STM32CubeIDE/STM32CubeIDE_1.19.0/STM32CubeIDE/plugins/com.st.stm32cube.ide.mcu.externaltools.gnu-tools-for-stm32.13.3.rel1.win32_1.0.0.202411081344/tools/bin/../lib/gcc/arm-none-eabi/13.3.1/../../../../arm-none-eabi/lib/thumb/v7e-m+fp/hard\libc_nano.a(libc_a-errno.o)
                0x08009f20                __errno
 .text.__libc_init_array
                0x08009f2c       0x48 D:/app/STM32CubeIDE/STM32CubeIDE_1.19.0/STM32CubeIDE/plugins/com.st.stm32cube.ide.mcu.externaltools.gnu-tools-for-stm32.13.3.rel1.win32_1.0.0.202411081344/tools/bin/../lib/gcc/arm-none-eabi/13.3.1/../../../../arm-none-eabi/lib/thumb/v7e-m+fp/hard\libc_nano.a(libc_a-init.o)
                0x08009f2c                __libc_init_array
 .text.__retarget_lock_init_recursive
                0x08009f74        0x2 D:/app/STM32CubeIDE/STM32CubeIDE_1.19.0/STM32CubeIDE/plugins/com.st.stm32cube.ide.mcu.externaltools.gnu-tools-for-stm32.13.3.rel1.win32_1.0.0.202411081344/tools/bin/../lib/gcc/arm-none-eabi/13.3.1/../../../../arm-none-eabi/lib/thumb/v7e-m+fp/hard\libc_nano.a(libc_a-lock.o)
                0x08009f74                __retarget_lock_init_recursive
 .text.__retarget_lock_acquire_recursive
                0x08009f76        0x2 D:/app/STM32CubeIDE/STM32CubeIDE_1.19.0/STM32CubeIDE/plugins/com.st.stm32cube.ide.mcu.externaltools.gnu-tools-for-stm32.13.3.rel1.win32_1.0.0.202411081344/tools/bin/../lib/gcc/arm-none-eabi/13.3.1/../../../../arm-none-eabi/lib/thumb/v7e-m+fp/hard\libc_nano.a(libc_a-lock.o)
                0x08009f76                __retarget_lock_acquire_recursive
 .text.__retarget_lock_release_recursive
                0x08009f78        0x2 D:/app/STM32CubeIDE/STM32CubeIDE_1.19.0/STM32CubeIDE/plugins/com.st.stm32cube.ide.mcu.externaltools.gnu-tools-for-stm32.13.3.rel1.win32_1.0.0.202411081344/tools/bin/../lib/gcc/arm-none-eabi/13.3.1/../../../../arm-none-eabi/lib/thumb/v7e-m+fp/hard\libc_nano.a(libc_a-lock.o)
                0x08009f78                __retarget_lock_release_recursive
 .text.memcpy   0x08009f7a       0x1c D:/app/STM32CubeIDE/STM32CubeIDE_1.19.0/STM32CubeIDE/plugins/com.st.stm32cube.ide.mcu.externaltools.gnu-tools-for-stm32.13.3.rel1.win32_1.0.0.202411081344/tools/bin/../lib/gcc/arm-none-eabi/13.3.1/../../../../arm-none-eabi/lib/thumb/v7e-m+fp/hard\libc_nano.a(libc_a-memcpy-stub.o)
                0x08009f7a                memcpy
 *fill*         0x08009f96        0x2 
 .text._free_r  0x08009f98       0x94 D:/app/STM32CubeIDE/STM32CubeIDE_1.19.0/STM32CubeIDE/plugins/com.st.stm32cube.ide.mcu.externaltools.gnu-tools-for-stm32.13.3.rel1.win32_1.0.0.202411081344/tools/bin/../lib/gcc/arm-none-eabi/13.3.1/../../../../arm-none-eabi/lib/thumb/v7e-m+fp/hard\libc_nano.a(libc_a-freer.o)
                0x08009f98                _free_r
 .text.sbrk_aligned
                0x0800a02c       0x44 D:/app/STM32CubeIDE/STM32CubeIDE_1.19.0/STM32CubeIDE/plugins/com.st.stm32cube.ide.mcu.externaltools.gnu-tools-for-stm32.13.3.rel1.win32_1.0.0.202411081344/tools/bin/../lib/gcc/arm-none-eabi/13.3.1/../../../../arm-none-eabi/lib/thumb/v7e-m+fp/hard\libc_nano.a(libc_a-mallocr.o)
 .text._malloc_r
                0x0800a070      0x100 D:/app/STM32CubeIDE/STM32CubeIDE_1.19.0/STM32CubeIDE/plugins/com.st.stm32cube.ide.mcu.externaltools.gnu-tools-for-stm32.13.3.rel1.win32_1.0.0.202411081344/tools/bin/../lib/gcc/arm-none-eabi/13.3.1/../../../../arm-none-eabi/lib/thumb/v7e-m+fp/hard\libc_nano.a(libc_a-mallocr.o)
                0x0800a070                _malloc_r
 .text.__malloc_lock
                0x0800a170        0xc D:/app/STM32CubeIDE/STM32CubeIDE_1.19.0/STM32CubeIDE/plugins/com.st.stm32cube.ide.mcu.externaltools.gnu-tools-for-stm32.13.3.rel1.win32_1.0.0.202411081344/tools/bin/../lib/gcc/arm-none-eabi/13.3.1/../../../../arm-none-eabi/lib/thumb/v7e-m+fp/hard\libc_nano.a(libc_a-mlock.o)
                0x0800a170                __malloc_lock
 .text.__malloc_unlock
                0x0800a17c        0xc D:/app/STM32CubeIDE/STM32CubeIDE_1.19.0/STM32CubeIDE/plugins/com.st.stm32cube.ide.mcu.externaltools.gnu-tools-for-stm32.13.3.rel1.win32_1.0.0.202411081344/tools/bin/../lib/gcc/arm-none-eabi/13.3.1/../../../../arm-none-eabi/lib/thumb/v7e-m+fp/hard\libc_nano.a(libc_a-mlock.o)
                0x0800a17c                __malloc_unlock
 .text.__sflush_r
                0x0800a188      0x108 D:/app/STM32CubeIDE/STM32CubeIDE_1.19.0/STM32CubeIDE/plugins/com.st.stm32cube.ide.mcu.externaltools.gnu-tools-for-stm32.13.3.rel1.win32_1.0.0.202411081344/tools/bin/../lib/gcc/arm-none-eabi/13.3.1/../../../../arm-none-eabi/lib/thumb/v7e-m+fp/hard\libc_nano.a(libc_a-fflush.o)
                0x0800a188                __sflush_r
 .text._fflush_r
                0x0800a290       0x50 D:/app/STM32CubeIDE/STM32CubeIDE_1.19.0/STM32CubeIDE/plugins/com.st.stm32cube.ide.mcu.externaltools.gnu-tools-for-stm32.13.3.rel1.win32_1.0.0.202411081344/tools/bin/../lib/gcc/arm-none-eabi/13.3.1/../../../../arm-none-eabi/lib/thumb/v7e-m+fp/hard\libc_nano.a(libc_a-fflush.o)
                0x0800a290                _fflush_r
 .text.__swhatbuf_r
                0x0800a2e0       0x4c D:/app/STM32CubeIDE/STM32CubeIDE_1.19.0/STM32CubeIDE/plugins/com.st.stm32cube.ide.mcu.externaltools.gnu-tools-for-stm32.13.3.rel1.win32_1.0.0.202411081344/tools/bin/../lib/gcc/arm-none-eabi/13.3.1/../../../../arm-none-eabi/lib/thumb/v7e-m+fp/hard\libc_nano.a(libc_a-makebuf.o)
                0x0800a2e0                __swhatbuf_r
 .text.__smakebuf_r
                0x0800a32c       0x78 D:/app/STM32CubeIDE/STM32CubeIDE_1.19.0/STM32CubeIDE/plugins/com.st.stm32cube.ide.mcu.externaltools.gnu-tools-for-stm32.13.3.rel1.win32_1.0.0.202411081344/tools/bin/../lib/gcc/arm-none-eabi/13.3.1/../../../../arm-none-eabi/lib/thumb/v7e-m+fp/hard\libc_nano.a(libc_a-makebuf.o)
                0x0800a32c                __smakebuf_r
 .text._fstat_r
                0x0800a3a4       0x24 D:/app/STM32CubeIDE/STM32CubeIDE_1.19.0/STM32CubeIDE/plugins/com.st.stm32cube.ide.mcu.externaltools.gnu-tools-for-stm32.13.3.rel1.win32_1.0.0.202411081344/tools/bin/../lib/gcc/arm-none-eabi/13.3.1/../../../../arm-none-eabi/lib/thumb/v7e-m+fp/hard\libc_nano.a(libc_a-fstatr.o)
                0x0800a3a4                _fstat_r
 .text._isatty_r
                0x0800a3c8       0x20 D:/app/STM32CubeIDE/STM32CubeIDE_1.19.0/STM32CubeIDE/plugins/com.st.stm32cube.ide.mcu.externaltools.gnu-tools-for-stm32.13.3.rel1.win32_1.0.0.202411081344/tools/bin/../lib/gcc/arm-none-eabi/13.3.1/../../../../arm-none-eabi/lib/thumb/v7e-m+fp/hard\libc_nano.a(libc_a-isattyr.o)
                0x0800a3c8                _isatty_r
 .text._sbrk_r  0x0800a3e8       0x20 D:/app/STM32CubeIDE/STM32CubeIDE_1.19.0/STM32CubeIDE/plugins/com.st.stm32cube.ide.mcu.externaltools.gnu-tools-for-stm32.13.3.rel1.win32_1.0.0.202411081344/tools/bin/../lib/gcc/arm-none-eabi/13.3.1/../../../../arm-none-eabi/lib/thumb/v7e-m+fp/hard\libc_nano.a(libc_a-sbrkr.o)
                0x0800a3e8                _sbrk_r
 .text.sqrtf    0x0800a408       0x3c D:/app/STM32CubeIDE/STM32CubeIDE_1.19.0/STM32CubeIDE/plugins/com.st.stm32cube.ide.mcu.externaltools.gnu-tools-for-stm32.13.3.rel1.win32_1.0.0.202411081344/tools/bin/../lib/gcc/arm-none-eabi/13.3.1/../../../../arm-none-eabi/lib/thumb/v7e-m+fp/hard\libm.a(libm_a-wf_sqrt.o)
                0x0800a408                sqrtf
 .text.cosf     0x0800a444       0x88 D:/app/STM32CubeIDE/STM32CubeIDE_1.19.0/STM32CubeIDE/plugins/com.st.stm32cube.ide.mcu.externaltools.gnu-tools-for-stm32.13.3.rel1.win32_1.0.0.202411081344/tools/bin/../lib/gcc/arm-none-eabi/13.3.1/../../../../arm-none-eabi/lib/thumb/v7e-m+fp/hard\libm.a(libm_a-sf_cos.o)
                0x0800a444                cosf
 .text.sinf     0x0800a4cc       0x8c D:/app/STM32CubeIDE/STM32CubeIDE_1.19.0/STM32CubeIDE/plugins/com.st.stm32cube.ide.mcu.externaltools.gnu-tools-for-stm32.13.3.rel1.win32_1.0.0.202411081344/tools/bin/../lib/gcc/arm-none-eabi/13.3.1/../../../../arm-none-eabi/lib/thumb/v7e-m+fp/hard\libm.a(libm_a-sf_sin.o)
                0x0800a4cc                sinf
 .text.__ieee754_sqrtf
                0x0800a558        0x6 D:/app/STM32CubeIDE/STM32CubeIDE_1.19.0/STM32CubeIDE/plugins/com.st.stm32cube.ide.mcu.externaltools.gnu-tools-for-stm32.13.3.rel1.win32_1.0.0.202411081344/tools/bin/../lib/gcc/arm-none-eabi/13.3.1/../../../../arm-none-eabi/lib/thumb/v7e-m+fp/hard\libm.a(libm_a-ef_sqrt.o)
                0x0800a558                __ieee754_sqrtf
 *fill*         0x0800a55e        0x2 
 .text.__kernel_cosf
                0x0800a560       0xb0 D:/app/STM32CubeIDE/STM32CubeIDE_1.19.0/STM32CubeIDE/plugins/com.st.stm32cube.ide.mcu.externaltools.gnu-tools-for-stm32.13.3.rel1.win32_1.0.0.202411081344/tools/bin/../lib/gcc/arm-none-eabi/13.3.1/../../../../arm-none-eabi/lib/thumb/v7e-m+fp/hard\libm.a(libm_a-kf_cos.o)
                0x0800a560                __kernel_cosf
 .text.__kernel_sinf
                0x0800a610       0x90 D:/app/STM32CubeIDE/STM32CubeIDE_1.19.0/STM32CubeIDE/plugins/com.st.stm32cube.ide.mcu.externaltools.gnu-tools-for-stm32.13.3.rel1.win32_1.0.0.202411081344/tools/bin/../lib/gcc/arm-none-eabi/13.3.1/../../../../arm-none-eabi/lib/thumb/v7e-m+fp/hard\libm.a(libm_a-kf_sin.o)
                0x0800a610                __kernel_sinf
 .text.__ieee754_rem_pio2f
                0x0800a6a0      0x260 D:/app/STM32CubeIDE/STM32CubeIDE_1.19.0/STM32CubeIDE/plugins/com.st.stm32cube.ide.mcu.externaltools.gnu-tools-for-stm32.13.3.rel1.win32_1.0.0.202411081344/tools/bin/../lib/gcc/arm-none-eabi/13.3.1/../../../../arm-none-eabi/lib/thumb/v7e-m+fp/hard\libm.a(libm_a-ef_rem_pio2.o)
                0x0800a6a0                __ieee754_rem_pio2f
 .text.fabsf    0x0800a900        0xe D:/app/STM32CubeIDE/STM32CubeIDE_1.19.0/STM32CubeIDE/plugins/com.st.stm32cube.ide.mcu.externaltools.gnu-tools-for-stm32.13.3.rel1.win32_1.0.0.202411081344/tools/bin/../lib/gcc/arm-none-eabi/13.3.1/../../../../arm-none-eabi/lib/thumb/v7e-m+fp/hard\libm.a(libm_a-sf_fabs.o)
                0x0800a900                fabsf
 *fill*         0x0800a90e        0x2 
 .text.__kernel_rem_pio2f
                0x0800a910      0x4d0 D:/app/STM32CubeIDE/STM32CubeIDE_1.19.0/STM32CubeIDE/plugins/com.st.stm32cube.ide.mcu.externaltools.gnu-tools-for-stm32.13.3.rel1.win32_1.0.0.202411081344/tools/bin/../lib/gcc/arm-none-eabi/13.3.1/../../../../arm-none-eabi/lib/thumb/v7e-m+fp/hard\libm.a(libm_a-kf_rem_pio2.o)
                0x0800a910                __kernel_rem_pio2f
 .text.scalbnf  0x0800ade0       0xcc D:/app/STM32CubeIDE/STM32CubeIDE_1.19.0/STM32CubeIDE/plugins/com.st.stm32cube.ide.mcu.externaltools.gnu-tools-for-stm32.13.3.rel1.win32_1.0.0.202411081344/tools/bin/../lib/gcc/arm-none-eabi/13.3.1/../../../../arm-none-eabi/lib/thumb/v7e-m+fp/hard\libm.a(libm_a-sf_scalbn.o)
                0x0800ade0                scalbnf
 .text.floorf   0x0800aeac       0x88 D:/app/STM32CubeIDE/STM32CubeIDE_1.19.0/STM32CubeIDE/plugins/com.st.stm32cube.ide.mcu.externaltools.gnu-tools-for-stm32.13.3.rel1.win32_1.0.0.202411081344/tools/bin/../lib/gcc/arm-none-eabi/13.3.1/../../../../arm-none-eabi/lib/thumb/v7e-m+fp/hard\libm.a(libm_a-sf_floor.o)
                0x0800aeac                floorf
 *(.glue_7)
 .glue_7        0x0800af34        0x0 linker stubs
 *(.glue_7t)
 .glue_7t       0x0800af34        0x0 linker stubs
 *(.eh_frame)
 .eh_frame      0x0800af34        0x0 D:/app/STM32CubeIDE/STM32CubeIDE_1.19.0/STM32CubeIDE/plugins/com.st.stm32cube.ide.mcu.externaltools.gnu-tools-for-stm32.13.3.rel1.win32_1.0.0.202411081344/tools/bin/../lib/gcc/arm-none-eabi/13.3.1/thumb/v7e-m+fp/hard/crtbegin.o
 *(.init)
 .init          0x0800af34        0x4 D:/app/STM32CubeIDE/STM32CubeIDE_1.19.0/STM32CubeIDE/plugins/com.st.stm32cube.ide.mcu.externaltools.gnu-tools-for-stm32.13.3.rel1.win32_1.0.0.202411081344/tools/bin/../lib/gcc/arm-none-eabi/13.3.1/thumb/v7e-m+fp/hard/crti.o
                0x0800af34                _init
 .init          0x0800af38        0x8 D:/app/STM32CubeIDE/STM32CubeIDE_1.19.0/STM32CubeIDE/plugins/com.st.stm32cube.ide.mcu.externaltools.gnu-tools-for-stm32.13.3.rel1.win32_1.0.0.202411081344/tools/bin/../lib/gcc/arm-none-eabi/13.3.1/thumb/v7e-m+fp/hard/crtn.o
 *(.fini)
 .fini          0x0800af40        0x4 D:/app/STM32CubeIDE/STM32CubeIDE_1.19.0/STM32CubeIDE/plugins/com.st.stm32cube.ide.mcu.externaltools.gnu-tools-for-stm32.13.3.rel1.win32_1.0.0.202411081344/tools/bin/../lib/gcc/arm-none-eabi/13.3.1/thumb/v7e-m+fp/hard/crti.o
                0x0800af40                _fini
 .fini          0x0800af44        0x8 D:/app/STM32CubeIDE/STM32CubeIDE_1.19.0/STM32CubeIDE/plugins/com.st.stm32cube.ide.mcu.externaltools.gnu-tools-for-stm32.13.3.rel1.win32_1.0.0.202411081344/tools/bin/../lib/gcc/arm-none-eabi/13.3.1/thumb/v7e-m+fp/hard/crtn.o
                0x0800af4c                        . = ALIGN (0x4)
                0x0800af4c                        _etext = .

.vfp11_veneer   0x0800af4c        0x0
 .vfp11_veneer  0x0800af4c        0x0 linker stubs

.v4_bx          0x0800af4c        0x0
 .v4_bx         0x0800af4c        0x0 linker stubs

.iplt           0x0800af4c        0x0
 .iplt          0x0800af4c        0x0 D:/app/STM32CubeIDE/STM32CubeIDE_1.19.0/STM32CubeIDE/plugins/com.st.stm32cube.ide.mcu.externaltools.gnu-tools-for-stm32.13.3.rel1.win32_1.0.0.202411081344/tools/bin/../lib/gcc/arm-none-eabi/13.3.1/thumb/v7e-m+fp/hard/crtbegin.o

.rodata         0x0800af4c      0x670
                0x0800af4c                        . = ALIGN (0x4)
 *(.rodata)
 .rodata        0x0800af4c       0x37 ./Core/Src/bt_cmd.o
 *fill*         0x0800af83        0x1 
 .rodata        0x0800af84       0x33 ./Core/Src/im948.o
 *fill*         0x0800afb7        0x1 
 .rodata        0x0800afb8       0x1d ./Core/Src/lidar.o
 *fill*         0x0800afd5        0x3 
 .rodata        0x0800afd8       0xd8 ./Core/Src/main.o
 .rodata        0x0800b0b0        0x5 ./Middlewares/Third_Party/FreeRTOS/Source/tasks.o
 *fill*         0x0800b0b5        0x3 
 .rodata        0x0800b0b8        0xd ./Middlewares/Third_Party/FreeRTOS/Source/timers.o
 *(.rodata*)
 *fill*         0x0800b0c5        0x3 
 .rodata.AHBPrescTable
                0x0800b0c8       0x10 ./Core/Src/system_stm32f4xx.o
                0x0800b0c8                AHBPrescTable
 .rodata.APBPrescTable
                0x0800b0d8        0x8 ./Core/Src/system_stm32f4xx.o
                0x0800b0d8                APBPrescTable
 .rodata.flagBitshiftOffset.0
                0x0800b0e0        0x8 ./Drivers/STM32F4xx_HAL_Driver/Src/stm32f4xx_hal_dma.o
 .rodata._ctype_
                0x0800b0e8      0x101 D:/app/STM32CubeIDE/STM32CubeIDE_1.19.0/STM32CubeIDE/plugins/com.st.stm32cube.ide.mcu.externaltools.gnu-tools-for-stm32.13.3.rel1.win32_1.0.0.202411081344/tools/bin/../lib/gcc/arm-none-eabi/13.3.1/../../../../arm-none-eabi/lib/thumb/v7e-m+fp/hard\libc_nano.a(libc_a-ctype_.o)
                0x0800b0e8                _ctype_
 *fill*         0x0800b1e9        0x3 
 .rodata.npio2_hw
                0x0800b1ec       0x80 D:/app/STM32CubeIDE/STM32CubeIDE_1.19.0/STM32CubeIDE/plugins/com.st.stm32cube.ide.mcu.externaltools.gnu-tools-for-stm32.13.3.rel1.win32_1.0.0.202411081344/tools/bin/../lib/gcc/arm-none-eabi/13.3.1/../../../../arm-none-eabi/lib/thumb/v7e-m+fp/hard\libm.a(libm_a-ef_rem_pio2.o)
 .rodata.two_over_pi
                0x0800b26c      0x318 D:/app/STM32CubeIDE/STM32CubeIDE_1.19.0/STM32CubeIDE/plugins/com.st.stm32cube.ide.mcu.externaltools.gnu-tools-for-stm32.13.3.rel1.win32_1.0.0.202411081344/tools/bin/../lib/gcc/arm-none-eabi/13.3.1/../../../../arm-none-eabi/lib/thumb/v7e-m+fp/hard\libm.a(libm_a-ef_rem_pio2.o)
 .rodata.PIo2   0x0800b584       0x2c D:/app/STM32CubeIDE/STM32CubeIDE_1.19.0/STM32CubeIDE/plugins/com.st.stm32cube.ide.mcu.externaltools.gnu-tools-for-stm32.13.3.rel1.win32_1.0.0.202411081344/tools/bin/../lib/gcc/arm-none-eabi/13.3.1/../../../../arm-none-eabi/lib/thumb/v7e-m+fp/hard\libm.a(libm_a-kf_rem_pio2.o)
 .rodata.init_jk
                0x0800b5b0        0xc D:/app/STM32CubeIDE/STM32CubeIDE_1.19.0/STM32CubeIDE/plugins/com.st.stm32cube.ide.mcu.externaltools.gnu-tools-for-stm32.13.3.rel1.win32_1.0.0.202411081344/tools/bin/../lib/gcc/arm-none-eabi/13.3.1/../../../../arm-none-eabi/lib/thumb/v7e-m+fp/hard\libm.a(libm_a-kf_rem_pio2.o)
                0x0800b5bc                        . = ALIGN (0x4)

.ARM.extab      0x0800b5bc        0x0
                0x0800b5bc                        . = ALIGN (0x4)
 *(.ARM.extab* .gnu.linkonce.armextab.*)
                0x0800b5bc                        . = ALIGN (0x4)

.ARM            0x0800b5bc        0x8
                0x0800b5bc                        . = ALIGN (0x4)
                0x0800b5bc                        __exidx_start = .
 *(.ARM.exidx*)
 .ARM.exidx     0x0800b5bc        0x8 D:/app/STM32CubeIDE/STM32CubeIDE_1.19.0/STM32CubeIDE/plugins/com.st.stm32cube.ide.mcu.externaltools.gnu-tools-for-stm32.13.3.rel1.win32_1.0.0.202411081344/tools/bin/../lib/gcc/arm-none-eabi/13.3.1/../../../../arm-none-eabi/lib/thumb/v7e-m+fp/hard\libc_nano.a(libc_a-strlen.o)
 .ARM.exidx     0x0800b5c4        0x0 D:/app/STM32CubeIDE/STM32CubeIDE_1.19.0/STM32CubeIDE/plugins/com.st.stm32cube.ide.mcu.externaltools.gnu-tools-for-stm32.13.3.rel1.win32_1.0.0.202411081344/tools/bin/../lib/gcc/arm-none-eabi/13.3.1/thumb/v7e-m+fp/hard\libgcc.a(_udivmoddi4.o)
                                  0x8 (size before relaxing)
                0x0800b5c4                        __exidx_end = .
                0x0800b5c4                        . = ALIGN (0x4)

.preinit_array  0x0800b5c4        0x0
                0x0800b5c4                        . = ALIGN (0x4)
                0x0800b5c4                        PROVIDE (__preinit_array_start = .)
 *(.preinit_array*)
                0x0800b5c4                        PROVIDE (__preinit_array_end = .)
                0x0800b5c4                        . = ALIGN (0x4)

.init_array     0x0800b5c4        0x4
                0x0800b5c4                        . = ALIGN (0x4)
                0x0800b5c4                        PROVIDE (__init_array_start = .)
 *(SORT_BY_NAME(.init_array.*))
 *(.init_array*)
 .init_array    0x0800b5c4        0x4 D:/app/STM32CubeIDE/STM32CubeIDE_1.19.0/STM32CubeIDE/plugins/com.st.stm32cube.ide.mcu.externaltools.gnu-tools-for-stm32.13.3.rel1.win32_1.0.0.202411081344/tools/bin/../lib/gcc/arm-none-eabi/13.3.1/thumb/v7e-m+fp/hard/crtbegin.o
                0x0800b5c8                        PROVIDE (__init_array_end = .)
                0x0800b5c8                        . = ALIGN (0x4)

.fini_array     0x0800b5c8        0x4
                0x0800b5c8                        . = ALIGN (0x4)
                [!provide]                        PROVIDE (__fini_array_start = .)
 *(SORT_BY_NAME(.fini_array.*))
 *(.fini_array*)
 .fini_array    0x0800b5c8        0x4 D:/app/STM32CubeIDE/STM32CubeIDE_1.19.0/STM32CubeIDE/plugins/com.st.stm32cube.ide.mcu.externaltools.gnu-tools-for-stm32.13.3.rel1.win32_1.0.0.202411081344/tools/bin/../lib/gcc/arm-none-eabi/13.3.1/thumb/v7e-m+fp/hard/crtbegin.o
                [!provide]                        PROVIDE (__fini_array_end = .)
                0x0800b5cc                        . = ALIGN (0x4)
                0x0800b5cc                        _sidata = LOADADDR (.data)

.rel.dyn        0x0800b5cc        0x0
 .rel.iplt      0x0800b5cc        0x0 D:/app/STM32CubeIDE/STM32CubeIDE_1.19.0/STM32CubeIDE/plugins/com.st.stm32cube.ide.mcu.externaltools.gnu-tools-for-stm32.13.3.rel1.win32_1.0.0.202411081344/tools/bin/../lib/gcc/arm-none-eabi/13.3.1/thumb/v7e-m+fp/hard/crtbegin.o

.data           0x20000000       0x84 load address 0x0800b5cc
                0x20000000                        . = ALIGN (0x4)
                0x20000000                        _sdata = .
 *(.data)
 *(.data*)
 .data.cmd_current
                0x20000000        0x1 ./Core/Src/bt_cmd.o
                0x20000000                cmd_current
 *fill*         0x20000001        0x3 
 .data.moveDirection
                0x20000004        0x4 ./Core/Src/bt_cmd.o
 .data.targetDeviceAddress
                0x20000008        0x1 ./Core/Src/im948.o
                0x20000008                targetDeviceAddress
 *fill*         0x20000009        0x3 
 .data.motor_left_dir
                0x2000000c        0x4 ./Core/Src/motor.o
                0x2000000c                motor_left_dir
 .data.motor_right_dir
                0x20000010        0x4 ./Core/Src/motor.o
                0x20000010                motor_right_dir
 .data.motor_current_cmd
                0x20000014        0x1 ./Core/Src/motor.o
                0x20000014                motor_current_cmd
 *fill*         0x20000015        0x3 
 .data.SystemCoreClock
                0x20000018        0x4 ./Core/Src/system_stm32f4xx.o
                0x20000018                SystemCoreClock
 .data.uwTickPrio
                0x2000001c        0x4 ./Drivers/STM32F4xx_HAL_Driver/Src/stm32f4xx_hal.o
                0x2000001c                uwTickPrio
 .data.uwTickFreq
                0x20000020        0x1 ./Drivers/STM32F4xx_HAL_Driver/Src/stm32f4xx_hal.o
                0x20000020                uwTickFreq
 *fill*         0x20000021        0x3 
 .data.uxCriticalNesting
                0x20000024        0x4 ./Middlewares/Third_Party/FreeRTOS/Source/portable/GCC/ARM_CM4F/port.o
 .data.__sglue  0x20000028        0xc D:/app/STM32CubeIDE/STM32CubeIDE_1.19.0/STM32CubeIDE/plugins/com.st.stm32cube.ide.mcu.externaltools.gnu-tools-for-stm32.13.3.rel1.win32_1.0.0.202411081344/tools/bin/../lib/gcc/arm-none-eabi/13.3.1/../../../../arm-none-eabi/lib/thumb/v7e-m+fp/hard\libc_nano.a(libc_a-findfp.o)
                0x20000028                __sglue
 .data._impure_ptr
                0x20000034        0x4 D:/app/STM32CubeIDE/STM32CubeIDE_1.19.0/STM32CubeIDE/plugins/com.st.stm32cube.ide.mcu.externaltools.gnu-tools-for-stm32.13.3.rel1.win32_1.0.0.202411081344/tools/bin/../lib/gcc/arm-none-eabi/13.3.1/../../../../arm-none-eabi/lib/thumb/v7e-m+fp/hard\libc_nano.a(libc_a-impure.o)
                0x20000034                _impure_ptr
 .data._impure_data
                0x20000038       0x4c D:/app/STM32CubeIDE/STM32CubeIDE_1.19.0/STM32CubeIDE/plugins/com.st.stm32cube.ide.mcu.externaltools.gnu-tools-for-stm32.13.3.rel1.win32_1.0.0.202411081344/tools/bin/../lib/gcc/arm-none-eabi/13.3.1/../../../../arm-none-eabi/lib/thumb/v7e-m+fp/hard\libc_nano.a(libc_a-impure.o)
                0x20000038                _impure_data
 *(.RamFunc)
 *(.RamFunc*)
                0x20000084                        . = ALIGN (0x4)
                0x20000084                        _edata = .

.igot.plt       0x20000084        0x0 load address 0x0800b650
 .igot.plt      0x20000084        0x0 D:/app/STM32CubeIDE/STM32CubeIDE_1.19.0/STM32CubeIDE/plugins/com.st.stm32cube.ide.mcu.externaltools.gnu-tools-for-stm32.13.3.rel1.win32_1.0.0.202411081344/tools/bin/../lib/gcc/arm-none-eabi/13.3.1/thumb/v7e-m+fp/hard/crtbegin.o
                0x20000084                        . = ALIGN (0x4)

.bss            0x20000084     0x79c4 load address 0x0800b650
                0x20000084                        _sbss = .
                0x20000084                        __bss_start__ = _sbss
 *(.bss)
 .bss           0x20000084       0x1c D:/app/STM32CubeIDE/STM32CubeIDE_1.19.0/STM32CubeIDE/plugins/com.st.stm32cube.ide.mcu.externaltools.gnu-tools-for-stm32.13.3.rel1.win32_1.0.0.202411081344/tools/bin/../lib/gcc/arm-none-eabi/13.3.1/thumb/v7e-m+fp/hard/crtbegin.o
 *(.bss*)
 .bss.headingPID
                0x200000a0       0x28 ./Core/Src/bt_cmd.o
 .bss.velDiffPID
                0x200000c8       0x28 ./Core/Src/bt_cmd.o
 .bss.turnPID   0x200000f0       0x28 ./Core/Src/bt_cmd.o
 .bss.turnState
                0x20000118        0x1 ./Core/Src/bt_cmd.o
                0x20000118                turnState
 .bss.moveState
                0x20000119        0x1 ./Core/Src/bt_cmd.o
                0x20000119                moveState
 .bss.cmd_active
                0x2000011a        0x1 ./Core/Src/bt_cmd.o
                0x2000011a                cmd_active
 .bss.cmd_continuous
                0x2000011b        0x1 ./Core/Src/bt_cmd.o
                0x2000011b                cmd_continuous
 .bss.cmd_last_time
                0x2000011c        0x4 ./Core/Src/bt_cmd.o
                0x2000011c                cmd_last_time
 .bss.targetYaw
                0x20000120        0x4 ./Core/Src/bt_cmd.o
                0x20000120                targetYaw
 .bss.targetTurnAngle
                0x20000124        0x4 ./Core/Src/bt_cmd.o
 .bss.turnStartTime
                0x20000128        0x4 ./Core/Src/bt_cmd.o
 .bss.startOdomX
                0x2000012c        0x4 ./Core/Src/bt_cmd.o
 .bss.startOdomY
                0x20000130        0x4 ./Core/Src/bt_cmd.o
 .bss.targetDistance
                0x20000134        0x4 ./Core/Src/bt_cmd.o
 .bss.moveStartTime
                0x20000138        0x4 ./Core/Src/bt_cmd.o
 .bss.cmdBuf    0x2000013c       0x10 ./Core/Src/bt_cmd.o
 .bss.cmdBufLen
                0x2000014c        0x1 ./Core/Src/bt_cmd.o
 *fill*         0x2000014d        0x3 
 .bss.encoder_left_ticks
                0x20000150        0x4 ./Core/Src/encoder.o
                0x20000150                encoder_left_ticks
 .bss.encoder_right_ticks
                0x20000154        0x4 ./Core/Src/encoder.o
                0x20000154                encoder_right_ticks
 .bss.encoder_left_delta
                0x20000158        0x4 ./Core/Src/encoder.o
                0x20000158                encoder_left_delta
 .bss.encoder_right_delta
                0x2000015c        0x4 ./Core/Src/encoder.o
                0x2000015c                encoder_right_delta
 .bss.odom_x    0x20000160        0x4 ./Core/Src/encoder.o
                0x20000160                odom_x
 .bss.odom_y    0x20000164        0x4 ./Core/Src/encoder.o
                0x20000164                odom_y
 .bss.odom_theta
                0x20000168        0x4 ./Core/Src/encoder.o
                0x20000168                odom_theta
 .bss.last_cnt_left
                0x2000016c        0x2 ./Core/Src/encoder.o
 .bss.last_cnt_right
                0x2000016e        0x2 ./Core/Src/encoder.o
 .bss.xIdleTaskTCBBuffer
                0x20000170       0x54 ./Core/Src/freertos.o
 .bss.xIdleStack
                0x200001c4      0x200 ./Core/Src/freertos.o
 .bss.xTimerTaskTCBBuffer
                0x200003c4       0x54 ./Core/Src/freertos.o
 .bss.xTimerStack
                0x20000418      0x400 ./Core/Src/freertos.o
 .bss.imu_buffer
                0x20000818      0x640 ./Core/Src/im948.o
                0x20000818                imu_buffer
 .bss.imu_buffer_head
                0x20000e58        0x1 ./Core/Src/im948.o
                0x20000e58                imu_buffer_head
 .bss.imu_buffer_tail
                0x20000e59        0x1 ./Core/Src/im948.o
                0x20000e59                imu_buffer_tail
 *fill*         0x20000e5a        0x2 
 .bss.AngleX    0x20000e5c        0x4 ./Core/Src/im948.o
                0x20000e5c                AngleX
 .bss.AngleY    0x20000e60        0x4 ./Core/Src/im948.o
                0x20000e60                AngleY
 .bss.AngleZ    0x20000e64        0x4 ./Core/Src/im948.o
                0x20000e64                AngleZ
 .bss.OffsetX   0x20000e68        0x4 ./Core/Src/im948.o
                0x20000e68                OffsetX
 .bss.OffsetY   0x20000e6c        0x4 ./Core/Src/im948.o
                0x20000e6c                OffsetY
 .bss.OffsetZ   0x20000e70        0x4 ./Core/Src/im948.o
                0x20000e70                OffsetZ
 .bss.isNewData
                0x20000e74        0x1 ./Core/Src/im948.o
                0x20000e74                isNewData
 .bss.CS.3      0x20000e75        0x1 ./Core/Src/im948.o
 .bss.RxIndex.2
                0x20000e76        0x1 ./Core/Src/im948.o
 .bss.i.1       0x20000e77        0x1 ./Core/Src/im948.o
 .bss.buf.0     0x20000e78       0x4e ./Core/Src/im948.o
 .bss.lidar_scanning
                0x20000ec6        0x1 ./Core/Src/lidar.o
 *fill*         0x20000ec7        0x1 
 .bss.rx_buf    0x20000ec8        0x5 ./Core/Src/lidar.o
 .bss.rx_idx    0x20000ecd        0x1 ./Core/Src/lidar.o
 *fill*         0x20000ece        0x2 
 .bss.point_count
                0x20000ed0        0x4 ./Core/Src/lidar.o
 .bss.htim1     0x20000ed4       0x48 ./Core/Src/main.o
                0x20000ed4                htim1
 .bss.htim2     0x20000f1c       0x48 ./Core/Src/main.o
                0x20000f1c                htim2
 .bss.htim3     0x20000f64       0x48 ./Core/Src/main.o
                0x20000f64                htim3
 .bss.huart4    0x20000fac       0x48 ./Core/Src/main.o
                0x20000fac                huart4
 .bss.huart5    0x20000ff4       0x48 ./Core/Src/main.o
                0x20000ff4                huart5
 .bss.huart1    0x2000103c       0x48 ./Core/Src/main.o
                0x2000103c                huart1
 .bss.huart2    0x20001084       0x48 ./Core/Src/main.o
                0x20001084                huart2
 .bss.hdma_uart4_rx
                0x200010cc       0x60 ./Core/Src/main.o
                0x200010cc                hdma_uart4_rx
 .bss.hdma_uart5_rx
                0x2000112c       0x60 ./Core/Src/main.o
                0x2000112c                hdma_uart5_rx
 .bss.hdma_usart1_rx
                0x2000118c       0x60 ./Core/Src/main.o
                0x2000118c                hdma_usart1_rx
 .bss.hdma_usart2_rx
                0x200011ec       0x60 ./Core/Src/main.o
                0x200011ec                hdma_usart2_rx
 .bss.defaultTaskHandle
                0x2000124c        0x4 ./Core/Src/main.o
                0x2000124c                defaultTaskHandle
 .bss.motor_left_duty
                0x20001250        0x4 ./Core/Src/motor.o
                0x20001250                motor_left_duty
 .bss.motor_right_duty
                0x20001254        0x4 ./Core/Src/motor.o
                0x20001254                motor_right_duty
 .bss.motor_cmd_active
                0x20001258        0x1 ./Core/Src/motor.o
                0x20001258                motor_cmd_active
 *fill*         0x20001259        0x3 
 .bss.__sbrk_heap_end
                0x2000125c        0x4 ./Core/Src/sysmem.o
 .bss.imu_rx_buf
                0x20001260      0x100 ./Core/Src/uart_device.o
                0x20001260                imu_rx_buf
 .bss.bt_rx_buf
                0x20001360      0x100 ./Core/Src/uart_device.o
                0x20001360                bt_rx_buf
 .bss.lidar_rx_buf
                0x20001460      0x200 ./Core/Src/uart_device.o
                0x20001460                lidar_rx_buf
 .bss.imu_rx_old_pos
                0x20001660        0x2 ./Core/Src/uart_device.o
                0x20001660                imu_rx_old_pos
 .bss.bt_rx_old_pos
                0x20001662        0x2 ./Core/Src/uart_device.o
                0x20001662                bt_rx_old_pos
 .bss.lidar_rx_old_pos
                0x20001664        0x2 ./Core/Src/uart_device.o
                0x20001664                lidar_rx_old_pos
 *fill*         0x20001666        0x2 
 .bss.uwTick    0x20001668        0x4 ./Drivers/STM32F4xx_HAL_Driver/Src/stm32f4xx_hal.o
                0x20001668                uwTick
 .bss.xQueueRegistry
                0x2000166c       0x40 ./Middlewares/Third_Party/FreeRTOS/Source/queue.o
                0x2000166c                xQueueRegistry
 .bss.pxCurrentTCB
                0x200016ac        0x4 ./Middlewares/Third_Party/FreeRTOS/Source/tasks.o
                0x200016ac                pxCurrentTCB
 .bss.pxReadyTasksLists
                0x200016b0       0x8c ./Middlewares/Third_Party/FreeRTOS/Source/tasks.o
 .bss.xDelayedTaskList1
                0x2000173c       0x14 ./Middlewares/Third_Party/FreeRTOS/Source/tasks.o
 .bss.xDelayedTaskList2
                0x20001750       0x14 ./Middlewares/Third_Party/FreeRTOS/Source/tasks.o
 .bss.pxDelayedTaskList
                0x20001764        0x4 ./Middlewares/Third_Party/FreeRTOS/Source/tasks.o
 .bss.pxOverflowDelayedTaskList
                0x20001768        0x4 ./Middlewares/Third_Party/FreeRTOS/Source/tasks.o
 .bss.xPendingReadyList
                0x2000176c       0x14 ./Middlewares/Third_Party/FreeRTOS/Source/tasks.o
 .bss.xTasksWaitingTermination
                0x20001780       0x14 ./Middlewares/Third_Party/FreeRTOS/Source/tasks.o
 .bss.uxDeletedTasksWaitingCleanUp
                0x20001794        0x4 ./Middlewares/Third_Party/FreeRTOS/Source/tasks.o
 .bss.xSuspendedTaskList
                0x20001798       0x14 ./Middlewares/Third_Party/FreeRTOS/Source/tasks.o
 .bss.uxCurrentNumberOfTasks
                0x200017ac        0x4 ./Middlewares/Third_Party/FreeRTOS/Source/tasks.o
 .bss.xTickCount
                0x200017b0        0x4 ./Middlewares/Third_Party/FreeRTOS/Source/tasks.o
 .bss.uxTopReadyPriority
                0x200017b4        0x4 ./Middlewares/Third_Party/FreeRTOS/Source/tasks.o
 .bss.xSchedulerRunning
                0x200017b8        0x4 ./Middlewares/Third_Party/FreeRTOS/Source/tasks.o
 .bss.xPendedTicks
                0x200017bc        0x4 ./Middlewares/Third_Party/FreeRTOS/Source/tasks.o
 .bss.xYieldPending
                0x200017c0        0x4 ./Middlewares/Third_Party/FreeRTOS/Source/tasks.o
 .bss.xNumOfOverflows
                0x200017c4        0x4 ./Middlewares/Third_Party/FreeRTOS/Source/tasks.o
 .bss.uxTaskNumber
                0x200017c8        0x4 ./Middlewares/Third_Party/FreeRTOS/Source/tasks.o
 .bss.xNextTaskUnblockTime
                0x200017cc        0x4 ./Middlewares/Third_Party/FreeRTOS/Source/tasks.o
 .bss.xIdleTaskHandle
                0x200017d0        0x4 ./Middlewares/Third_Party/FreeRTOS/Source/tasks.o
 .bss.uxSchedulerSuspended
                0x200017d4        0x4 ./Middlewares/Third_Party/FreeRTOS/Source/tasks.o
 .bss.xActiveTimerList1
                0x200017d8       0x14 ./Middlewares/Third_Party/FreeRTOS/Source/timers.o
 .bss.xActiveTimerList2
                0x200017ec       0x14 ./Middlewares/Third_Party/FreeRTOS/Source/timers.o
 .bss.pxCurrentTimerList
                0x20001800        0x4 ./Middlewares/Third_Party/FreeRTOS/Source/timers.o
 .bss.pxOverflowTimerList
                0x20001804        0x4 ./Middlewares/Third_Party/FreeRTOS/Source/timers.o
 .bss.xTimerQueue
                0x20001808        0x4 ./Middlewares/Third_Party/FreeRTOS/Source/timers.o
 .bss.xTimerTaskHandle
                0x2000180c        0x4 ./Middlewares/Third_Party/FreeRTOS/Source/timers.o
 .bss.xLastTime.2
                0x20001810        0x4 ./Middlewares/Third_Party/FreeRTOS/Source/timers.o
 .bss.ucStaticTimerQueueStorage.1
                0x20001814       0x78 ./Middlewares/Third_Party/FreeRTOS/Source/timers.o
 .bss.xStaticTimerQueue.0
                0x2000188c       0x48 ./Middlewares/Third_Party/FreeRTOS/Source/timers.o
 .bss.ucMaxSysCallPriority
                0x200018d4        0x1 ./Middlewares/Third_Party/FreeRTOS/Source/portable/GCC/ARM_CM4F/port.o
 *fill*         0x200018d5        0x3 
 .bss.ulMaxPRIGROUPValue
                0x200018d8        0x4 ./Middlewares/Third_Party/FreeRTOS/Source/portable/GCC/ARM_CM4F/port.o
 .bss.ucHeap    0x200018dc     0x6000 ./Middlewares/Third_Party/FreeRTOS/Source/portable/MemMang/heap_4.o
 .bss.xStart    0x200078dc        0x8 ./Middlewares/Third_Party/FreeRTOS/Source/portable/MemMang/heap_4.o
 .bss.pxEnd     0x200078e4        0x4 ./Middlewares/Third_Party/FreeRTOS/Source/portable/MemMang/heap_4.o
 .bss.xFreeBytesRemaining
                0x200078e8        0x4 ./Middlewares/Third_Party/FreeRTOS/Source/portable/MemMang/heap_4.o
 .bss.xMinimumEverFreeBytesRemaining
                0x200078ec        0x4 ./Middlewares/Third_Party/FreeRTOS/Source/portable/MemMang/heap_4.o
 .bss.xNumberOfSuccessfulAllocations
                0x200078f0        0x4 ./Middlewares/Third_Party/FreeRTOS/Source/portable/MemMang/heap_4.o
 .bss.xNumberOfSuccessfulFrees
                0x200078f4        0x4 ./Middlewares/Third_Party/FreeRTOS/Source/portable/MemMang/heap_4.o
 .bss.xBlockAllocatedBit
                0x200078f8        0x4 ./Middlewares/Third_Party/FreeRTOS/Source/portable/MemMang/heap_4.o
 .bss.__sf      0x200078fc      0x138 D:/app/STM32CubeIDE/STM32CubeIDE_1.19.0/STM32CubeIDE/plugins/com.st.stm32cube.ide.mcu.externaltools.gnu-tools-for-stm32.13.3.rel1.win32_1.0.0.202411081344/tools/bin/../lib/gcc/arm-none-eabi/13.3.1/../../../../arm-none-eabi/lib/thumb/v7e-m+fp/hard\libc_nano.a(libc_a-findfp.o)
                0x200078fc                __sf
 .bss.__stdio_exit_handler
                0x20007a34        0x4 D:/app/STM32CubeIDE/STM32CubeIDE_1.19.0/STM32CubeIDE/plugins/com.st.stm32cube.ide.mcu.externaltools.gnu-tools-for-stm32.13.3.rel1.win32_1.0.0.202411081344/tools/bin/../lib/gcc/arm-none-eabi/13.3.1/../../../../arm-none-eabi/lib/thumb/v7e-m+fp/hard\libc_nano.a(libc_a-findfp.o)
                0x20007a34                __stdio_exit_handler
 .bss.errno     0x20007a38        0x4 D:/app/STM32CubeIDE/STM32CubeIDE_1.19.0/STM32CubeIDE/plugins/com.st.stm32cube.ide.mcu.externaltools.gnu-tools-for-stm32.13.3.rel1.win32_1.0.0.202411081344/tools/bin/../lib/gcc/arm-none-eabi/13.3.1/../../../../arm-none-eabi/lib/thumb/v7e-m+fp/hard\libc_nano.a(libc_a-reent.o)
                0x20007a38                errno
 .bss.__lock___malloc_recursive_mutex
                0x20007a3c        0x1 D:/app/STM32CubeIDE/STM32CubeIDE_1.19.0/STM32CubeIDE/plugins/com.st.stm32cube.ide.mcu.externaltools.gnu-tools-for-stm32.13.3.rel1.win32_1.0.0.202411081344/tools/bin/../lib/gcc/arm-none-eabi/13.3.1/../../../../arm-none-eabi/lib/thumb/v7e-m+fp/hard\libc_nano.a(libc_a-lock.o)
                0x20007a3c                __lock___malloc_recursive_mutex
 .bss.__lock___sfp_recursive_mutex
                0x20007a3d        0x1 D:/app/STM32CubeIDE/STM32CubeIDE_1.19.0/STM32CubeIDE/plugins/com.st.stm32cube.ide.mcu.externaltools.gnu-tools-for-stm32.13.3.rel1.win32_1.0.0.202411081344/tools/bin/../lib/gcc/arm-none-eabi/13.3.1/../../../../arm-none-eabi/lib/thumb/v7e-m+fp/hard\libc_nano.a(libc_a-lock.o)
                0x20007a3d                __lock___sfp_recursive_mutex
 *fill*         0x20007a3e        0x2 
 .bss.__malloc_sbrk_start
                0x20007a40        0x4 D:/app/STM32CubeIDE/STM32CubeIDE_1.19.0/STM32CubeIDE/plugins/com.st.stm32cube.ide.mcu.externaltools.gnu-tools-for-stm32.13.3.rel1.win32_1.0.0.202411081344/tools/bin/../lib/gcc/arm-none-eabi/13.3.1/../../../../arm-none-eabi/lib/thumb/v7e-m+fp/hard\libc_nano.a(libc_a-mallocr.o)